../Core/Src/lcd.c:15:26:lcd_tx	16	static
../Core/Src/lcd.c:24:26:lcd_write_repeated_565	152	static
../Core/Src/lcd.c:50:26:lcd_write_repeated_666	216	static
../Core/Src/lcd.c:80:19:LCD_GPIO_Init	40	static
../Core/Src/lcd.c:109:19:MX_SPI3_LCD_Init	16	static
../Core/Src/lcd.c:131:19:LCD_Board_Init	8	static
../Core/Src/lcd.c:144:19:LCD_WriteCommand	16	static
../Core/Src/lcd.c:158:19:LCD_WriteData	16	static
../Core/Src/lcd.c:172:19:LCD_WriteBuffer	16	static
../Core/Src/lcd.c:186:6:LCD_Reset	8	static
../Core/Src/lcd.c:194:6:LCD_BacklightSet	16	static
../Core/Src/lcd.c:199:6:LCD_BacklightOn	8	static
../Core/Src/lcd.c:204:6:LCD_BacklightOff	8	static
../Core/Src/lcd.c:209:19:LCD_Test_Simple	8	static
../Core/Src/lcd.c:244:19:LCD_ILI9488_InitBasic	8	static
../Core/Src/lcd.c:277:19:LCD_ILI9488_SetAddressWindow	32	static
../Core/Src/lcd.c:311:19:LCD_ILI9488_FillColor	16	static
../Core/Src/lcd.c:332:19:LCD_ILI9488_FillRect	32	static
../Core/Src/lcd.c:376:19:LCD_Test_ILI9488	24	static
