../Core/Src/touch_xpt2046.c:14:13:touch_deselect_all	8	static
../Core/Src/touch_xpt2046.c:20:26:touch_read_value	32	static
../Core/Src/touch_xpt2046.c:37:26:touch_spi_set_prescaler	16	static
../Core/Src/touch_xpt2046.c:56:26:touch_read_raw_once	24	static
../Core/Src/touch_xpt2046.c:80:17:touch_map_axis	24	static
../Core/Src/touch_xpt2046.c:99:19:Touch_XPT2046_Init	40	static
../Core/Src/touch_xpt2046.c:122:15:Touch_XPT2046_ReadIrq	8	static
../Core/Src/touch_xpt2046.c:127:9:Touch_XPT2046_IsPressed	8	static
../Core/Src/touch_xpt2046.c:132:19:Touch_XPT2046_ReadRaw	64	static
../Core/Src/touch_xpt2046.c:218:19:Touch_XPT2046_ReadState	24	static
