Archive member included to satisfy reference by file (symbol)

C:/ST/STM32CubeIDE_1.19.0/STM32CubeIDE/plugins/com.st.stm32cube.ide.mcu.externaltools.gnu-tools-for-stm32.13.3.rel1.win32_1.0.0.202411081344/tools/bin/../lib/gcc/arm-none-eabi/13.3.1/../../../../arm-none-eabi/lib/thumb/v7e-m+fp/hard\libc_nano.a(libc_a-exit.o)
                              C:/ST/STM32CubeIDE_1.19.0/STM32CubeIDE/plugins/com.st.stm32cube.ide.mcu.externaltools.gnu-tools-for-stm32.13.3.rel1.win32_1.0.0.202411081344/tools/bin/../lib/gcc/arm-none-eabi/13.3.1/../../../../arm-none-eabi/lib/thumb/v7e-m+fp/hard/crt0.o (exit)
C:/ST/STM32CubeIDE_1.19.0/STM32CubeIDE/plugins/com.st.stm32cube.ide.mcu.externaltools.gnu-tools-for-stm32.13.3.rel1.win32_1.0.0.202411081344/tools/bin/../lib/gcc/arm-none-eabi/13.3.1/../../../../arm-none-eabi/lib/thumb/v7e-m+fp/hard\libc_nano.a(libc_a-findfp.o)
                              C:/ST/STM32CubeIDE_1.19.0/STM32CubeIDE/plugins/com.st.stm32cube.ide.mcu.externaltools.gnu-tools-for-stm32.13.3.rel1.win32_1.0.0.202411081344/tools/bin/../lib/gcc/arm-none-eabi/13.3.1/../../../../arm-none-eabi/lib/thumb/v7e-m+fp/hard\libc_nano.a(libc_a-exit.o) (__stdio_exit_handler)
C:/ST/STM32CubeIDE_1.19.0/STM32CubeIDE/plugins/com.st.stm32cube.ide.mcu.externaltools.gnu-tools-for-stm32.13.3.rel1.win32_1.0.0.202411081344/tools/bin/../lib/gcc/arm-none-eabi/13.3.1/../../../../arm-none-eabi/lib/thumb/v7e-m+fp/hard\libc_nano.a(libc_a-fwalk.o)
                              C:/ST/STM32CubeIDE_1.19.0/STM32CubeIDE/plugins/com.st.stm32cube.ide.mcu.externaltools.gnu-tools-for-stm32.13.3.rel1.win32_1.0.0.202411081344/tools/bin/../lib/gcc/arm-none-eabi/13.3.1/../../../../arm-none-eabi/lib/thumb/v7e-m+fp/hard\libc_nano.a(libc_a-findfp.o) (_fwalk_sglue)
C:/ST/STM32CubeIDE_1.19.0/STM32CubeIDE/plugins/com.st.stm32cube.ide.mcu.externaltools.gnu-tools-for-stm32.13.3.rel1.win32_1.0.0.202411081344/tools/bin/../lib/gcc/arm-none-eabi/13.3.1/../../../../arm-none-eabi/lib/thumb/v7e-m+fp/hard\libc_nano.a(libc_a-stdio.o)
                              C:/ST/STM32CubeIDE_1.19.0/STM32CubeIDE/plugins/com.st.stm32cube.ide.mcu.externaltools.gnu-tools-for-stm32.13.3.rel1.win32_1.0.0.202411081344/tools/bin/../lib/gcc/arm-none-eabi/13.3.1/../../../../arm-none-eabi/lib/thumb/v7e-m+fp/hard\libc_nano.a(libc_a-findfp.o) (__sread)
C:/ST/STM32CubeIDE_1.19.0/STM32CubeIDE/plugins/com.st.stm32cube.ide.mcu.externaltools.gnu-tools-for-stm32.13.3.rel1.win32_1.0.0.202411081344/tools/bin/../lib/gcc/arm-none-eabi/13.3.1/../../../../arm-none-eabi/lib/thumb/v7e-m+fp/hard\libc_nano.a(libc_a-memset.o)
                              C:/ST/STM32CubeIDE_1.19.0/STM32CubeIDE/plugins/com.st.stm32cube.ide.mcu.externaltools.gnu-tools-for-stm32.13.3.rel1.win32_1.0.0.202411081344/tools/bin/../lib/gcc/arm-none-eabi/13.3.1/../../../../arm-none-eabi/lib/thumb/v7e-m+fp/hard/crt0.o (memset)
C:/ST/STM32CubeIDE_1.19.0/STM32CubeIDE/plugins/com.st.stm32cube.ide.mcu.externaltools.gnu-tools-for-stm32.13.3.rel1.win32_1.0.0.202411081344/tools/bin/../lib/gcc/arm-none-eabi/13.3.1/../../../../arm-none-eabi/lib/thumb/v7e-m+fp/hard\libc_nano.a(libc_a-closer.o)
                              C:/ST/STM32CubeIDE_1.19.0/STM32CubeIDE/plugins/com.st.stm32cube.ide.mcu.externaltools.gnu-tools-for-stm32.13.3.rel1.win32_1.0.0.202411081344/tools/bin/../lib/gcc/arm-none-eabi/13.3.1/../../../../arm-none-eabi/lib/thumb/v7e-m+fp/hard\libc_nano.a(libc_a-stdio.o) (_close_r)
C:/ST/STM32CubeIDE_1.19.0/STM32CubeIDE/plugins/com.st.stm32cube.ide.mcu.externaltools.gnu-tools-for-stm32.13.3.rel1.win32_1.0.0.202411081344/tools/bin/../lib/gcc/arm-none-eabi/13.3.1/../../../../arm-none-eabi/lib/thumb/v7e-m+fp/hard\libc_nano.a(libc_a-reent.o)
                              C:/ST/STM32CubeIDE_1.19.0/STM32CubeIDE/plugins/com.st.stm32cube.ide.mcu.externaltools.gnu-tools-for-stm32.13.3.rel1.win32_1.0.0.202411081344/tools/bin/../lib/gcc/arm-none-eabi/13.3.1/../../../../arm-none-eabi/lib/thumb/v7e-m+fp/hard\libc_nano.a(libc_a-closer.o) (errno)
C:/ST/STM32CubeIDE_1.19.0/STM32CubeIDE/plugins/com.st.stm32cube.ide.mcu.externaltools.gnu-tools-for-stm32.13.3.rel1.win32_1.0.0.202411081344/tools/bin/../lib/gcc/arm-none-eabi/13.3.1/../../../../arm-none-eabi/lib/thumb/v7e-m+fp/hard\libc_nano.a(libc_a-impure.o)
                              C:/ST/STM32CubeIDE_1.19.0/STM32CubeIDE/plugins/com.st.stm32cube.ide.mcu.externaltools.gnu-tools-for-stm32.13.3.rel1.win32_1.0.0.202411081344/tools/bin/../lib/gcc/arm-none-eabi/13.3.1/../../../../arm-none-eabi/lib/thumb/v7e-m+fp/hard\libc_nano.a(libc_a-reent.o) (_impure_ptr)
C:/ST/STM32CubeIDE_1.19.0/STM32CubeIDE/plugins/com.st.stm32cube.ide.mcu.externaltools.gnu-tools-for-stm32.13.3.rel1.win32_1.0.0.202411081344/tools/bin/../lib/gcc/arm-none-eabi/13.3.1/../../../../arm-none-eabi/lib/thumb/v7e-m+fp/hard\libc_nano.a(libc_a-lseekr.o)
[...]
Memory Configuration

Name             Origin             Length             Attributes
RAM              0x20000000         0x00030000         xrw
RAM2             0x10000000         0x00010000         xrw
RAM3             0x20040000         0x00060000         xrw
FLASH            0x08000000         0x00200000         xr
*default*        0x00000000         0xffffffff

Linker script and memory map

LOAD C:/ST/STM32CubeIDE_1.19.0/STM32CubeIDE/plugins/com.st.stm32cube.ide.mcu.externaltools.gnu-tools-for-stm32.13.3.rel1.win32_1.0.0.202411081344/tools/bin/../lib/gcc/arm-none-eabi/13.3.1/thumb/v7e-m+fp/hard/crti.o
LOAD C:/ST/STM32CubeIDE_1.19.0/STM32CubeIDE/plugins/com.st.stm32cube.ide.mcu.externaltools.gnu-tools-for-stm32.13.3.rel1.win32_1.0.0.202411081344/tools/bin/../lib/gcc/arm-none-eabi/13.3.1/thumb/v7e-m+fp/hard/crtbegin.o
LOAD C:/ST/STM32CubeIDE_1.19.0/STM32CubeIDE/plugins/com.st.stm32cube.ide.mcu.externaltools.gnu-tools-for-stm32.13.3.rel1.win32_1.0.0.202411081344/tools/bin/../lib/gcc/arm-none-eabi/13.3.1/../../../../arm-none-eabi/lib/thumb/v7e-m+fp/hard/crt0.o
LOAD ./Core/Src/main.o
LOAD ./Core/Src/stm32l4xx_hal_msp.o
LOAD ./Core/Src/stm32l4xx_it.o
LOAD ./Core/Src/syscalls.o
LOAD ./Core/Src/sysmem.o
LOAD ./Core/Src/system_stm32l4xx.o
LOAD ./Core/Startup/startup_stm32l4r5zitxp.o
LOAD ./Drivers/STM32L4xx_HAL_Driver/Src/stm32l4xx_hal.o
LOAD ./Drivers/STM32L4xx_HAL_Driver/Src/stm32l4xx_hal_cortex.o
LOAD ./Drivers/STM32L4xx_HAL_Driver/Src/stm32l4xx_hal_dma.o
LOAD ./Drivers/STM32L4xx_HAL_Driver/Src/stm32l4xx_hal_dma_ex.o
LOAD ./Drivers/STM32L4xx_HAL_Driver/Src/stm32l4xx_hal_exti.o
LOAD ./Drivers/STM32L4xx_HAL_Driver/Src/stm32l4xx_hal_flash.o
LOAD ./Drivers/STM32L4xx_HAL_Driver/Src/stm32l4xx_hal_flash_ex.o
LOAD ./Drivers/STM32L4xx_HAL_Driver/Src/stm32l4xx_hal_flash_ramfunc.o
LOAD ./Drivers/STM32L4xx_HAL_Driver/Src/stm32l4xx_hal_gpio.o
LOAD ./Drivers/STM32L4xx_HAL_Driver/Src/stm32l4xx_hal_i2c.o
LOAD ./Drivers/STM32L4xx_HAL_Driver/Src/stm32l4xx_hal_i2c_ex.o
LOAD ./Drivers/STM32L4xx_HAL_Driver/Src/stm32l4xx_hal_pwr.o
LOAD ./Drivers/STM32L4xx_HAL_Driver/Src/stm32l4xx_hal_pwr_ex.o
LOAD ./Drivers/STM32L4xx_HAL_Driver/Src/stm32l4xx_hal_rcc.o
LOAD ./Drivers/STM32L4xx_HAL_Driver/Src/stm32l4xx_hal_rcc_ex.o
LOAD ./Drivers/STM32L4xx_HAL_Driver/Src/stm32l4xx_hal_tim.o
LOAD ./Drivers/STM32L4xx_HAL_Driver/Src/stm32l4xx_hal_tim_ex.o
START GROUP
LOAD C:/ST/STM32CubeIDE_1.19.0/STM32CubeIDE/plugins/com.st.stm32cube.ide.mcu.externaltools.gnu-tools-for-stm32.13.3.rel1.win32_1.0.0.202411081344/tools/bin/../lib/gcc/arm-none-eabi/13.3.1/../../../../arm-none-eabi/lib/thumb/v7e-m+fp/hard\libc_nano.a
LOAD C:/ST/STM32CubeIDE_1.19.0/STM32CubeIDE/plugins/com.st.stm32cube.ide.mcu.externaltools.gnu-tools-for-stm32.13.3.rel1.win32_1.0.0.202411081344/tools/bin/../lib/gcc/arm-none-eabi/13.3.1/../../../../arm-none-eabi/lib/thumb/v7e-m+fp/hard\libm.a
END GROUP
START GROUP
LOAD C:/ST/STM32CubeIDE_1.19.0/STM32CubeIDE/plugins/com.st.stm32cube.ide.mcu.externaltools.gnu-tools-for-stm32.13.3.rel1.win32_1.0.0.202411081344/tools/bin/../lib/gcc/arm-none-eabi/13.3.1/thumb/v7e-m+fp/hard\libgcc.a
LOAD C:/ST/STM32CubeIDE_1.19.0/STM32CubeIDE/plugins/com.st.stm32cube.ide.mcu.externaltools.gnu-tools-for-stm32.13.3.rel1.win32_1.0.0.202411081344/tools/bin/../lib/gcc/arm-none-eabi/13.3.1/../../../../arm-none-eabi/lib/thumb/v7e-m+fp/hard\libc_nano.a
END GROUP
START GROUP
LOAD C:/ST/STM32CubeIDE_1.19.0/STM32CubeIDE/plugins/com.st.stm32cube.ide.mcu.externaltools.gnu-tools-for-stm32.13.3.rel1.win32_1.0.0.202411081344/tools/bin/../lib/gcc/arm-none-eabi/13.3.1/thumb/v7e-m+fp/hard\libgcc.a
LOAD C:/ST/STM32CubeIDE_1.19.0/STM32CubeIDE/plugins/com.st.stm32cube.ide.mcu.externaltools.gnu-tools-for-stm32.13.3.rel1.win32_1.0.0.202411081344/tools/bin/../lib/gcc/arm-none-eabi/13.3.1/../../../../arm-none-eabi/lib/thumb/v7e-m+fp/hard\libc_nano.a
LOAD C:/ST/STM32CubeIDE_1.19.0/STM32CubeIDE/plugins/com.st.stm32cube.ide.mcu.externaltools.gnu-tools-for-stm32.13.3.rel1.win32_1.0.0.202411081344/tools/bin/../lib/gcc/arm-none-eabi/13.3.1/../../../../arm-none-eabi/lib/thumb/v7e-m+fp/hard\libnosys.a
END GROUP
START GROUP
LOAD C:/ST/STM32CubeIDE_1.19.0/STM32CubeIDE/plugins/com.st.stm32cube.ide.mcu.externaltools.gnu-tools-for-stm32.13.3.rel1.win32_1.0.0.202411081344/tools/bin/../lib/gcc/arm-none-eabi/13.3.1/thumb/v7e-m+fp/hard\libgcc.a
LOAD C:/ST/STM32CubeIDE_1.19.0/STM32CubeIDE/plugins/com.st.stm32cube.ide.mcu.externaltools.gnu-tools-for-stm32.13.3.rel1.win32_1.0.0.202411081344/tools/bin/../lib/gcc/arm-none-eabi/13.3.1/../../../../arm-none-eabi/lib/thumb/v7e-m+fp/hard\libc_nano.a
LOAD C:/ST/STM32CubeIDE_1.19.0/STM32CubeIDE/plugins/com.st.stm32cube.ide.mcu.externaltools.gnu-tools-for-stm32.13.3.rel1.win32_1.0.0.202411081344/tools/bin/../lib/gcc/arm-none-eabi/13.3.1/../../../../arm-none-eabi/lib/thumb/v7e-m+fp/hard\libnosys.a
END GROUP
LOAD C:/ST/STM32CubeIDE_1.19.0/STM32CubeIDE/plugins/com.st.stm32cube.ide.mcu.externaltools.gnu-tools-for-stm32.13.3.rel1.win32_1.0.0.202411081344/tools/bin/../lib/gcc/arm-none-eabi/13.3.1/thumb/v7e-m+fp/hard/crtend.o
LOAD C:/ST/STM32CubeIDE_1.19.0/STM32CubeIDE/plugins/com.st.stm32cube.ide.mcu.externaltools.gnu-tools-for-stm32.13.3.rel1.win32_1.0.0.202411081344/tools/bin/../lib/gcc/arm-none-eabi/13.3.1/thumb/v7e-m+fp/hard/crtn.o
                0x200a0000                        _estack = (ORIGIN (RAM3) + LENGTH (RAM3))
                0x00000200                        _Min_Heap_Size = 0x200
                0x00000400                        _Min_Stack_Size = 0x400

.isr_vector     0x08000000      0x1bc
                0x08000000                        . = ALIGN (0x4)
 *(.isr_vector)
 .isr_vector    0x08000000      0x1bc ./Core/Startup/startup_stm32l4r5zitxp.o
                0x08000000                g_pfnVectors
                0x080001bc                        . = ALIGN (0x4)

.text           0x080001bc     0x3bdc
                0x080001bc                        . = ALIGN (0x4)
 *(.text)
 .text          0x080001bc       0x40 C:/ST/STM32CubeIDE_1.19.0/STM32CubeIDE/plugins/com.st.stm32cube.ide.mcu.externaltools.gnu-tools-for-stm32.13.3.rel1.win32_1.0.0.202411081344/tools/bin/../lib/gcc/arm-none-eabi/13.3.1/thumb/v7e-m+fp/hard/crtbegin.o
 *(.text*)
 .text.main     0x080001fc       0x28 ./Core/Src/main.o
                0x080001fc                main
 .text.SystemClock_Config
                0x08000224       0xa0 ./Core/Src/main.o
                0x08000224                SystemClock_Config
 .text.MX_TIM2_Init
                0x080002c4       0x98 ./Core/Src/main.o
 .text.MX_TIM4_Init
                0x0800035c       0xb4 ./Core/Src/main.o
 .text.MX_DMA_Init
                0x08000410       0x64 ./Core/Src/main.o
 .text.MX_GPIO_Init
                0x08000474      0x47c ./Core/Src/main.o
 .text.VGA_InitStripeBuffers
                0x080008f0       0x70 ./Core/Src/main.o
 .text.VGA_StartVideo
                0x08000960       0xfc ./Core/Src/main.o
 .text.HAL_TIM_PeriodElapsedCallback
                0x08000a5c       0xcc ./Core/Src/main.o
                0x08000a5c                HAL_TIM_PeriodElapsedCallback
 .text.Error_Handler
                0x08000b28        0xc ./Core/Src/main.o
                0x08000b28                Error_Handler
 .text.HAL_MspInit
                0x08000b34       0x48 ./Core/Src/stm32l4xx_hal_msp.o
                0x08000b34                HAL_MspInit
 .text.HAL_TIM_Base_MspInit
                0x08000b7c      0x11c ./Core/Src/stm32l4xx_hal_msp.o
                0x08000b7c                HAL_TIM_Base_MspInit
 .text.HAL_TIM_PWM_MspInit
                0x08000c98      0x134 ./Core/Src/stm32l4xx_hal_msp.o
                0x08000c98                HAL_TIM_PWM_MspInit
 .text.HAL_TIM_MspPostInit
                0x08000dcc       0x70 ./Core/Src/stm32l4xx_hal_msp.o
                0x08000dcc                HAL_TIM_MspPostInit
 .text.NMI_Handler
                0x08000e3c        0x8 ./Core/Src/stm32l4xx_it.o
                0x08000e3c                NMI_Handler
 .text.HardFault_Handler
                0x08000e44        0x8 ./Core/Src/stm32l4xx_it.o
                0x08000e44                HardFault_Handler
 .text.MemManage_Handler
                0x08000e4c        0x8 ./Core/Src/stm32l4xx_it.o
                0x08000e4c                MemManage_Handler
 .text.BusFault_Handler
                0x08000e54        0x8 ./Core/Src/stm32l4xx_it.o
                0x08000e54                BusFault_Handler
 .text.UsageFault_Handler
                0x08000e5c        0x8 ./Core/Src/stm32l4xx_it.o
                0x08000e5c                UsageFault_Handler
 .text.SVC_Handler
                0x08000e64        0xe ./Core/Src/stm32l4xx_it.o
                0x08000e64                SVC_Handler
 .text.DebugMon_Handler
                0x08000e72        0xe ./Core/Src/stm32l4xx_it.o
                0x08000e72                DebugMon_Handler
 .text.PendSV_Handler
                0x08000e80        0xe ./Core/Src/stm32l4xx_it.o
                0x08000e80                PendSV_Handler
 .text.SysTick_Handler
                0x08000e8e        0xc ./Core/Src/stm32l4xx_it.o
                0x08000e8e                SysTick_Handler
 *fill*         0x08000e9a        0x2 
 .text.DMA1_Channel1_IRQHandler
                0x08000e9c       0x14 ./Core/Src/stm32l4xx_it.o
                0x08000e9c                DMA1_Channel1_IRQHandler
 .text.DMA1_Channel2_IRQHandler
                0x08000eb0       0x14 ./Core/Src/stm32l4xx_it.o
                0x08000eb0                DMA1_Channel2_IRQHandler
 .text.TIM4_IRQHandler
                0x08000ec4       0x14 ./Core/Src/stm32l4xx_it.o
                0x08000ec4                TIM4_IRQHandler
 .text.SystemInit
                0x08000ed8       0x24 ./Core/Src/system_stm32l4xx.o
                0x08000ed8                SystemInit
 .text.Reset_Handler
                0x08000efc       0x50 ./Core/Startup/startup_stm32l4r5zitxp.o
                0x08000efc                Reset_Handler
 .text.Default_Handler
                0x08000f4c        0x2 ./Core/Startup/startup_stm32l4r5zitxp.o
                0x08000f4c                RTC_Alarm_IRQHandler
                0x08000f4c                EXTI2_IRQHandler
                0x08000f4c                TIM8_TRG_COM_IRQHandler
                0x08000f4c                TIM8_CC_IRQHandler
                0x08000f4c                TIM1_CC_IRQHandler
                0x08000f4c                TSC_IRQHandler
                0x08000f4c                TAMP_STAMP_IRQHandler
                0x08000f4c                EXTI3_IRQHandler
                0x08000f4c                LPTIM2_IRQHandler
                0x08000f4c                DFSDM1_FLT1_IRQHandler
                0x08000f4c                GFXMMU_IRQHandler
                0x08000f4c                I2C3_ER_IRQHandler
                0x08000f4c                DFSDM1_FLT2_IRQHandler
                0x08000f4c                EXTI0_IRQHandler
                0x08000f4c                I2C2_EV_IRQHandler
                0x08000f4c                CAN1_RX0_IRQHandler
                0x08000f4c                FPU_IRQHandler
                0x08000f4c                TIM1_UP_TIM16_IRQHandler
                0x08000f4c                LTDC_ER_IRQHandler
                0x08000f4c                SPI1_IRQHandler
                0x08000f4c                OCTOSPI1_IRQHandler
                0x08000f4c                TIM6_DAC_IRQHandler
                0x08000f4c                DCMI_IRQHandler
                0x08000f4c                TIM8_UP_IRQHandler
                0x08000f4c                OCTOSPI2_IRQHandler
                0x08000f4c                DMA2_Channel2_IRQHandler
                0x08000f4c                DMA1_Channel4_IRQHandler
                0x08000f4c                SAI2_IRQHandler
                0x08000f4c                ADC1_IRQHandler
                0x08000f4c                DFSDM1_FLT3_IRQHandler
                0x08000f4c                USART3_IRQHandler
                0x08000f4c                DMA1_Channel7_IRQHandler
                0x08000f4c                CAN1_RX1_IRQHandler
                0x08000f4c                UART5_IRQHandler
                0x08000f4c                DMA2_Channel1_IRQHandler
                0x08000f4c                I2C1_EV_IRQHandler
                0x08000f4c                DMAMUX1_OVR_IRQHandler
                0x08000f4c                DMA1_Channel6_IRQHandler
                0x08000f4c                UART4_IRQHandler
                0x08000f4c                DMA2_Channel4_IRQHandler
                0x08000f4c                TIM3_IRQHandler
                0x08000f4c                RCC_IRQHandler
                0x08000f4c                Default_Handler
                0x08000f4c                DMA2_Channel7_IRQHandler
                0x08000f4c                EXTI15_10_IRQHandler
                0x08000f4c                TIM7_IRQHandler
                0x08000f4c                SDMMC1_IRQHandler
                0x08000f4c                TIM5_IRQHandler
                0x08000f4c                I2C3_EV_IRQHandler
                0x08000f4c                EXTI9_5_IRQHandler
                0x08000f4c                RTC_WKUP_IRQHandler
                0x08000f4c                LTDC_IRQHandler
                0x08000f4c                PVD_PVM_IRQHandler
                0x08000f4c                SPI2_IRQHandler
                0x08000f4c                CAN1_TX_IRQHandler
                0x08000f4c                DMA2_Channel5_IRQHandler
                0x08000f4c                CRS_IRQHandler
                0x08000f4c                DMA1_Channel5_IRQHandler
                0x08000f4c                EXTI4_IRQHandler
                0x08000f4c                RNG_IRQHandler
                0x08000f4c                TIM1_TRG_COM_TIM17_IRQHandler
                0x08000f4c                DMA1_Channel3_IRQHandler
                0x08000f4c                COMP_IRQHandler
                0x08000f4c                WWDG_IRQHandler
                0x08000f4c                I2C4_EV_IRQHandler
                0x08000f4c                LPUART1_IRQHandler
                0x08000f4c                DMA2_Channel6_IRQHandler
                0x08000f4c                TIM2_IRQHandler
                0x08000f4c                DMA2D_IRQHandler
                0x08000f4c                EXTI1_IRQHandler
                0x08000f4c                USART2_IRQHandler
                0x08000f4c                DFSDM1_FLT0_IRQHandler
                0x08000f4c                I2C2_ER_IRQHandler
                0x08000f4c                TIM8_BRK_IRQHandler
                0x08000f4c                CAN1_SCE_IRQHandler
                0x08000f4c                FLASH_IRQHandler
                0x08000f4c                USART1_IRQHandler
                0x08000f4c                OTG_FS_IRQHandler
                0x08000f4c                SPI3_IRQHandler
                0x08000f4c                I2C1_ER_IRQHandler
                0x08000f4c                FMC_IRQHandler
                0x08000f4c                LPTIM1_IRQHandler
                0x08000f4c                I2C4_ER_IRQHandler
                0x08000f4c                SAI1_IRQHandler
                0x08000f4c                DMA2_Channel3_IRQHandler
                0x08000f4c                TIM1_BRK_TIM15_IRQHandler
 .text.HAL_Init
                0x08000f4e       0x30 ./Drivers/STM32L4xx_HAL_Driver/Src/stm32l4xx_hal.o
                0x08000f4e                HAL_Init
 *fill*         0x08000f7e        0x2 
 .text.HAL_InitTick
                0x08000f80       0x78 ./Drivers/STM32L4xx_HAL_Driver/Src/stm32l4xx_hal.o
                0x08000f80                HAL_InitTick
 .text.HAL_IncTick
                0x08000ff8       0x28 ./Drivers/STM32L4xx_HAL_Driver/Src/stm32l4xx_hal.o
                0x08000ff8                HAL_IncTick
 .text.HAL_GetTick
                0x08001020       0x18 ./Drivers/STM32L4xx_HAL_Driver/Src/stm32l4xx_hal.o
                0x08001020                HAL_GetTick
 .text.__NVIC_SetPriorityGrouping
                0x08001038       0x48 ./Drivers/STM32L4xx_HAL_Driver/Src/stm32l4xx_hal_cortex.o
 .text.__NVIC_GetPriorityGrouping
                0x08001080       0x1c ./Drivers/STM32L4xx_HAL_Driver/Src/stm32l4xx_hal_cortex.o
 .text.__NVIC_EnableIRQ
                0x0800109c       0x3c ./Drivers/STM32L4xx_HAL_Driver/Src/stm32l4xx_hal_cortex.o
 .text.__NVIC_SetPriority
                0x080010d8       0x54 ./Drivers/STM32L4xx_HAL_Driver/Src/stm32l4xx_hal_cortex.o
 .text.NVIC_EncodePriority
                0x0800112c       0x66 ./Drivers/STM32L4xx_HAL_Driver/Src/stm32l4xx_hal_cortex.o
 *fill*         0x08001192        0x2 
 .text.SysTick_Config
                0x08001194       0x44 ./Drivers/STM32L4xx_HAL_Driver/Src/stm32l4xx_hal_cortex.o
 .text.HAL_NVIC_SetPriorityGrouping
                0x080011d8       0x16 ./Drivers/STM32L4xx_HAL_Driver/Src/stm32l4xx_hal_cortex.o
                0x080011d8                HAL_NVIC_SetPriorityGrouping
 .text.HAL_NVIC_SetPriority
                0x080011ee       0x38 ./Drivers/STM32L4xx_HAL_Driver/Src/stm32l4xx_hal_cortex.o
                0x080011ee                HAL_NVIC_SetPriority
 .text.HAL_NVIC_EnableIRQ
                0x08001226       0x1c ./Drivers/STM32L4xx_HAL_Driver/Src/stm32l4xx_hal_cortex.o
                0x08001226                HAL_NVIC_EnableIRQ
 .text.HAL_SYSTICK_Config
                0x08001242       0x18 ./Drivers/STM32L4xx_HAL_Driver/Src/stm32l4xx_hal_cortex.o
                0x08001242                HAL_SYSTICK_Config
 *fill*         0x0800125a        0x2 
 .text.HAL_DMA_Init
                0x0800125c      0x150 ./Drivers/STM32L4xx_HAL_Driver/Src/stm32l4xx_hal_dma.o
                0x0800125c                HAL_DMA_Init
 .text.HAL_DMA_Start
                0x080013ac       0x86 ./Drivers/STM32L4xx_HAL_Driver/Src/stm32l4xx_hal_dma.o
                0x080013ac                HAL_DMA_Start
 .text.HAL_DMA_IRQHandler
                0x08001432      0x15e ./Drivers/STM32L4xx_HAL_Driver/Src/stm32l4xx_hal_dma.o
                0x08001432                HAL_DMA_IRQHandler
 .text.DMA_SetConfig
                0x08001590       0x7c ./Drivers/STM32L4xx_HAL_Driver/Src/stm32l4xx_hal_dma.o
 .text.DMA_CalcDMAMUXChannelBaseAndMask
                0x0800160c       0x7c ./Drivers/STM32L4xx_HAL_Driver/Src/stm32l4xx_hal_dma.o
 .text.DMA_CalcDMAMUXRequestGenBaseAndMask
                0x08001688       0x48 ./Drivers/STM32L4xx_HAL_Driver/Src/stm32l4xx_hal_dma.o
 .text.HAL_GPIO_Init
                0x080016d0      0x324 ./Drivers/STM32L4xx_HAL_Driver/Src/stm32l4xx_hal_gpio.o
                0x080016d0                HAL_GPIO_Init
 .text.HAL_GPIO_WritePin
                0x080019f4       0x30 ./Drivers/STM32L4xx_HAL_Driver/Src/stm32l4xx_hal_gpio.o
                0x080019f4                HAL_GPIO_WritePin
 .text.HAL_PWREx_GetVoltageRange
                0x08001a24       0x40 ./Drivers/STM32L4xx_HAL_Driver/Src/stm32l4xx_hal_pwr_ex.o
                0x08001a24                HAL_PWREx_GetVoltageRange
 .text.HAL_PWREx_ControlVoltageScaling
                0x08001a64      0x148 ./Drivers/STM32L4xx_HAL_Driver/Src/stm32l4xx_hal_pwr_ex.o
                0x08001a64                HAL_PWREx_ControlVoltageScaling
 .text.HAL_PWREx_EnableVddIO2
                0x08001bac       0x20 ./Drivers/STM32L4xx_HAL_Driver/Src/stm32l4xx_hal_pwr_ex.o
                0x08001bac                HAL_PWREx_EnableVddIO2
 .text.HAL_RCC_OscConfig
                0x08001bcc      0x834 ./Drivers/STM32L4xx_HAL_Driver/Src/stm32l4xx_hal_rcc.o
                0x08001bcc                HAL_RCC_OscConfig
 .text.HAL_RCC_ClockConfig
                0x08002400      0x274 ./Drivers/STM32L4xx_HAL_Driver/Src/stm32l4xx_hal_rcc.o
                0x08002400                HAL_RCC_ClockConfig
 .text.HAL_RCC_GetSysClockFreq
                0x08002674      0x118 ./Drivers/STM32L4xx_HAL_Driver/Src/stm32l4xx_hal_rcc.o
                0x08002674                HAL_RCC_GetSysClockFreq
 .text.RCC_SetFlashLatencyFromMSIRange
                0x0800278c       0xb4 ./Drivers/STM32L4xx_HAL_Driver/Src/stm32l4xx_hal_rcc.o
 .text.RCC_GetSysClockFreqFromPLLSource
                0x08002840       0xcc ./Drivers/STM32L4xx_HAL_Driver/Src/stm32l4xx_hal_rcc.o
 .text.HAL_TIM_Base_Init
                0x0800290c       0xae ./Drivers/STM32L4xx_HAL_Driver/Src/stm32l4xx_hal_tim.o
                0x0800290c                HAL_TIM_Base_Init
 *fill*         0x080029ba        0x2 
 .text.HAL_TIM_Base_Start
                0x080029bc       0xd0 ./Drivers/STM32L4xx_HAL_Driver/Src/stm32l4xx_hal_tim.o
                0x080029bc                HAL_TIM_Base_Start
 .text.HAL_TIM_PWM_Init
                0x08002a8c       0xae ./Drivers/STM32L4xx_HAL_Driver/Src/stm32l4xx_hal_tim.o
                0x08002a8c                HAL_TIM_PWM_Init
 *fill*         0x08002b3a        0x2 
 .text.HAL_TIM_PWM_Start
                0x08002b3c      0x20c ./Drivers/STM32L4xx_HAL_Driver/Src/stm32l4xx_hal_tim.o
                0x08002b3c                HAL_TIM_PWM_Start
 .text.HAL_TIM_IRQHandler
                0x08002d48      0x20e ./Drivers/STM32L4xx_HAL_Driver/Src/stm32l4xx_hal_tim.o
                0x08002d48                HAL_TIM_IRQHandler
 *fill*         0x08002f56        0x2 
 .text.HAL_TIM_PWM_ConfigChannel
                0x08002f58      0x228 ./Drivers/STM32L4xx_HAL_Driver/Src/stm32l4xx_hal_tim.o
                0x08002f58                HAL_TIM_PWM_ConfigChannel
 .text.HAL_TIM_ConfigClockSource
                0x08003180      0x192 ./Drivers/STM32L4xx_HAL_Driver/Src/stm32l4xx_hal_tim.o
                0x08003180                HAL_TIM_ConfigClockSource
 .text.HAL_TIM_OC_DelayElapsedCallback
                0x08003312       0x14 ./Drivers/STM32L4xx_HAL_Driver/Src/stm32l4xx_hal_tim.o
                0x08003312                HAL_TIM_OC_DelayElapsedCallback
 .text.HAL_TIM_IC_CaptureCallback
                0x08003326       0x14 ./Drivers/STM32L4xx_HAL_Driver/Src/stm32l4xx_hal_tim.o
                0x08003326                HAL_TIM_IC_CaptureCallback
 .text.HAL_TIM_PWM_PulseFinishedCallback
                0x0800333a       0x14 ./Drivers/STM32L4xx_HAL_Driver/Src/stm32l4xx_hal_tim.o
                0x0800333a                HAL_TIM_PWM_PulseFinishedCallback
 .text.HAL_TIM_TriggerCallback
                0x0800334e       0x14 ./Drivers/STM32L4xx_HAL_Driver/Src/stm32l4xx_hal_tim.o
                0x0800334e                HAL_TIM_TriggerCallback
 *fill*         0x08003362        0x2 
 .text.TIM_Base_SetConfig
                0x08003364      0x14c ./Drivers/STM32L4xx_HAL_Driver/Src/stm32l4xx_hal_tim.o
                0x08003364                TIM_Base_SetConfig
 .text.TIM_OC1_SetConfig
                0x080034b0      0x120 ./Drivers/STM32L4xx_HAL_Driver/Src/stm32l4xx_hal_tim.o
 .text.TIM_OC2_SetConfig
                0x080035d0      0x114 ./Drivers/STM32L4xx_HAL_Driver/Src/stm32l4xx_hal_tim.o
                0x080035d0                TIM_OC2_SetConfig
 .text.TIM_OC3_SetConfig
                0x080036e4      0x110 ./Drivers/STM32L4xx_HAL_Driver/Src/stm32l4xx_hal_tim.o
 .text.TIM_OC4_SetConfig
                0x080037f4       0xd4 ./Drivers/STM32L4xx_HAL_Driver/Src/stm32l4xx_hal_tim.o
 .text.TIM_OC5_SetConfig
                0x080038c8       0xc8 ./Drivers/STM32L4xx_HAL_Driver/Src/stm32l4xx_hal_tim.o
 .text.TIM_OC6_SetConfig
                0x08003990       0xcc ./Drivers/STM32L4xx_HAL_Driver/Src/stm32l4xx_hal_tim.o
 .text.TIM_TI1_ConfigInputStage
                0x08003a5c       0x5e ./Drivers/STM32L4xx_HAL_Driver/Src/stm32l4xx_hal_tim.o
 .text.TIM_TI2_ConfigInputStage
                0x08003aba       0x60 ./Drivers/STM32L4xx_HAL_Driver/Src/stm32l4xx_hal_tim.o
 .text.TIM_ITRx_SetConfig
                0x08003b1a       0x36 ./Drivers/STM32L4xx_HAL_Driver/Src/stm32l4xx_hal_tim.o
 .text.TIM_ETR_SetConfig
                0x08003b50       0x40 ./Drivers/STM32L4xx_HAL_Driver/Src/stm32l4xx_hal_tim.o
                0x08003b50                TIM_ETR_SetConfig
 .text.TIM_CCxChannelCmd
                0x08003b90       0x4a ./Drivers/STM32L4xx_HAL_Driver/Src/stm32l4xx_hal_tim.o
                0x08003b90                TIM_CCxChannelCmd
 *fill*         0x08003bda        0x2 
 .text.HAL_TIMEx_MasterConfigSynchronization
                0x08003bdc      0x110 ./Drivers/STM32L4xx_HAL_Driver/Src/stm32l4xx_hal_tim_ex.o
                0x08003bdc                HAL_TIMEx_MasterConfigSynchronization
 .text.HAL_TIMEx_CommutCallback
                0x08003cec       0x14 ./Drivers/STM32L4xx_HAL_Driver/Src/stm32l4xx_hal_tim_ex.o
                0x08003cec                HAL_TIMEx_CommutCallback
 .text.HAL_TIMEx_BreakCallback
                0x08003d00       0x14 ./Drivers/STM32L4xx_HAL_Driver/Src/stm32l4xx_hal_tim_ex.o
                0x08003d00                HAL_TIMEx_BreakCallback
 .text.HAL_TIMEx_Break2Callback
                0x08003d14       0x14 ./Drivers/STM32L4xx_HAL_Driver/Src/stm32l4xx_hal_tim_ex.o
                0x08003d14                HAL_TIMEx_Break2Callback
 .text.memset   0x08003d28       0x10 C:/ST/STM32CubeIDE_1.19.0/STM32CubeIDE/plugins/com.st.stm32cube.ide.mcu.externaltools.gnu-tools-for-stm32.13.3.rel1.win32_1.0.0.202411081344/tools/bin/../lib/gcc/arm-none-eabi/13.3.1/../../../../arm-none-eabi/lib/thumb/v7e-m+fp/hard\libc_nano.a(libc_a-memset.o)
                0x08003d28                memset
 .text.__libc_init_array
                0x08003d38       0x48 C:/ST/STM32CubeIDE_1.19.0/STM32CubeIDE/plugins/com.st.stm32cube.ide.mcu.externaltools.gnu-tools-for-stm32.13.3.rel1.win32_1.0.0.202411081344/tools/bin/../lib/gcc/arm-none-eabi/13.3.1/../../../../arm-none-eabi/lib/thumb/v7e-m+fp/hard\libc_nano.a(libc_a-init.o)
                0x08003d38                __libc_init_array
 *(.glue_7)
 .glue_7        0x08003d80        0x0 linker stubs
 *(.glue_7t)
 .glue_7t       0x08003d80        0x0 linker stubs
 *(.eh_frame)
 .eh_frame      0x08003d80        0x0 C:/ST/STM32CubeIDE_1.19.0/STM32CubeIDE/plugins/com.st.stm32cube.ide.mcu.externaltools.gnu-tools-for-stm32.13.3.rel1.win32_1.0.0.202411081344/tools/bin/../lib/gcc/arm-none-eabi/13.3.1/thumb/v7e-m+fp/hard/crtbegin.o
 *(.init)
 .init          0x08003d80        0x4 C:/ST/STM32CubeIDE_1.19.0/STM32CubeIDE/plugins/com.st.stm32cube.ide.mcu.externaltools.gnu-tools-for-stm32.13.3.rel1.win32_1.0.0.202411081344/tools/bin/../lib/gcc/arm-none-eabi/13.3.1/thumb/v7e-m+fp/hard/crti.o
                0x08003d80                _init
 .init          0x08003d84        0x8 C:/ST/STM32CubeIDE_1.19.0/STM32CubeIDE/plugins/com.st.stm32cube.ide.mcu.externaltools.gnu-tools-for-stm32.13.3.rel1.win32_1.0.0.202411081344/tools/bin/../lib/gcc/arm-none-eabi/13.3.1/thumb/v7e-m+fp/hard/crtn.o
 *(.fini)
 .fini          0x08003d8c        0x4 C:/ST/STM32CubeIDE_1.19.0/STM32CubeIDE/plugins/com.st.stm32cube.ide.mcu.externaltools.gnu-tools-for-stm32.13.3.rel1.win32_1.0.0.202411081344/tools/bin/../lib/gcc/arm-none-eabi/13.3.1/thumb/v7e-m+fp/hard/crti.o
                0x08003d8c                _fini
 .fini          0x08003d90        0x8 C:/ST/STM32CubeIDE_1.19.0/STM32CubeIDE/plugins/com.st.stm32cube.ide.mcu.externaltools.gnu-tools-for-stm32.13.3.rel1.win32_1.0.0.202411081344/tools/bin/../lib/gcc/arm-none-eabi/13.3.1/thumb/v7e-m+fp/hard/crtn.o
                0x08003d98                        . = ALIGN (0x4)
                0x08003d98                        _etext = .

.vfp11_veneer   0x08003d98        0x0
 .vfp11_veneer  0x08003d98        0x0 linker stubs

.v4_bx          0x08003d98        0x0
 .v4_bx         0x08003d98        0x0 linker stubs

.iplt           0x08003d98        0x0
 .iplt          0x08003d98        0x0 C:/ST/STM32CubeIDE_1.19.0/STM32CubeIDE/plugins/com.st.stm32cube.ide.mcu.externaltools.gnu-tools-for-stm32.13.3.rel1.win32_1.0.0.202411081344/tools/bin/../lib/gcc/arm-none-eabi/13.3.1/thumb/v7e-m+fp/hard/crtbegin.o

.rodata         0x08003d98       0x40
                0x08003d98                        . = ALIGN (0x4)
 *(.rodata)
 *(.rodata*)
 .rodata.AHBPrescTable
                0x08003d98       0x10 ./Core/Src/system_stm32l4xx.o
                0x08003d98                AHBPrescTable
 .rodata.MSIRangeTable
                0x08003da8       0x30 ./Core/Src/system_stm32l4xx.o
                0x08003da8                MSIRangeTable
                0x08003dd8                        . = ALIGN (0x4)

.ARM.extab      0x08003dd8        0x0
                0x08003dd8                        . = ALIGN (0x4)
 *(.ARM.extab* .gnu.linkonce.armextab.*)
                0x08003dd8                        . = ALIGN (0x4)

.ARM            0x08003dd8        0x0
                0x08003dd8                        . = ALIGN (0x4)
                0x08003dd8                        __exidx_start = .
 *(.ARM.exidx*)
                0x08003dd8                        __exidx_end = .
                0x08003dd8                        . = ALIGN (0x4)

.preinit_array  0x08003dd8        0x0
                0x08003dd8                        . = ALIGN (0x4)
                0x08003dd8                        PROVIDE (__preinit_array_start = .)
 *(.preinit_array*)
                0x08003dd8                        PROVIDE (__preinit_array_end = .)
                0x08003dd8                        . = ALIGN (0x4)

.init_array     0x08003dd8        0x4
                0x08003dd8                        . = ALIGN (0x4)
                0x08003dd8                        PROVIDE (__init_array_start = .)
 *(SORT_BY_NAME(.init_array.*))
 *(.init_array*)
 .init_array    0x08003dd8        0x4 C:/ST/STM32CubeIDE_1.19.0/STM32CubeIDE/plugins/com.st.stm32cube.ide.mcu.externaltools.gnu-tools-for-stm32.13.3.rel1.win32_1.0.0.202411081344/tools/bin/../lib/gcc/arm-none-eabi/13.3.1/thumb/v7e-m+fp/hard/crtbegin.o
                0x08003ddc                        PROVIDE (__init_array_end = .)
                0x08003ddc                        . = ALIGN (0x4)

.fini_array     0x08003ddc        0x4
                0x08003ddc                        . = ALIGN (0x4)
                [!provide]                        PROVIDE (__fini_array_start = .)
 *(SORT_BY_NAME(.fini_array.*))
 *(.fini_array*)
 .fini_array    0x08003ddc        0x4 C:/ST/STM32CubeIDE_1.19.0/STM32CubeIDE/plugins/com.st.stm32cube.ide.mcu.externaltools.gnu-tools-for-stm32.13.3.rel1.win32_1.0.0.202411081344/tools/bin/../lib/gcc/arm-none-eabi/13.3.1/thumb/v7e-m+fp/hard/crtbegin.o
                [!provide]                        PROVIDE (__fini_array_end = .)
                0x08003de0                        . = ALIGN (0x4)
                0x08003de0                        _sidata = LOADADDR (.data)

.rel.dyn        0x08003de0        0x0
 .rel.iplt      0x08003de0        0x0 C:/ST/STM32CubeIDE_1.19.0/STM32CubeIDE/plugins/com.st.stm32cube.ide.mcu.externaltools.gnu-tools-for-stm32.13.3.rel1.win32_1.0.0.202411081344/tools/bin/../lib/gcc/arm-none-eabi/13.3.1/thumb/v7e-m+fp/hard/crtbegin.o

.data           0x20040000        0xc load address 0x08003de0
                0x20040000                        . = ALIGN (0x4)
                0x20040000                        _sdata = .
 *(.data)
 *(.data*)
 .data.SystemCoreClock
                0x20040000        0x4 ./Core/Src/system_stm32l4xx.o
                0x20040000                SystemCoreClock
 .data.uwTickPrio
                0x20040004        0x4 ./Drivers/STM32L4xx_HAL_Driver/Src/stm32l4xx_hal.o
                0x20040004                uwTickPrio
 .data.uwTickFreq
                0x20040008        0x1 ./Drivers/STM32L4xx_HAL_Driver/Src/stm32l4xx_hal.o
                0x20040008                uwTickFreq
 *(.RamFunc)
 *(.RamFunc*)
                0x2004000c                        . = ALIGN (0x4)
 *fill*         0x20040009        0x3 
                0x2004000c                        _edata = .

.igot.plt       0x2004000c        0x0 load address 0x08003dec
 .igot.plt      0x2004000c        0x0 C:/ST/STM32CubeIDE_1.19.0/STM32CubeIDE/plugins/com.st.stm32cube.ide.mcu.externaltools.gnu-tools-for-stm32.13.3.rel1.win32_1.0.0.202411081344/tools/bin/../lib/gcc/arm-none-eabi/13.3.1/thumb/v7e-m+fp/hard/crtbegin.o
                0x2004000c                        . = ALIGN (0x4)

.bss            0x2004000c      0x28c load address 0x08003dec
                0x2004000c                        _sbss = .
                0x2004000c                        __bss_start__ = _sbss
 *(.bss)
 .bss           0x2004000c       0x1c C:/ST/STM32CubeIDE_1.19.0/STM32CubeIDE/plugins/com.st.stm32cube.ide.mcu.externaltools.gnu-tools-for-stm32.13.3.rel1.win32_1.0.0.202411081344/tools/bin/../lib/gcc/arm-none-eabi/13.3.1/thumb/v7e-m+fp/hard/crtbegin.o
 *(.bss*)
 .bss.htim2     0x20040028       0x4c ./Core/Src/main.o
                0x20040028                htim2
 .bss.htim4     0x20040074       0x4c ./Core/Src/main.o
                0x20040074                htim4
 .bss.hdma_tim2_up
                0x200400c0       0x60 ./Core/Src/main.o
                0x200400c0                hdma_tim2_up
 .bss.hdma_tim4_up
                0x20040120       0x60 ./Core/Src/main.o
                0x20040120                hdma_tim4_up
 .bss.current_line
                0x20040180        0x2 ./Core/Src/main.o
                0x20040180                current_line
 *fill*         0x20040182        0x2 
 .bss.blank_line_buffer
                0x20040184       0x84 ./Core/Src/main.o
 .bss.visible_line_buffer
                0x20040208       0x84 ./Core/Src/main.o
 .bss.tim2_cnt_reset_word
                0x2004028c        0x4 ./Core/Src/main.o
 .bss.active_line_src
                0x20040290        0x4 ./Core/Src/main.o
 .bss.uwTick    0x20040294        0x4 ./Drivers/STM32L4xx_HAL_Driver/Src/stm32l4xx_hal.o
                0x20040294                uwTick
 *(COMMON)
                0x20040298                        . = ALIGN (0x4)
                0x20040298                        _ebss = .
                0x20040298                        __bss_end__ = _ebss

._user_heap_stack
                0x20040298      0x600 load address 0x08003dec
                0x20040298                        . = ALIGN (0x8)
                [!provide]                        PROVIDE (end = .)
                0x20040298                        PROVIDE (_end = .)
                0x20040498                        . = (. + _Min_Heap_Size)
 *fill*         0x20040298      0x200 
                0x20040898                        . = (. + _Min_Stack_Size)
 *fill*         0x20040498      0x400 
                0x20040898                        . = ALIGN (0x8)

/DISCARD/
 libc.a(*)
 libm.a(*)
 libgcc.a(*)

.ARM.attributes
                0x00000000       0x30
 *(.ARM.attributes)
 .ARM.attributes
                0x00000000       0x22 C:/ST/STM32CubeIDE_1.19.0/STM32CubeIDE/plugins/com.st.stm32cube.ide.mcu.externaltools.gnu-tools-for-stm32.13.3.rel1.win32_1.0.0.202411081344/tools/bin/../lib/gcc/arm-none-eabi/13.3.1/thumb/v7e-m+fp/hard/crti.o
 .ARM.attributes
                0x00000022       0x34 C:/ST/STM32CubeIDE_1.19.0/STM32CubeIDE/plugins/com.st.stm32cube.ide.mcu.externaltools.gnu-tools-for-stm32.13.3.rel1.win32_1.0.0.202411081344/tools/bin/../lib/gcc/arm-none-eabi/13.3.1/thumb/v7e-m+fp/hard/crtbegin.o
 .ARM.attributes
                0x00000056       0x34 ./Core/Src/main.o
 .ARM.attributes
                0x0000008a       0x34 ./Core/Src/stm32l4xx_hal_msp.o
 .ARM.attributes
                0x000000be       0x34 ./Core/Src/stm32l4xx_it.o
 .ARM.attributes
                0x000000f2       0x34 ./Core/Src/system_stm32l4xx.o
 .ARM.attributes
                0x00000126       0x21 ./Core/Startup/startup_stm32l4r5zitxp.o
 .ARM.attributes
                0x00000147       0x34 ./Drivers/STM32L4xx_HAL_Driver/Src/stm32l4xx_hal.o
 .ARM.attributes
                0x0000017b       0x34 ./Drivers/STM32L4xx_HAL_Driver/Src/stm32l4xx_hal_cortex.o
 .ARM.attributes
                0x000001af       0x34 ./Drivers/STM32L4xx_HAL_Driver/Src/stm32l4xx_hal_dma.o
 .ARM.attributes
                0x000001e3       0x34 ./Drivers/STM32L4xx_HAL_Driver/Src/stm32l4xx_hal_gpio.o
 .ARM.attributes
                0x00000217       0x34 ./Drivers/STM32L4xx_HAL_Driver/Src/stm32l4xx_hal_pwr_ex.o
 .ARM.attributes
                0x0000024b       0x34 ./Drivers/STM32L4xx_HAL_Driver/Src/stm32l4xx_hal_rcc.o
 .ARM.attributes
                0x0000027f       0x34 ./Drivers/STM32L4xx_HAL_Driver/Src/stm32l4xx_hal_tim.o
 .ARM.attributes
                0x000002b3       0x34 ./Drivers/STM32L4xx_HAL_Driver/Src/stm32l4xx_hal_tim_ex.o
 .ARM.attributes
                0x000002e7       0x34 C:/ST/STM32CubeIDE_1.19.0/STM32CubeIDE/plugins/com.st.stm32cube.ide.mcu.externaltools.gnu-tools-for-stm32.13.3.rel1.win32_1.0.0.202411081344/tools/bin/../lib/gcc/arm-none-eabi/13.3.1/../../../../arm-none-eabi/lib/thumb/v7e-m+fp/hard\libc_nano.a(libc_a-memset.o)
 .ARM.attributes
                0x0000031b       0x34 C:/ST/STM32CubeIDE_1.19.0/STM32CubeIDE/plugins/com.st.stm32cube.ide.mcu.externaltools.gnu-tools-for-stm32.13.3.rel1.win32_1.0.0.202411081344/tools/bin/../lib/gcc/arm-none-eabi/13.3.1/../../../../arm-none-eabi/lib/thumb/v7e-m+fp/hard\libc_nano.a(libc_a-init.o)
 .ARM.attributes
                0x0000034f       0x22 C:/ST/STM32CubeIDE_1.19.0/STM32CubeIDE/plugins/com.st.stm32cube.ide.mcu.externaltools.gnu-tools-for-stm32.13.3.rel1.win32_1.0.0.202411081344/tools/bin/../lib/gcc/arm-none-eabi/13.3.1/thumb/v7e-m+fp/hard/crtn.o
OUTPUT(vga_empty.elf elf32-littlearm)
LOAD linker stubs
LOAD C:/ST/STM32CubeIDE_1.19.0/STM32CubeIDE/plugins/com.st.stm32cube.ide.mcu.externaltools.gnu-tools-for-stm32.13.3.rel1.win32_1.0.0.202411081344/tools/bin/../lib/gcc/arm-none-eabi/13.3.1/../../../../arm-none-eabi/lib/thumb/v7e-m+fp/hard\libc.a
LOAD C:/ST/STM32CubeIDE_1.19.0/STM32CubeIDE/plugins/com.st.stm32cube.ide.mcu.externaltools.gnu-tools-for-stm32.13.3.rel1.win32_1.0.0.202411081344/tools/bin/../lib/gcc/arm-none-eabi/13.3.1/../../../../arm-none-eabi/lib/thumb/v7e-m+fp/hard\libm.a
LOAD C:/ST/STM32CubeIDE_1.19.0/STM32CubeIDE/plugins/com.st.stm32cube.ide.mcu.externaltools.gnu-tools-for-stm32.13.3.rel1.win32_1.0.0.202411081344/tools/bin/../lib/gcc/arm-none-eabi/13.3.1/thumb/v7e-m+fp/hard\libgcc.a

.debug_info     0x00000000     0xb752
 .debug_info    0x00000000     0x1541 ./Core/Src/main.o
 .debug_info    0x00001541     0x101e ./Core/Src/stm32l4xx_hal_msp.o
 .debug_info    0x0000255f      0x870 ./Core/Src/stm32l4xx_it.o
 .debug_info    0x00002dcf      0x5e9 ./Core/Src/system_stm32l4xx.o
 .debug_info    0x000033b8       0x30 ./Core/Startup/startup_stm32l4r5zitxp.o
 .debug_info    0x000033e8      0xb49 ./Drivers/STM32L4xx_HAL_Driver/Src/stm32l4xx_hal.o
 .debug_info    0x00003f31      0xd99 ./Drivers/STM32L4xx_HAL_Driver/Src/stm32l4xx_hal_cortex.o
 .debug_info    0x00004cca      0x841 ./Drivers/STM32L4xx_HAL_Driver/Src/stm32l4xx_hal_dma.o
 .debug_info    0x0000550b      0x787 ./Drivers/STM32L4xx_HAL_Driver/Src/stm32l4xx_hal_gpio.o
 .debug_info    0x00005c92      0xa0a ./Drivers/STM32L4xx_HAL_Driver/Src/stm32l4xx_hal_pwr_ex.o
 .debug_info    0x0000669c      0xd32 ./Drivers/STM32L4xx_HAL_Driver/Src/stm32l4xx_hal_rcc.o
 .debug_info    0x000073ce     0x2bc0 ./Drivers/STM32L4xx_HAL_Driver/Src/stm32l4xx_hal_tim.o
 .debug_info    0x00009f8e     0x17c4 ./Drivers/STM32L4xx_HAL_Driver/Src/stm32l4xx_hal_tim_ex.o

.debug_abbrev   0x00000000     0x1b09
 .debug_abbrev  0x00000000      0x30d ./Core/Src/main.o
 .debug_abbrev  0x0000030d      0x229 ./Core/Src/stm32l4xx_hal_msp.o
 .debug_abbrev  0x00000536      0x194 ./Core/Src/stm32l4xx_it.o
 .debug_abbrev  0x000006ca      0x11a ./Core/Src/system_stm32l4xx.o
 .debug_abbrev  0x000007e4       0x24 ./Core/Startup/startup_stm32l4r5zitxp.o
 .debug_abbrev  0x00000808      0x242 ./Drivers/STM32L4xx_HAL_Driver/Src/stm32l4xx_hal.o
 .debug_abbrev  0x00000a4a      0x31c ./Drivers/STM32L4xx_HAL_Driver/Src/stm32l4xx_hal_cortex.o
 .debug_abbrev  0x00000d66      0x1e2 ./Drivers/STM32L4xx_HAL_Driver/Src/stm32l4xx_hal_dma.o
 .debug_abbrev  0x00000f48      0x1cb ./Drivers/STM32L4xx_HAL_Driver/Src/stm32l4xx_hal_gpio.o
 .debug_abbrev  0x00001113      0x1f9 ./Drivers/STM32L4xx_HAL_Driver/Src/stm32l4xx_hal_pwr_ex.o
 .debug_abbrev  0x0000130c      0x306 ./Drivers/STM32L4xx_HAL_Driver/Src/stm32l4xx_hal_rcc.o
 .debug_abbrev  0x00001612      0x276 ./Drivers/STM32L4xx_HAL_Driver/Src/stm32l4xx_hal_tim.o
 .debug_abbrev  0x00001888      0x281 ./Drivers/STM32L4xx_HAL_Driver/Src/stm32l4xx_hal_tim_ex.o

.debug_aranges  0x00000000      0xc20
 .debug_aranges
                0x00000000       0x68 ./Core/Src/main.o
 .debug_aranges
                0x00000068       0x48 ./Core/Src/stm32l4xx_hal_msp.o
 .debug_aranges
                0x000000b0       0x78 ./Core/Src/stm32l4xx_it.o
 .debug_aranges
                0x00000128       0x28 ./Core/Src/system_stm32l4xx.o
 .debug_aranges
                0x00000150       0x28 ./Core/Startup/startup_stm32l4r5zitxp.o
 .debug_aranges
                0x00000178      0x130 ./Drivers/STM32L4xx_HAL_Driver/Src/stm32l4xx_hal.o
 .debug_aranges
                0x000002a8      0x128 ./Drivers/STM32L4xx_HAL_Driver/Src/stm32l4xx_hal_cortex.o
 .debug_aranges
                0x000003d0       0x90 ./Drivers/STM32L4xx_HAL_Driver/Src/stm32l4xx_hal_dma.o
 .debug_aranges
                0x00000460       0x58 ./Drivers/STM32L4xx_HAL_Driver/Src/stm32l4xx_hal_gpio.o
 .debug_aranges
                0x000004b8      0x170 ./Drivers/STM32L4xx_HAL_Driver/Src/stm32l4xx_hal_pwr_ex.o
 .debug_aranges
                0x00000628       0x98 ./Drivers/STM32L4xx_HAL_Driver/Src/stm32l4xx_hal_rcc.o
 .debug_aranges
                0x000006c0      0x3e0 ./Drivers/STM32L4xx_HAL_Driver/Src/stm32l4xx_hal_tim.o
 .debug_aranges
                0x00000aa0      0x180 ./Drivers/STM32L4xx_HAL_Driver/Src/stm32l4xx_hal_tim_ex.o

.debug_rnglists
                0x00000000      0x95d
 .debug_rnglists
                0x00000000       0x4f ./Core/Src/main.o
 .debug_rnglists
                0x0000004f       0x33 ./Core/Src/stm32l4xx_hal_msp.o
 .debug_rnglists
                0x00000082       0x55 ./Core/Src/stm32l4xx_it.o
 .debug_rnglists
                0x000000d7       0x1a ./Core/Src/system_stm32l4xx.o
 .debug_rnglists
                0x000000f1       0x19 ./Core/Startup/startup_stm32l4r5zitxp.o
 .debug_rnglists
                0x0000010a       0xdf ./Drivers/STM32L4xx_HAL_Driver/Src/stm32l4xx_hal.o
 .debug_rnglists
                0x000001e9       0xda ./Drivers/STM32L4xx_HAL_Driver/Src/stm32l4xx_hal_cortex.o
 .debug_rnglists
                0x000002c3       0x71 ./Drivers/STM32L4xx_HAL_Driver/Src/stm32l4xx_hal_dma.o
 .debug_rnglists
                0x00000334       0x3f ./Drivers/STM32L4xx_HAL_Driver/Src/stm32l4xx_hal_gpio.o
 .debug_rnglists
                0x00000373      0x115 ./Drivers/STM32L4xx_HAL_Driver/Src/stm32l4xx_hal_pwr_ex.o
 .debug_rnglists
                0x00000488       0x74 ./Drivers/STM32L4xx_HAL_Driver/Src/stm32l4xx_hal_rcc.o
 .debug_rnglists
                0x000004fc      0x328 ./Drivers/STM32L4xx_HAL_Driver/Src/stm32l4xx_hal_tim.o
 .debug_rnglists
                0x00000824      0x139 ./Drivers/STM32L4xx_HAL_Driver/Src/stm32l4xx_hal_tim_ex.o

.debug_macro    0x00000000    0x28a60
 .debug_macro   0x00000000      0x242 ./Core/Src/main.o
 .debug_macro   0x00000242      0xad8 ./Core/Src/main.o
 .debug_macro   0x00000d1a      0x1a1 ./Core/Src/main.o
 .debug_macro   0x00000ebb       0x2e ./Core/Src/main.o
 .debug_macro   0x00000ee9       0x28 ./Core/Src/main.o
 .debug_macro   0x00000f11       0x22 ./Core/Src/main.o
 .debug_macro   0x00000f33       0x8e ./Core/Src/main.o
 .debug_macro   0x00000fc1       0x51 ./Core/Src/main.o
 .debug_macro   0x00001012      0x103 ./Core/Src/main.o
 .debug_macro   0x00001115       0x6a ./Core/Src/main.o
 .debug_macro   0x0000117f      0x1df ./Core/Src/main.o
 .debug_macro   0x0000135e       0x1c ./Core/Src/main.o
 .debug_macro   0x0000137a       0x22 ./Core/Src/main.o
 .debug_macro   0x0000139c       0xfb ./Core/Src/main.o
 .debug_macro   0x00001497     0x1011 ./Core/Src/main.o
 .debug_macro   0x000024a8      0x11f ./Core/Src/main.o
 .debug_macro   0x000025c7    0x1cb71 ./Core/Src/main.o
 .debug_macro   0x0001f138       0x6d ./Core/Src/main.o
 .debug_macro   0x0001f1a5     0x3902 ./Core/Src/main.o
 .debug_macro   0x00022aa7      0x190 ./Core/Src/main.o
 .debug_macro   0x00022c37       0x5c ./Core/Src/main.o
 .debug_macro   0x00022c93     0x1884 ./Core/Src/main.o
 .debug_macro   0x00024517      0x7dc ./Core/Src/main.o
 .debug_macro   0x00024cf3      0x1b9 ./Core/Src/main.o
 .debug_macro   0x00024eac      0x225 ./Core/Src/main.o
 .debug_macro   0x000250d1      0x486 ./Core/Src/main.o
 .debug_macro   0x00025557      0x1ce ./Core/Src/main.o
 .debug_macro   0x00025725       0x43 ./Core/Src/main.o
 .debug_macro   0x00025768      0x23d ./Core/Src/main.o
 .debug_macro   0x000259a5      0x241 ./Core/Src/main.o
 .debug_macro   0x00025be6      0x416 ./Core/Src/main.o
 .debug_macro   0x00025ffc       0x1c ./Core/Src/main.o
 .debug_macro   0x00026018       0xf2 ./Core/Src/main.o
 .debug_macro   0x0002610a      0x122 ./Core/Src/main.o
 .debug_macro   0x0002622c      0x3f6 ./Core/Src/main.o
 .debug_macro   0x00026622      0xa98 ./Core/Src/main.o
 .debug_macro   0x000270ba      0x196 ./Core/Src/main.o
 .debug_macro   0x00027250      0x432 ./Core/Src/main.o
 .debug_macro   0x00027682      0x1c4 ./Core/Src/stm32l4xx_hal_msp.o
 .debug_macro   0x00027846      0x1ce ./Core/Src/stm32l4xx_it.o
 .debug_macro   0x00027a14      0x1ba ./Core/Src/system_stm32l4xx.o
 .debug_macro   0x00027bce      0x208 ./Drivers/STM32L4xx_HAL_Driver/Src/stm32l4xx_hal.o
 .debug_macro   0x00027dd6      0x1ba ./Drivers/STM32L4xx_HAL_Driver/Src/stm32l4xx_hal_cortex.o
 .debug_macro   0x00027f90      0x1ba ./Drivers/STM32L4xx_HAL_Driver/Src/stm32l4xx_hal_dma.o
 .debug_macro   0x0002814a      0x1c1 ./Drivers/STM32L4xx_HAL_Driver/Src/stm32l4xx_hal_gpio.o
 .debug_macro   0x0002830b      0x1e4 ./Drivers/STM32L4xx_HAL_Driver/Src/stm32l4xx_hal_pwr_ex.o
 .debug_macro   0x000284ef      0x1fc ./Drivers/STM32L4xx_HAL_Driver/Src/stm32l4xx_hal_rcc.o
 .debug_macro   0x000286eb      0x1bb ./Drivers/STM32L4xx_HAL_Driver/Src/stm32l4xx_hal_tim.o
 .debug_macro   0x000288a6      0x1ba ./Drivers/STM32L4xx_HAL_Driver/Src/stm32l4xx_hal_tim_ex.o

.debug_line     0x00000000     0xcedb
 .debug_line    0x00000000      0xb7d ./Core/Src/main.o
 .debug_line    0x00000b7d      0x874 ./Core/Src/stm32l4xx_hal_msp.o
 .debug_line    0x000013f1      0x825 ./Core/Src/stm32l4xx_it.o
 .debug_line    0x00001c16      0x7cc ./Core/Src/system_stm32l4xx.o
 .debug_line    0x000023e2       0x7a ./Core/Startup/startup_stm32l4r5zitxp.o
 .debug_line    0x0000245c      0xb34 ./Drivers/STM32L4xx_HAL_Driver/Src/stm32l4xx_hal.o
 .debug_line    0x00002f90      0xccf ./Drivers/STM32L4xx_HAL_Driver/Src/stm32l4xx_hal_cortex.o
 .debug_line    0x00003c5f      0xe77 ./Drivers/STM32L4xx_HAL_Driver/Src/stm32l4xx_hal_dma.o
 .debug_line    0x00004ad6      0xb70 ./Drivers/STM32L4xx_HAL_Driver/Src/stm32l4xx_hal_gpio.o
 .debug_line    0x00005646      0xd8b ./Drivers/STM32L4xx_HAL_Driver/Src/stm32l4xx_hal_pwr_ex.o
 .debug_line    0x000063d1     0x1179 ./Drivers/STM32L4xx_HAL_Driver/Src/stm32l4xx_hal_rcc.o
 .debug_line    0x0000754a     0x3e20 ./Drivers/STM32L4xx_HAL_Driver/Src/stm32l4xx_hal_tim.o
 .debug_line    0x0000b36a     0x1b71 ./Drivers/STM32L4xx_HAL_Driver/Src/stm32l4xx_hal_tim_ex.o

.debug_str      0x00000000    0xfd8c0
 .debug_str     0x00000000    0xfd8c0 ./Core/Src/main.o
                              0xfb08a (size before relaxing)
 .debug_str     0x000fd8c0    0xfa9d1 ./Core/Src/stm32l4xx_hal_msp.o
 .debug_str     0x000fd8c0    0xfa27f ./Core/Src/stm32l4xx_it.o
 .debug_str     0x000fd8c0    0xf9d97 ./Core/Src/system_stm32l4xx.o
 .debug_str     0x000fd8c0       0x76 ./Core/Startup/startup_stm32l4r5zitxp.o
 .debug_str     0x000fd8c0    0xfa967 ./Drivers/STM32L4xx_HAL_Driver/Src/stm32l4xx_hal.o
 .debug_str     0x000fd8c0    0xfa628 ./Drivers/STM32L4xx_HAL_Driver/Src/stm32l4xx_hal_cortex.o
 .debug_str     0x000fd8c0    0xfa11f ./Drivers/STM32L4xx_HAL_Driver/Src/stm32l4xx_hal_dma.o
 .debug_str     0x000fd8c0    0xf9f11 ./Drivers/STM32L4xx_HAL_Driver/Src/stm32l4xx_hal_gpio.o
 .debug_str     0x000fd8c0    0xfa36a ./Drivers/STM32L4xx_HAL_Driver/Src/stm32l4xx_hal_pwr_ex.o
 .debug_str     0x000fd8c0    0xfa40a ./Drivers/STM32L4xx_HAL_Driver/Src/stm32l4xx_hal_rcc.o
 .debug_str     0x000fd8c0    0xfb1b3 ./Drivers/STM32L4xx_HAL_Driver/Src/stm32l4xx_hal_tim.o
 .debug_str     0x000fd8c0    0xfaac7 ./Drivers/STM32L4xx_HAL_Driver/Src/stm32l4xx_hal_tim_ex.o

.comment        0x00000000       0x43
 .comment       0x00000000       0x43 ./Core/Src/main.o
                                 0x44 (size before relaxing)
 .comment       0x00000043       0x44 ./Core/Src/stm32l4xx_hal_msp.o
 .comment       0x00000043       0x44 ./Core/Src/stm32l4xx_it.o
 .comment       0x00000043       0x44 ./Core/Src/system_stm32l4xx.o
 .comment       0x00000043       0x44 ./Drivers/STM32L4xx_HAL_Driver/Src/stm32l4xx_hal.o
 .comment       0x00000043       0x44 ./Drivers/STM32L4xx_HAL_Driver/Src/stm32l4xx_hal_cortex.o
 .comment       0x00000043       0x44 ./Drivers/STM32L4xx_HAL_Driver/Src/stm32l4xx_hal_dma.o
 .comment       0x00000043       0x44 ./Drivers/STM32L4xx_HAL_Driver/Src/stm32l4xx_hal_gpio.o
 .comment       0x00000043       0x44 ./Drivers/STM32L4xx_HAL_Driver/Src/stm32l4xx_hal_pwr_ex.o
 .comment       0x00000043       0x44 ./Drivers/STM32L4xx_HAL_Driver/Src/stm32l4xx_hal_rcc.o
 .comment       0x00000043       0x44 ./Drivers/STM32L4xx_HAL_Driver/Src/stm32l4xx_hal_tim.o
 .comment       0x00000043       0x44 ./Drivers/STM32L4xx_HAL_Driver/Src/stm32l4xx_hal_tim_ex.o

.debug_frame    0x00000000     0x323c
 .debug_frame   0x00000000      0x164 ./Core/Src/main.o
 .debug_frame   0x00000164       0xec ./Core/Src/stm32l4xx_hal_msp.o
 .debug_frame   0x00000250      0x158 ./Core/Src/stm32l4xx_it.o
 .debug_frame   0x000003a8       0x58 ./Core/Src/system_stm32l4xx.o
 .debug_frame   0x00000400      0x498 ./Drivers/STM32L4xx_HAL_Driver/Src/stm32l4xx_hal.o
 .debug_frame   0x00000898      0x4e8 ./Drivers/STM32L4xx_HAL_Driver/Src/stm32l4xx_hal_cortex.o
 .debug_frame   0x00000d80      0x24c ./Drivers/STM32L4xx_HAL_Driver/Src/stm32l4xx_hal_dma.o
 .debug_frame   0x00000fcc      0x14c ./Drivers/STM32L4xx_HAL_Driver/Src/stm32l4xx_hal_gpio.o
 .debug_frame   0x00001118      0x5c4 ./Drivers/STM32L4xx_HAL_Driver/Src/stm32l4xx_hal_pwr_ex.o
 .debug_frame   0x000016dc      0x248 ./Drivers/STM32L4xx_HAL_Driver/Src/stm32l4xx_hal_rcc.o
 .debug_frame   0x00001924     0x121c ./Drivers/STM32L4xx_HAL_Driver/Src/stm32l4xx_hal_tim.o
 .debug_frame   0x00002b40      0x6b0 ./Drivers/STM32L4xx_HAL_Driver/Src/stm32l4xx_hal_tim_ex.o
 .debug_frame   0x000031f0       0x20 C:/ST/STM32CubeIDE_1.19.0/STM32CubeIDE/plugins/com.st.stm32cube.ide.mcu.externaltools.gnu-tools-for-stm32.13.3.rel1.win32_1.0.0.202411081344/tools/bin/../lib/gcc/arm-none-eabi/13.3.1/../../../../arm-none-eabi/lib/thumb/v7e-m+fp/hard\libc_nano.a(libc_a-memset.o)
 .debug_frame   0x00003210       0x2c C:/ST/STM32CubeIDE_1.19.0/STM32CubeIDE/plugins/com.st.stm32cube.ide.mcu.externaltools.gnu-tools-for-stm32.13.3.rel1.win32_1.0.0.202411081344/tools/bin/../lib/gcc/arm-none-eabi/13.3.1/../../../../arm-none-eabi/lib/thumb/v7e-m+fp/hard\libc_nano.a(libc_a-init.o)

.debug_line_str
                0x00000000       0x5a
 .debug_line_str
                0x00000000       0x5a ./Core/Startup/startup_stm32l4r5zitxp.o
