../Core/Src/main.c:102:5:main	8	static
../Core/Src/main.c:151:6:SystemClock_Config	96	static
../Core/Src/main.c:201:13:MX_TIM2_Init	40	static
../Core/Src/main.c:246:13:MX_TIM4_Init	48	static
../Core/Src/main.c:293:13:MX_DMA_Init	16	static
../Core/Src/main.c:315:13:MX_GPIO_Init	64	static
../Core/Src/main.c:557:13:VGA_InitStripeBuffers	16	static
../Core/Src/main.c:574:13:VGA_StartVideo	8	static
../Core/Src/main.c:610:6:HAL_TIM_PeriodElapsedCallback	16	static
../Core/Src/main.c:653:6:Error_Handler	4	static,ignoring_inline_asm
