../Core/Src/touch_xpt2046.c:20:13:touch_deselect_all	8	static
../Core/Src/touch_xpt2046.c:26:16:touch_pressure_is_valid	16	static
../Core/Src/touch_xpt2046.c:43:26:touch_read_value	32	static
../Core/Src/touch_xpt2046.c:60:26:touch_spi_set_prescaler	16	static
../Core/Src/touch_xpt2046.c:79:26:touch_read_raw_once	24	static
../Core/Src/touch_xpt2046.c:103:17:touch_map_axis	24	static
../Core/Src/touch_xpt2046.c:122:19:Touch_XPT2046_Init	32	static
../Core/Src/touch_xpt2046.c:149:15:Touch_XPT2046_ReadIrq	4	static
../Core/Src/touch_xpt2046.c:158:9:Touch_XPT2046_IsPressed	4	static
../Core/Src/touch_xpt2046.c:167:19:Touch_XPT2046_ReadRaw	64	static
../Core/Src/touch_xpt2046.c:261:19:Touch_XPT2046_ReadState	24	static
