../Core/Src/wii_nunchuk.c:18:26:nunchuk_read_raw	32	static
../Core/Src/wii_nunchuk.c:32:26:nunchuk_read_p1	8	static
../Core/Src/wii_nunchuk.c:37:26:nunchuk_read_p2	8	static
../Core/Src/wii_nunchuk.c:42:13:nunchuk_decode_buttons	16	static
../Core/Src/wii_nunchuk.c:52:6:nunchuk_init	24	static
../Core/Src/wii_nunchuk.c:68:19:Nunchuk_ReadButtonsP1	24	static
../Core/Src/wii_nunchuk.c:87:19:Nunchuk_ReadButtonsP2	24	static
../Core/Src/wii_nunchuk.c:106:6:process_nunchuk_p1	24	static
../Core/Src/wii_nunchuk.c:140:6:process_nunchuk_p2	24	static
