Archive member included to satisfy reference by file (symbol)

C:/ST/STM32CubeIDE_1.19.0/STM32CubeIDE/plugins/com.st.stm32cube.ide.mcu.externaltools.gnu-tools-for-stm32.13.3.rel1.win32_1.0.0.202411081344/tools/bin/../lib/gcc/arm-none-eabi/13.3.1/../../../../arm-none-eabi/lib/thumb/v7e-m+fp/hard\libc_nano.a(libc_a-exit.o)
                              C:/ST/STM32CubeIDE_1.19.0/STM32CubeIDE/plugins/com.st.stm32cube.ide.mcu.externaltools.gnu-tools-for-stm32.13.3.rel1.win32_1.0.0.202411081344/tools/bin/../lib/gcc/arm-none-eabi/13.3.1/../../../../arm-none-eabi/lib/thumb/v7e-m+fp/hard/crt0.o (exit)
C:/ST/STM32CubeIDE_1.19.0/STM32CubeIDE/plugins/com.st.stm32cube.ide.mcu.externaltools.gnu-tools-for-stm32.13.3.rel1.win32_1.0.0.202411081344/tools/bin/../lib/gcc/arm-none-eabi/13.3.1/../../../../arm-none-eabi/lib/thumb/v7e-m+fp/hard\libc_nano.a(libc_a-nano-vfprintf_float.o)
                              (_printf_float)
C:/ST/STM32CubeIDE_1.19.0/STM32CubeIDE/plugins/com.st.stm32cube.ide.mcu.externaltools.gnu-tools-for-stm32.13.3.rel1.win32_1.0.0.202411081344/tools/bin/../lib/gcc/arm-none-eabi/13.3.1/../../../../arm-none-eabi/lib/thumb/v7e-m+fp/hard\libc_nano.a(libc_a-nano-vfprintf_i.o)
                              C:/ST/STM32CubeIDE_1.19.0/STM32CubeIDE/plugins/com.st.stm32cube.ide.mcu.externaltools.gnu-tools-for-stm32.13.3.rel1.win32_1.0.0.202411081344/tools/bin/../lib/gcc/arm-none-eabi/13.3.1/../../../../arm-none-eabi/lib/thumb/v7e-m+fp/hard\libc_nano.a(libc_a-nano-vfprintf_float.o) (_printf_common)
C:/ST/STM32CubeIDE_1.19.0/STM32CubeIDE/plugins/com.st.stm32cube.ide.mcu.externaltools.gnu-tools-for-stm32.13.3.rel1.win32_1.0.0.202411081344/tools/bin/../lib/gcc/arm-none-eabi/13.3.1/../../../../arm-none-eabi/lib/thumb/v7e-m+fp/hard\libc_nano.a(libc_a-findfp.o)
                              C:/ST/STM32CubeIDE_1.19.0/STM32CubeIDE/plugins/com.st.stm32cube.ide.mcu.externaltools.gnu-tools-for-stm32.13.3.rel1.win32_1.0.0.202411081344/tools/bin/../lib/gcc/arm-none-eabi/13.3.1/../../../../arm-none-eabi/lib/thumb/v7e-m+fp/hard\libc_nano.a(libc_a-exit.o) (__stdio_exit_handler)
C:/ST/STM32CubeIDE_1.19.0/STM32CubeIDE/plugins/com.st.stm32cube.ide.mcu.externaltools.gnu-tools-for-stm32.13.3.rel1.win32_1.0.0.202411081344/tools/bin/../lib/gcc/arm-none-eabi/13.3.1/../../../../arm-none-eabi/lib/thumb/v7e-m+fp/hard\libc_nano.a(libc_a-fwalk.o)
                              C:/ST/STM32CubeIDE_1.19.0/STM32CubeIDE/plugins/com.st.stm32cube.ide.mcu.externaltools.gnu-tools-for-stm32.13.3.rel1.win32_1.0.0.202411081344/tools/bin/../lib/gcc/arm-none-eabi/13.3.1/../../../../arm-none-eabi/lib/thumb/v7e-m+fp/hard\libc_nano.a(libc_a-findfp.o) (_fwalk_sglue)
C:/ST/STM32CubeIDE_1.19.0/STM32CubeIDE/plugins/com.st.stm32cube.ide.mcu.externaltools.gnu-tools-for-stm32.13.3.rel1.win32_1.0.0.202411081344/tools/bin/../lib/gcc/arm-none-eabi/13.3.1/../../../../arm-none-eabi/lib/thumb/v7e-m+fp/hard\libc_nano.a(libc_a-printf.o)
                              ./Core/Src/ddr_pad.o (printf)
C:/ST/STM32CubeIDE_1.19.0/STM32CubeIDE/plugins/com.st.stm32cube.ide.mcu.externaltools.gnu-tools-for-stm32.13.3.rel1.win32_1.0.0.202411081344/tools/bin/../lib/gcc/arm-none-eabi/13.3.1/../../../../arm-none-eabi/lib/thumb/v7e-m+fp/hard\libc_nano.a(libc_a-puts.o)
                              ./Core/Src/lcd_touch_demo.o (puts)
C:/ST/STM32CubeIDE_1.19.0/STM32CubeIDE/plugins/com.st.stm32cube.ide.mcu.externaltools.gnu-tools-for-stm32.13.3.rel1.win32_1.0.0.202411081344/tools/bin/../lib/gcc/arm-none-eabi/13.3.1/../../../../arm-none-eabi/lib/thumb/v7e-m+fp/hard\libc_nano.a(libc_a-snprintf.o)
                              ./Core/Src/final_stage.o (snprintf)
C:/ST/STM32CubeIDE_1.19.0/STM32CubeIDE/plugins/com.st.stm32cube.ide.mcu.externaltools.gnu-tools-for-stm32.13.3.rel1.win32_1.0.0.202411081344/tools/bin/../lib/gcc/arm-none-eabi/13.3.1/../../../../arm-none-eabi/lib/thumb/v7e-m+fp/hard\libc_nano.a(libc_a-sprintf.o)
                              ./Core/Src/wii_nunchuk.o (sprintf)
C:/ST/STM32CubeIDE_1.19.0/STM32CubeIDE/plugins/com.st.stm32cube.ide.mcu.externaltools.gnu-tools-for-stm32.13.3.rel1.win32_1.0.0.202411081344/tools/bin/../lib/gcc/arm-none-eabi/13.3.1/../../../../arm-none-eabi/lib/thumb/v7e-m+fp/hard\libc_nano.a(libc_a-stdio.o)
                              C:/ST/STM32CubeIDE_1.19.0/STM32CubeIDE/plugins/com.st.stm32cube.ide.mcu.externaltools.gnu-tools-for-stm32.13.3.rel1.win32_1.0.0.202411081344/tools/bin/../lib/gcc/arm-none-eabi/13.3.1/../../../../arm-none-eabi/lib/thumb/v7e-m+fp/hard\libc_nano.a(libc_a-findfp.o) (__sread)
C:/ST/STM32CubeIDE_1.19.0/STM32CubeIDE/plugins/com.st.stm32cube.ide.mcu.externaltools.gnu-tools-for-stm32.13.3.rel1.win32_1.0.0.202411081344/tools/bin/../lib/gcc/arm-none-eabi/13.3.1/../../../../arm-none-eabi/lib/thumb/v7e-m+fp/hard\libc_nano.a(libc_a-wbuf.o)
[...]
Memory Configuration

Name             Origin             Length             Attributes
RAM              0x20000000         0x00030000         xrw
RAM2             0x10000000         0x00010000         xrw
RAM3             0x20040000         0x00060000         xrw
FLASH            0x08000000         0x00200000         xr
*default*        0x00000000         0xffffffff

Linker script and memory map

LOAD C:/ST/STM32CubeIDE_1.19.0/STM32CubeIDE/plugins/com.st.stm32cube.ide.mcu.externaltools.gnu-tools-for-stm32.13.3.rel1.win32_1.0.0.202411081344/tools/bin/../lib/gcc/arm-none-eabi/13.3.1/thumb/v7e-m+fp/hard/crti.o
LOAD C:/ST/STM32CubeIDE_1.19.0/STM32CubeIDE/plugins/com.st.stm32cube.ide.mcu.externaltools.gnu-tools-for-stm32.13.3.rel1.win32_1.0.0.202411081344/tools/bin/../lib/gcc/arm-none-eabi/13.3.1/thumb/v7e-m+fp/hard/crtbegin.o
LOAD C:/ST/STM32CubeIDE_1.19.0/STM32CubeIDE/plugins/com.st.stm32cube.ide.mcu.externaltools.gnu-tools-for-stm32.13.3.rel1.win32_1.0.0.202411081344/tools/bin/../lib/gcc/arm-none-eabi/13.3.1/../../../../arm-none-eabi/lib/thumb/v7e-m+fp/hard/crt0.o
LOAD ./Core/Src/app_flow.o
LOAD ./Core/Src/collision.o
LOAD ./Core/Src/ddr_pad.o
LOAD ./Core/Src/final_stage.o
LOAD ./Core/Src/game_app.o
LOAD ./Core/Src/game_init.o
LOAD ./Core/Src/game_update.o
LOAD ./Core/Src/lcd_minimal.o
LOAD ./Core/Src/lcd_touch_demo.o
LOAD ./Core/Src/lcd_ui.o
LOAD ./Core/Src/main.o
LOAD ./Core/Src/mp3_control.o
LOAD ./Core/Src/paddle_shuttle.o
LOAD ./Core/Src/play_mode.o
LOAD ./Core/Src/scoring.o
LOAD ./Core/Src/spi.o
LOAD ./Core/Src/start_page.o
LOAD ./Core/Src/stm32l4xx_hal_msp.o
LOAD ./Core/Src/stm32l4xx_it.o
LOAD ./Core/Src/syscalls.o
LOAD ./Core/Src/sysmem.o
LOAD ./Core/Src/system_stm32l4xx.o
LOAD ./Core/Src/touch_xpt2046.o
LOAD ./Core/Src/wii_nunchuk.o
LOAD ./Core/Startup/startup_stm32l4r5zitxp.o
LOAD ./Drivers/STM32L4xx_HAL_Driver/Src/stm32l4xx_hal.o
LOAD ./Drivers/STM32L4xx_HAL_Driver/Src/stm32l4xx_hal_cortex.o
LOAD ./Drivers/STM32L4xx_HAL_Driver/Src/stm32l4xx_hal_dma.o
LOAD ./Drivers/STM32L4xx_HAL_Driver/Src/stm32l4xx_hal_dma_ex.o
LOAD ./Drivers/STM32L4xx_HAL_Driver/Src/stm32l4xx_hal_exti.o
LOAD ./Drivers/STM32L4xx_HAL_Driver/Src/stm32l4xx_hal_flash.o
LOAD ./Drivers/STM32L4xx_HAL_Driver/Src/stm32l4xx_hal_flash_ex.o
LOAD ./Drivers/STM32L4xx_HAL_Driver/Src/stm32l4xx_hal_flash_ramfunc.o
LOAD ./Drivers/STM32L4xx_HAL_Driver/Src/stm32l4xx_hal_gpio.o
LOAD ./Drivers/STM32L4xx_HAL_Driver/Src/stm32l4xx_hal_i2c.o
LOAD ./Drivers/STM32L4xx_HAL_Driver/Src/stm32l4xx_hal_i2c_ex.o
LOAD ./Drivers/STM32L4xx_HAL_Driver/Src/stm32l4xx_hal_pwr.o
LOAD ./Drivers/STM32L4xx_HAL_Driver/Src/stm32l4xx_hal_pwr_ex.o
LOAD ./Drivers/STM32L4xx_HAL_Driver/Src/stm32l4xx_hal_rcc.o
LOAD ./Drivers/STM32L4xx_HAL_Driver/Src/stm32l4xx_hal_rcc_ex.o
LOAD ./Drivers/STM32L4xx_HAL_Driver/Src/stm32l4xx_hal_spi.o
LOAD ./Drivers/STM32L4xx_HAL_Driver/Src/stm32l4xx_hal_spi_ex.o
LOAD ./Drivers/STM32L4xx_HAL_Driver/Src/stm32l4xx_hal_uart.o
LOAD ./Drivers/STM32L4xx_HAL_Driver/Src/stm32l4xx_hal_uart_ex.o
START GROUP
LOAD C:/ST/STM32CubeIDE_1.19.0/STM32CubeIDE/plugins/com.st.stm32cube.ide.mcu.externaltools.gnu-tools-for-stm32.13.3.rel1.win32_1.0.0.202411081344/tools/bin/../lib/gcc/arm-none-eabi/13.3.1/../../../../arm-none-eabi/lib/thumb/v7e-m+fp/hard\libc_nano.a
LOAD C:/ST/STM32CubeIDE_1.19.0/STM32CubeIDE/plugins/com.st.stm32cube.ide.mcu.externaltools.gnu-tools-for-stm32.13.3.rel1.win32_1.0.0.202411081344/tools/bin/../lib/gcc/arm-none-eabi/13.3.1/../../../../arm-none-eabi/lib/thumb/v7e-m+fp/hard\libm.a
END GROUP
START GROUP
LOAD C:/ST/STM32CubeIDE_1.19.0/STM32CubeIDE/plugins/com.st.stm32cube.ide.mcu.externaltools.gnu-tools-for-stm32.13.3.rel1.win32_1.0.0.202411081344/tools/bin/../lib/gcc/arm-none-eabi/13.3.1/thumb/v7e-m+fp/hard\libgcc.a
LOAD C:/ST/STM32CubeIDE_1.19.0/STM32CubeIDE/plugins/com.st.stm32cube.ide.mcu.externaltools.gnu-tools-for-stm32.13.3.rel1.win32_1.0.0.202411081344/tools/bin/../lib/gcc/arm-none-eabi/13.3.1/../../../../arm-none-eabi/lib/thumb/v7e-m+fp/hard\libc_nano.a
END GROUP
START GROUP
LOAD C:/ST/STM32CubeIDE_1.19.0/STM32CubeIDE/plugins/com.st.stm32cube.ide.mcu.externaltools.gnu-tools-for-stm32.13.3.rel1.win32_1.0.0.202411081344/tools/bin/../lib/gcc/arm-none-eabi/13.3.1/thumb/v7e-m+fp/hard\libgcc.a
LOAD C:/ST/STM32CubeIDE_1.19.0/STM32CubeIDE/plugins/com.st.stm32cube.ide.mcu.externaltools.gnu-tools-for-stm32.13.3.rel1.win32_1.0.0.202411081344/tools/bin/../lib/gcc/arm-none-eabi/13.3.1/../../../../arm-none-eabi/lib/thumb/v7e-m+fp/hard\libc_nano.a
LOAD C:/ST/STM32CubeIDE_1.19.0/STM32CubeIDE/plugins/com.st.stm32cube.ide.mcu.externaltools.gnu-tools-for-stm32.13.3.rel1.win32_1.0.0.202411081344/tools/bin/../lib/gcc/arm-none-eabi/13.3.1/../../../../arm-none-eabi/lib/thumb/v7e-m+fp/hard\libnosys.a
END GROUP
START GROUP
LOAD C:/ST/STM32CubeIDE_1.19.0/STM32CubeIDE/plugins/com.st.stm32cube.ide.mcu.externaltools.gnu-tools-for-stm32.13.3.rel1.win32_1.0.0.202411081344/tools/bin/../lib/gcc/arm-none-eabi/13.3.1/thumb/v7e-m+fp/hard\libgcc.a
LOAD C:/ST/STM32CubeIDE_1.19.0/STM32CubeIDE/plugins/com.st.stm32cube.ide.mcu.externaltools.gnu-tools-for-stm32.13.3.rel1.win32_1.0.0.202411081344/tools/bin/../lib/gcc/arm-none-eabi/13.3.1/../../../../arm-none-eabi/lib/thumb/v7e-m+fp/hard\libc_nano.a
LOAD C:/ST/STM32CubeIDE_1.19.0/STM32CubeIDE/plugins/com.st.stm32cube.ide.mcu.externaltools.gnu-tools-for-stm32.13.3.rel1.win32_1.0.0.202411081344/tools/bin/../lib/gcc/arm-none-eabi/13.3.1/../../../../arm-none-eabi/lib/thumb/v7e-m+fp/hard\libnosys.a
END GROUP
LOAD C:/ST/STM32CubeIDE_1.19.0/STM32CubeIDE/plugins/com.st.stm32cube.ide.mcu.externaltools.gnu-tools-for-stm32.13.3.rel1.win32_1.0.0.202411081344/tools/bin/../lib/gcc/arm-none-eabi/13.3.1/thumb/v7e-m+fp/hard/crtend.o
LOAD C:/ST/STM32CubeIDE_1.19.0/STM32CubeIDE/plugins/com.st.stm32cube.ide.mcu.externaltools.gnu-tools-for-stm32.13.3.rel1.win32_1.0.0.202411081344/tools/bin/../lib/gcc/arm-none-eabi/13.3.1/thumb/v7e-m+fp/hard/crtn.o
                0x200a0000                        _estack = (ORIGIN (RAM3) + LENGTH (RAM3))
                0x00000200                        _Min_Heap_Size = 0x200
                0x00000400                        _Min_Stack_Size = 0x400

.isr_vector     0x08000000      0x1bc
                0x08000000                        . = ALIGN (0x4)
 *(.isr_vector)
 .isr_vector    0x08000000      0x1bc ./Core/Startup/startup_stm32l4r5zitxp.o
                0x08000000                g_pfnVectors
                0x080001bc                        . = ALIGN (0x4)

.text           0x080001c0     0xc7b4
                0x080001c0                        . = ALIGN (0x4)
 *(.text)
 .text          0x080001c0       0x40 C:/ST/STM32CubeIDE_1.19.0/STM32CubeIDE/plugins/com.st.stm32cube.ide.mcu.externaltools.gnu-tools-for-stm32.13.3.rel1.win32_1.0.0.202411081344/tools/bin/../lib/gcc/arm-none-eabi/13.3.1/thumb/v7e-m+fp/hard/crtbegin.o
 .text          0x08000200       0xa0 C:/ST/STM32CubeIDE_1.19.0/STM32CubeIDE/plugins/com.st.stm32cube.ide.mcu.externaltools.gnu-tools-for-stm32.13.3.rel1.win32_1.0.0.202411081344/tools/bin/../lib/gcc/arm-none-eabi/13.3.1/../../../../arm-none-eabi/lib/thumb/v7e-m+fp/hard\libc_nano.a(libc_a-memchr.o)
                0x08000200                memchr
 .text          0x080002a0       0x10 C:/ST/STM32CubeIDE_1.19.0/STM32CubeIDE/plugins/com.st.stm32cube.ide.mcu.externaltools.gnu-tools-for-stm32.13.3.rel1.win32_1.0.0.202411081344/tools/bin/../lib/gcc/arm-none-eabi/13.3.1/../../../../arm-none-eabi/lib/thumb/v7e-m+fp/hard\libc_nano.a(libc_a-strlen.o)
                0x080002a0                strlen
 .text          0x080002b0      0x378 C:/ST/STM32CubeIDE_1.19.0/STM32CubeIDE/plugins/com.st.stm32cube.ide.mcu.externaltools.gnu-tools-for-stm32.13.3.rel1.win32_1.0.0.202411081344/tools/bin/../lib/gcc/arm-none-eabi/13.3.1/thumb/v7e-m+fp/hard\libgcc.a(_arm_addsubdf3.o)
                0x080002b0                __aeabi_drsub
                0x080002b8                __aeabi_dsub
                0x080002b8                __subdf3
                0x080002bc                __aeabi_dadd
                0x080002bc                __adddf3
                0x08000534                __floatunsidf
                0x08000534                __aeabi_ui2d
                0x08000554                __floatsidf
                0x08000554                __aeabi_i2d
                0x08000578                __aeabi_f2d
                0x08000578                __extendsfdf2
                0x080005bc                __floatundidf
                0x080005bc                __aeabi_ul2d
                0x080005cc                __floatdidf
                0x080005cc                __aeabi_l2d
 .text          0x08000628      0x424 C:/ST/STM32CubeIDE_1.19.0/STM32CubeIDE/plugins/com.st.stm32cube.ide.mcu.externaltools.gnu-tools-for-stm32.13.3.rel1.win32_1.0.0.202411081344/tools/bin/../lib/gcc/arm-none-eabi/13.3.1/thumb/v7e-m+fp/hard\libgcc.a(_arm_muldivdf3.o)
                0x08000628                __aeabi_dmul
                0x08000628                __muldf3
                0x0800087c                __divdf3
                0x0800087c                __aeabi_ddiv
 .text          0x08000a4c      0x110 C:/ST/STM32CubeIDE_1.19.0/STM32CubeIDE/plugins/com.st.stm32cube.ide.mcu.externaltools.gnu-tools-for-stm32.13.3.rel1.win32_1.0.0.202411081344/tools/bin/../lib/gcc/arm-none-eabi/13.3.1/thumb/v7e-m+fp/hard\libgcc.a(_arm_cmpdf2.o)
                0x08000a4c                __gtdf2
                0x08000a4c                __gedf2
                0x08000a54                __ltdf2
                0x08000a54                __ledf2
                0x08000a5c                __nedf2
                0x08000a5c                __eqdf2
                0x08000a5c                __cmpdf2
                0x08000ad8                __aeabi_cdrcmple
                0x08000ae8                __aeabi_cdcmpeq
                0x08000ae8                __aeabi_cdcmple
                0x08000af8                __aeabi_dcmpeq
                0x08000b0c                __aeabi_dcmplt
                0x08000b20                __aeabi_dcmple
                0x08000b34                __aeabi_dcmpge
                0x08000b48                __aeabi_dcmpgt
 .text          0x08000b5c       0x2c C:/ST/STM32CubeIDE_1.19.0/STM32CubeIDE/plugins/com.st.stm32cube.ide.mcu.externaltools.gnu-tools-for-stm32.13.3.rel1.win32_1.0.0.202411081344/tools/bin/../lib/gcc/arm-none-eabi/13.3.1/thumb/v7e-m+fp/hard\libgcc.a(_arm_unorddf2.o)
                0x08000b5c                __unorddf2
                0x08000b5c                __aeabi_dcmpun
 .text          0x08000b88       0x50 C:/ST/STM32CubeIDE_1.19.0/STM32CubeIDE/plugins/com.st.stm32cube.ide.mcu.externaltools.gnu-tools-for-stm32.13.3.rel1.win32_1.0.0.202411081344/tools/bin/../lib/gcc/arm-none-eabi/13.3.1/thumb/v7e-m+fp/hard\libgcc.a(_arm_fixdfsi.o)
                0x08000b88                __aeabi_d2iz
                0x08000b88                __fixdfsi
 .text          0x08000bd8       0x30 C:/ST/STM32CubeIDE_1.19.0/STM32CubeIDE/plugins/com.st.stm32cube.ide.mcu.externaltools.gnu-tools-for-stm32.13.3.rel1.win32_1.0.0.202411081344/tools/bin/../lib/gcc/arm-none-eabi/13.3.1/thumb/v7e-m+fp/hard\libgcc.a(_aeabi_uldivmod.o)
                0x08000bd8                __aeabi_uldivmod
 .text          0x08000c08      0x2f8 C:/ST/STM32CubeIDE_1.19.0/STM32CubeIDE/plugins/com.st.stm32cube.ide.mcu.externaltools.gnu-tools-for-stm32.13.3.rel1.win32_1.0.0.202411081344/tools/bin/../lib/gcc/arm-none-eabi/13.3.1/thumb/v7e-m+fp/hard\libgcc.a(_udivmoddi4.o)
                0x08000c08                __udivmoddi4
 .text          0x08000f00        0x4 C:/ST/STM32CubeIDE_1.19.0/STM32CubeIDE/plugins/com.st.stm32cube.ide.mcu.externaltools.gnu-tools-for-stm32.13.3.rel1.win32_1.0.0.202411081344/tools/bin/../lib/gcc/arm-none-eabi/13.3.1/thumb/v7e-m+fp/hard\libgcc.a(_dvmd_tls.o)
                0x08000f00                __aeabi_idiv0
                0x08000f00                __aeabi_ldiv0
 *(.text*)
 .text.app_flow_mark_stage
                0x08000f04       0x36 ./Core/Src/app_flow.o
 .text.AppFlow_Init
                0x08000f3a       0x4c ./Core/Src/app_flow.o
                0x08000f3a                AppFlow_Init
 .text.AppFlow_GoToStartPage
                0x08000f86       0x20 ./Core/Src/app_flow.o
                0x08000f86                AppFlow_GoToStartPage
 .text.AppFlow_GoToPreGameSequence
                0x08000fa6       0x20 ./Core/Src/app_flow.o
                0x08000fa6                AppFlow_GoToPreGameSequence
 .text.AppFlow_GoToPlayMode
                0x08000fc6       0x20 ./Core/Src/app_flow.o
                0x08000fc6                AppFlow_GoToPlayMode
 .text.AppFlow_GoToFinalStage
                0x08000fe6       0x20 ./Core/Src/app_flow.o
                0x08000fe6                AppFlow_GoToFinalStage
 .text.AppFlow_GetStage
                0x08001006       0x22 ./Core/Src/app_flow.o
                0x08001006                AppFlow_GetStage
 .text.collision_shuttle_paddle
                0x08001028      0x126 ./Core/Src/collision.o
                0x08001028                collision_shuttle_paddle
 .text.collision_shuttle_net
                0x0800114e       0xbe ./Core/Src/collision.o
                0x0800114e                collision_shuttle_net
 .text.collision_shuttle_floor
                0x0800120c       0x44 ./Core/Src/collision.o
                0x0800120c                collision_shuttle_floor
 .text.collision_shuttle_ceiling
                0x08001250       0x3a ./Core/Src/collision.o
                0x08001250                collision_shuttle_ceiling
 *fill*         0x0800128a        0x2 
 .text.collision_shuttle_wall
                0x0800128c       0x7c ./Core/Src/collision.o
                0x0800128c                collision_shuttle_wall
 .text.delay_us
                0x08001308       0x4c ./Core/Src/ddr_pad.o
                0x08001308                delay_us
 .text.PS2_Exchange
                0x08001354       0x9c ./Core/Src/ddr_pad.o
                0x08001354                PS2_Exchange
 .text.PS2_SwapByte_Pad2
                0x080013f0       0x90 ./Core/Src/ddr_pad.o
                0x080013f0                PS2_SwapByte_Pad2
 .text.PS2_ReadPad
                0x08001480       0x70 ./Core/Src/ddr_pad.o
                0x08001480                PS2_ReadPad
 .text.PS2_ReadPad_P2
                0x080014f0       0x70 ./Core/Src/ddr_pad.o
                0x080014f0                PS2_ReadPad_P2
 .text.process_Pad
                0x08001560       0xe4 ./Core/Src/ddr_pad.o
                0x08001560                process_Pad
 .text.process_Pad_P2
                0x08001644       0xe4 ./Core/Src/ddr_pad.o
                0x08001644                process_Pad_P2
 .text.final_stage_get_prompt_brightness
                0x08001728       0x74 ./Core/Src/final_stage.o
 .text.final_stage_clear_centered_text_area
                0x0800179c       0xc4 ./Core/Src/final_stage.o
 .text.final_stage_render_prompt
                0x08001860       0x4c ./Core/Src/final_stage.o
 .text.final_stage_draw_prompt_in_place
                0x080018ac       0x30 ./Core/Src/final_stage.o
 .text.final_stage_update_prompt_animation
                0x080018dc       0x48 ./Core/Src/final_stage.o
 .text.final_stage_seed_touch_latch
                0x08001924       0x34 ./Core/Src/final_stage.o
 .text.FinalStage_Init
                0x08001958       0x22 ./Core/Src/final_stage.o
                0x08001958                FinalStage_Init
 *fill*         0x0800197a        0x2 
 .text.FinalStage_Enter
                0x0800197c      0x110 ./Core/Src/final_stage.o
                0x0800197c                FinalStage_Enter
 .text.FinalStage_Process
                0x08001a8c       0x9c ./Core/Src/final_stage.o
                0x08001a8c                FinalStage_Process
 .text.game_app_reset_pre_game_sequence
                0x08001b28       0x2c ./Core/Src/game_app.o
 .text.game_app_render_pre_game_page
                0x08001b54       0x70 ./Core/Src/game_app.o
 .text.game_app_enter_pre_game_sequence
                0x08001bc4       0x3c ./Core/Src/game_app.o
 .text.game_app_process_pre_game_sequence
                0x08001c00       0x9c ./Core/Src/game_app.o
 .text.GameApp_Init
                0x08001c9c       0x30 ./Core/Src/game_app.o
                0x08001c9c                GameApp_Init
 .text.GameApp_Process
                0x08001ccc       0xfc ./Core/Src/game_app.o
                0x08001ccc                GameApp_Process
 .text.game_init
                0x08001dc8       0xb4 ./Core/Src/game_init.o
                0x08001dc8                game_init
 .text.game_update
                0x08001e7c      0x27c ./Core/Src/game_update.o
                0x08001e7c                game_update
 .text.lcd_minimal_tx
                0x080020f8       0x38 ./Core/Src/lcd_minimal.o
 .text.lcd_minimal_gpio_init
                0x08002130       0xc4 ./Core/Src/lcd_minimal.o
 .text.lcd_minimal_spi3_init
                0x080021f4       0x94 ./Core/Src/lcd_minimal.o
 .text.lcd_minimal_write_command
                0x08002288       0x54 ./Core/Src/lcd_minimal.o
 .text.lcd_minimal_write_data
                0x080022dc       0x54 ./Core/Src/lcd_minimal.o
 .text.lcd_minimal_write_buffer
                0x08002330       0x58 ./Core/Src/lcd_minimal.o
 .text.lcd_minimal_reset
                0x08002388       0x2c ./Core/Src/lcd_minimal.o
 .text.lcd_minimal_set_window
                0x080023b4       0xb4 ./Core/Src/lcd_minimal.o
 .text.lcd_minimal_write_repeated_rgb666
                0x08002468       0xec ./Core/Src/lcd_minimal.o
 .text.LCD_Minimal_FillRect
                0x08002554       0xca ./Core/Src/lcd_minimal.o
                0x08002554                LCD_Minimal_FillRect
 *fill*         0x0800261e        0x2 
 .text.LCD_Minimal_Init
                0x08002620       0xa4 ./Core/Src/lcd_minimal.o
                0x08002620                LCD_Minimal_Init
 .text.LCD_Minimal_FillColor
                0x080026c4       0x54 ./Core/Src/lcd_minimal.o
                0x080026c4                LCD_Minimal_FillColor
 .text.lcd_ui_get_glyph
                0x08002718      0x224 ./Core/Src/lcd_ui.o
 .text.lcd_ui_draw_char
                0x0800293c       0xca ./Core/Src/lcd_ui.o
 *fill*         0x08002a06        0x2 
 .text.LCD_UI_EnsureReady
                0x08002a08       0x3c ./Core/Src/lcd_ui.o
                0x08002a08                LCD_UI_EnsureReady
 .text.LCD_UI_Clear
                0x08002a44       0x36 ./Core/Src/lcd_ui.o
                0x08002a44                LCD_UI_Clear
 .text.LCD_UI_DrawText
                0x08002a7a       0xac ./Core/Src/lcd_ui.o
                0x08002a7a                LCD_UI_DrawText
 .text.LCD_UI_DrawTextCentered
                0x08002b26       0x76 ./Core/Src/lcd_ui.o
                0x08002b26                LCD_UI_DrawTextCentered
 .text.LCD_UI_GetTextWidth
                0x08002b9c       0x5c ./Core/Src/lcd_ui.o
                0x08002b9c                LCD_UI_GetTextWidth
 .text.LCD_UI_GetTextHeight
                0x08002bf8       0x2a ./Core/Src/lcd_ui.o
                0x08002bf8                LCD_UI_GetTextHeight
 *fill*         0x08002c22        0x2 
 .text.DWT_Init
                0x08002c24       0x34 ./Core/Src/main.o
                0x08002c24                DWT_Init
 .text.main     0x08002c58       0x44 ./Core/Src/main.o
                0x08002c58                main
 .text.SystemClock_Config
                0x08002c9c       0xa2 ./Core/Src/main.o
                0x08002c9c                SystemClock_Config
 *fill*         0x08002d3e        0x2 
 .text.MX_I2C1_Init
                0x08002d40       0xd8 ./Core/Src/main.o
 .text.MX_I2C2_Init
                0x08002e18       0x80 ./Core/Src/main.o
 .text.MX_LPUART1_UART_Init
                0x08002e98       0x98 ./Core/Src/main.o
 .text.MX_USART3_UART_Init
                0x08002f30       0x98 ./Core/Src/main.o
 .text.MX_SPI1_Init
                0x08002fc8       0x7c ./Core/Src/main.o
 .text.MX_GPIO_Init
                0x08003044      0x490 ./Core/Src/main.o
 .text.__io_putchar
                0x080034d4       0x24 ./Core/Src/main.o
                0x080034d4                __io_putchar
 .text.EXTI1_IRQHandler
                0x080034f8        0xe ./Core/Src/main.o
                0x080034f8                EXTI1_IRQHandler
 *fill*         0x08003506        0x2 
 .text.HAL_GPIO_EXTI_Callback
                0x08003508       0x28 ./Core/Src/main.o
                0x08003508                HAL_GPIO_EXTI_Callback
 .text.Error_Handler
                0x08003530        0xc ./Core/Src/main.o
                0x08003530                Error_Handler
 .text.MP3_Send_Cmd
                0x0800353c       0x4c ./Core/Src/mp3_control.o
 .text.Manual_MP3_INT_Init
                0x08003588       0x80 ./Core/Src/mp3_control.o
                0x08003588                Manual_MP3_INT_Init
 .text.Play_BGM
                0x08003608       0x44 ./Core/Src/mp3_control.o
                0x08003608                Play_BGM
 .text.Play_SFX
                0x0800364c       0x30 ./Core/Src/mp3_control.o
                0x0800364c                Play_SFX
 .text.MP3_ProcessPlaybackState
                0x0800367c       0x48 ./Core/Src/mp3_control.o
                0x0800367c                MP3_ProcessPlaybackState
 .text.update_shuttlecock
                0x080036c4       0xf6 ./Core/Src/paddle_shuttle.o
                0x080036c4                update_shuttlecock
 *fill*         0x080037ba        0x2 
 .text.update_paddle
                0x080037bc      0x174 ./Core/Src/paddle_shuttle.o
                0x080037bc                update_paddle
 .text.resolve_paddle_hit
                0x08003930       0xb8 ./Core/Src/paddle_shuttle.o
                0x08003930                resolve_paddle_hit
 .text.serve_launch
                0x080039e8       0x5e ./Core/Src/paddle_shuttle.o
                0x080039e8                serve_launch
 .text.handle_serve_state
                0x08003a46       0x3a ./Core/Src/paddle_shuttle.o
                0x08003a46                handle_serve_state
 .text.play_mode_draw_static_scoreboard
                0x08003a80       0x98 ./Core/Src/play_mode.o
 .text.play_mode_render_scoreboard
                0x08003b18       0xfc ./Core/Src/play_mode.o
 .text.PlayMode_Init
                0x08003c14       0x3a ./Core/Src/play_mode.o
                0x08003c14                PlayMode_Init
 .text.PlayMode_Enter
                0x08003c4e       0x42 ./Core/Src/play_mode.o
                0x08003c4e                PlayMode_Enter
 .text.PlayMode_Process
                0x08003c90      0x15c ./Core/Src/play_mode.o
                0x08003c90                PlayMode_Process
 .text.game_reset_serve
                0x08003dec       0xd8 ./Core/Src/scoring.o
                0x08003dec                game_reset_serve
 .text.game_score_point
                0x08003ec4       0x7c ./Core/Src/scoring.o
                0x08003ec4                game_score_point
 .text.SPI_SendGameState
                0x08003f40      0x104 ./Core/Src/spi.o
                0x08003f40                SPI_SendGameState
 .text.start_page_get_prompt_brightness
                0x08004044       0x74 ./Core/Src/start_page.o
 .text.start_page_clear_side_region
                0x080040b8       0x3a ./Core/Src/start_page.o
 *fill*         0x080040f2        0x2 
 .text.start_page_draw_static_layout
                0x080040f4       0x98 ./Core/Src/start_page.o
 .text.start_page_render_side
                0x0800418c       0xa0 ./Core/Src/start_page.o
 .text.start_page_draw_prompt_in_place
                0x0800422c       0x58 ./Core/Src/start_page.o
 .text.start_page_render
                0x08004284       0x5e ./Core/Src/start_page.o
 .text.start_page_update_prompt_animation
                0x080042e2       0x5e ./Core/Src/start_page.o
 .text.start_page_seed_touch_latch
                0x08004340       0x34 ./Core/Src/start_page.o
 .text.StartPage_Init
                0x08004374       0x22 ./Core/Src/start_page.o
                0x08004374                StartPage_Init
 .text.StartPage_Enter
                0x08004396       0x4e ./Core/Src/start_page.o
                0x08004396                StartPage_Enter
 .text.StartPage_Process
                0x080043e4       0xf0 ./Core/Src/start_page.o
                0x080043e4                StartPage_Process
 .text.HAL_MspInit
                0x080044d4       0x48 ./Core/Src/stm32l4xx_hal_msp.o
                0x080044d4                HAL_MspInit
 .text.HAL_I2C_MspInit
                0x0800451c      0x148 ./Core/Src/stm32l4xx_hal_msp.o
                0x0800451c                HAL_I2C_MspInit
 .text.HAL_UART_MspInit
                0x08004664      0x14c ./Core/Src/stm32l4xx_hal_msp.o
                0x08004664                HAL_UART_MspInit
 .text.HAL_SPI_MspInit
                0x080047b0       0x84 ./Core/Src/stm32l4xx_hal_msp.o
                0x080047b0                HAL_SPI_MspInit
 .text.HAL_SPI_MspDeInit
                0x08004834       0x38 ./Core/Src/stm32l4xx_hal_msp.o
                0x08004834                HAL_SPI_MspDeInit
 .text.NMI_Handler
                0x0800486c        0x8 ./Core/Src/stm32l4xx_it.o
                0x0800486c                NMI_Handler
 .text.HardFault_Handler
                0x08004874        0x8 ./Core/Src/stm32l4xx_it.o
                0x08004874                HardFault_Handler
 .text.MemManage_Handler
                0x0800487c        0x8 ./Core/Src/stm32l4xx_it.o
                0x0800487c                MemManage_Handler
 .text.BusFault_Handler
                0x08004884        0x8 ./Core/Src/stm32l4xx_it.o
                0x08004884                BusFault_Handler
 .text.UsageFault_Handler
                0x0800488c        0x8 ./Core/Src/stm32l4xx_it.o
                0x0800488c                UsageFault_Handler
 .text.SVC_Handler
                0x08004894        0xe ./Core/Src/stm32l4xx_it.o
                0x08004894                SVC_Handler
 .text.DebugMon_Handler
                0x080048a2        0xe ./Core/Src/stm32l4xx_it.o
                0x080048a2                DebugMon_Handler
 .text.PendSV_Handler
                0x080048b0        0xe ./Core/Src/stm32l4xx_it.o
                0x080048b0                PendSV_Handler
 .text.SysTick_Handler
                0x080048be        0xc ./Core/Src/stm32l4xx_it.o
                0x080048be                SysTick_Handler
 .text._getpid  0x080048ca       0x10 ./Core/Src/syscalls.o
                0x080048ca                _getpid
 .text._kill    0x080048da       0x20 ./Core/Src/syscalls.o
                0x080048da                _kill
 .text._exit    0x080048fa       0x16 ./Core/Src/syscalls.o
                0x080048fa                _exit
 .text._read    0x08004910       0x3a ./Core/Src/syscalls.o
                0x08004910                _read
 .text._write   0x0800494a       0x38 ./Core/Src/syscalls.o
                0x0800494a                _write
 .text._close   0x08004982       0x18 ./Core/Src/syscalls.o
                0x08004982                _close
 .text._fstat   0x0800499a       0x20 ./Core/Src/syscalls.o
                0x0800499a                _fstat
 .text._isatty  0x080049ba       0x16 ./Core/Src/syscalls.o
                0x080049ba                _isatty
 .text._lseek   0x080049d0       0x1a ./Core/Src/syscalls.o
                0x080049d0                _lseek
 *fill*         0x080049ea        0x2 
 .text._sbrk    0x080049ec       0x6c ./Core/Src/sysmem.o
                0x080049ec                _sbrk
 .text.SystemInit
                0x08004a58       0x24 ./Core/Src/system_stm32l4xx.o
                0x08004a58                SystemInit
 .text.touch_deselect_all
                0x08004a7c       0x20 ./Core/Src/touch_xpt2046.o
 .text.touch_pressure_is_valid
                0x08004a9c       0x50 ./Core/Src/touch_xpt2046.o
 .text.touch_read_value
                0x08004aec       0x74 ./Core/Src/touch_xpt2046.o
 .text.touch_spi_set_prescaler
                0x08004b60       0x4c ./Core/Src/touch_xpt2046.o
 .text.touch_read_raw_once
                0x08004bac       0x8c ./Core/Src/touch_xpt2046.o
 .text.touch_map_axis
                0x08004c38       0x5e ./Core/Src/touch_xpt2046.o
 *fill*         0x08004c96        0x2 
 .text.Touch_XPT2046_Init
                0x08004c98       0x68 ./Core/Src/touch_xpt2046.o
                0x08004c98                Touch_XPT2046_Init
 .text.Touch_XPT2046_ReadRaw
                0x08004d00      0x1e8 ./Core/Src/touch_xpt2046.o
                0x08004d00                Touch_XPT2046_ReadRaw
 .text.Touch_XPT2046_ReadState
                0x08004ee8       0xd8 ./Core/Src/touch_xpt2046.o
                0x08004ee8                Touch_XPT2046_ReadState
 .text.nunchuk_init
                0x08004fc0       0x78 ./Core/Src/wii_nunchuk.o
                0x08004fc0                nunchuk_init
 .text.nunchuk_read_p1
                0x08005038       0x40 ./Core/Src/wii_nunchuk.o
                0x08005038                nunchuk_read_p1
 .text.nunchuk_read_p2
                0x08005078       0x70 ./Core/Src/wii_nunchuk.o
                0x08005078                nunchuk_read_p2
 .text.process_nunchuk_p1
                0x080050e8      0x12c ./Core/Src/wii_nunchuk.o
                0x080050e8                process_nunchuk_p1
 .text.process_nunchuk_p2
                0x08005214      0x14c ./Core/Src/wii_nunchuk.o
                0x08005214                process_nunchuk_p2
 .text.Reset_Handler
                0x08005360       0x50 ./Core/Startup/startup_stm32l4r5zitxp.o
                0x08005360                Reset_Handler
 .text.Default_Handler
                0x080053b0        0x2 ./Core/Startup/startup_stm32l4r5zitxp.o
                0x080053b0                RTC_Alarm_IRQHandler
                0x080053b0                EXTI2_IRQHandler
                0x080053b0                TIM8_TRG_COM_IRQHandler
                0x080053b0                TIM8_CC_IRQHandler
                0x080053b0                TIM1_CC_IRQHandler
                0x080053b0                TSC_IRQHandler
                0x080053b0                TAMP_STAMP_IRQHandler
                0x080053b0                EXTI3_IRQHandler
                0x080053b0                LPTIM2_IRQHandler
                0x080053b0                DFSDM1_FLT1_IRQHandler
                0x080053b0                GFXMMU_IRQHandler
                0x080053b0                I2C3_ER_IRQHandler
                0x080053b0                DFSDM1_FLT2_IRQHandler
                0x080053b0                EXTI0_IRQHandler
                0x080053b0                I2C2_EV_IRQHandler
                0x080053b0                CAN1_RX0_IRQHandler
                0x080053b0                FPU_IRQHandler
                0x080053b0                TIM1_UP_TIM16_IRQHandler
                0x080053b0                LTDC_ER_IRQHandler
                0x080053b0                SPI1_IRQHandler
                0x080053b0                OCTOSPI1_IRQHandler
                0x080053b0                TIM6_DAC_IRQHandler
                0x080053b0                DCMI_IRQHandler
                0x080053b0                TIM8_UP_IRQHandler
                0x080053b0                OCTOSPI2_IRQHandler
                0x080053b0                DMA2_Channel2_IRQHandler
                0x080053b0                DMA1_Channel4_IRQHandler
                0x080053b0                SAI2_IRQHandler
                0x080053b0                ADC1_IRQHandler
                0x080053b0                DFSDM1_FLT3_IRQHandler
                0x080053b0                USART3_IRQHandler
                0x080053b0                DMA1_Channel7_IRQHandler
                0x080053b0                CAN1_RX1_IRQHandler
                0x080053b0                UART5_IRQHandler
                0x080053b0                TIM4_IRQHandler
                0x080053b0                DMA2_Channel1_IRQHandler
                0x080053b0                I2C1_EV_IRQHandler
                0x080053b0                DMAMUX1_OVR_IRQHandler
                0x080053b0                DMA1_Channel6_IRQHandler
                0x080053b0                UART4_IRQHandler
                0x080053b0                DMA2_Channel4_IRQHandler
                0x080053b0                TIM3_IRQHandler
                0x080053b0                RCC_IRQHandler
                0x080053b0                DMA1_Channel1_IRQHandler
                0x080053b0                Default_Handler
                0x080053b0                DMA2_Channel7_IRQHandler
                0x080053b0                EXTI15_10_IRQHandler
                0x080053b0                TIM7_IRQHandler
                0x080053b0                SDMMC1_IRQHandler
                0x080053b0                TIM5_IRQHandler
                0x080053b0                I2C3_EV_IRQHandler
                0x080053b0                EXTI9_5_IRQHandler
                0x080053b0                RTC_WKUP_IRQHandler
                0x080053b0                LTDC_IRQHandler
                0x080053b0                PVD_PVM_IRQHandler
                0x080053b0                SPI2_IRQHandler
                0x080053b0                CAN1_TX_IRQHandler
                0x080053b0                DMA2_Channel5_IRQHandler
                0x080053b0                CRS_IRQHandler
                0x080053b0                DMA1_Channel5_IRQHandler
                0x080053b0                EXTI4_IRQHandler
                0x080053b0                RNG_IRQHandler
                0x080053b0                TIM1_TRG_COM_TIM17_IRQHandler
                0x080053b0                DMA1_Channel3_IRQHandler
                0x080053b0                COMP_IRQHandler
                0x080053b0                WWDG_IRQHandler
                0x080053b0                I2C4_EV_IRQHandler
                0x080053b0                LPUART1_IRQHandler
                0x080053b0                DMA2_Channel6_IRQHandler
                0x080053b0                TIM2_IRQHandler
                0x080053b0                DMA2D_IRQHandler
                0x080053b0                USART2_IRQHandler
                0x080053b0                DFSDM1_FLT0_IRQHandler
                0x080053b0                I2C2_ER_IRQHandler
                0x080053b0                DMA1_Channel2_IRQHandler
                0x080053b0                TIM8_BRK_IRQHandler
                0x080053b0                CAN1_SCE_IRQHandler
                0x080053b0                FLASH_IRQHandler
                0x080053b0                USART1_IRQHandler
                0x080053b0                OTG_FS_IRQHandler
                0x080053b0                SPI3_IRQHandler
                0x080053b0                I2C1_ER_IRQHandler
                0x080053b0                FMC_IRQHandler
                0x080053b0                LPTIM1_IRQHandler
                0x080053b0                I2C4_ER_IRQHandler
                0x080053b0                SAI1_IRQHandler
                0x080053b0                DMA2_Channel3_IRQHandler
                0x080053b0                TIM1_BRK_TIM15_IRQHandler
 .text.HAL_Init
                0x080053b2       0x30 ./Drivers/STM32L4xx_HAL_Driver/Src/stm32l4xx_hal.o
                0x080053b2                HAL_Init
 *fill*         0x080053e2        0x2 
 .text.HAL_InitTick
                0x080053e4       0x78 ./Drivers/STM32L4xx_HAL_Driver/Src/stm32l4xx_hal.o
                0x080053e4                HAL_InitTick
 .text.HAL_IncTick
                0x0800545c       0x28 ./Drivers/STM32L4xx_HAL_Driver/Src/stm32l4xx_hal.o
                0x0800545c                HAL_IncTick
 .text.HAL_GetTick
                0x08005484       0x18 ./Drivers/STM32L4xx_HAL_Driver/Src/stm32l4xx_hal.o
                0x08005484                HAL_GetTick
 .text.HAL_Delay
                0x0800549c       0x48 ./Drivers/STM32L4xx_HAL_Driver/Src/stm32l4xx_hal.o
                0x0800549c                HAL_Delay
 .text.__NVIC_SetPriorityGrouping
                0x080054e4       0x48 ./Drivers/STM32L4xx_HAL_Driver/Src/stm32l4xx_hal_cortex.o
 .text.__NVIC_GetPriorityGrouping
                0x0800552c       0x1c ./Drivers/STM32L4xx_HAL_Driver/Src/stm32l4xx_hal_cortex.o
 .text.__NVIC_EnableIRQ
                0x08005548       0x3c ./Drivers/STM32L4xx_HAL_Driver/Src/stm32l4xx_hal_cortex.o
 .text.__NVIC_SetPriority
                0x08005584       0x54 ./Drivers/STM32L4xx_HAL_Driver/Src/stm32l4xx_hal_cortex.o
 .text.NVIC_EncodePriority
                0x080055d8       0x66 ./Drivers/STM32L4xx_HAL_Driver/Src/stm32l4xx_hal_cortex.o
 *fill*         0x0800563e        0x2 
 .text.SysTick_Config
                0x08005640       0x44 ./Drivers/STM32L4xx_HAL_Driver/Src/stm32l4xx_hal_cortex.o
 .text.HAL_NVIC_SetPriorityGrouping
                0x08005684       0x16 ./Drivers/STM32L4xx_HAL_Driver/Src/stm32l4xx_hal_cortex.o
                0x08005684                HAL_NVIC_SetPriorityGrouping
 .text.HAL_NVIC_SetPriority
                0x0800569a       0x38 ./Drivers/STM32L4xx_HAL_Driver/Src/stm32l4xx_hal_cortex.o
                0x0800569a                HAL_NVIC_SetPriority
 .text.HAL_NVIC_EnableIRQ
                0x080056d2       0x1c ./Drivers/STM32L4xx_HAL_Driver/Src/stm32l4xx_hal_cortex.o
                0x080056d2                HAL_NVIC_EnableIRQ
 .text.HAL_SYSTICK_Config
                0x080056ee       0x18 ./Drivers/STM32L4xx_HAL_Driver/Src/stm32l4xx_hal_cortex.o
                0x080056ee                HAL_SYSTICK_Config
 *fill*         0x08005706        0x2 
 .text.HAL_GPIO_Init
                0x08005708      0x324 ./Drivers/STM32L4xx_HAL_Driver/Src/stm32l4xx_hal_gpio.o
                0x08005708                HAL_GPIO_Init
 .text.HAL_GPIO_DeInit
                0x08005a2c      0x1e4 ./Drivers/STM32L4xx_HAL_Driver/Src/stm32l4xx_hal_gpio.o
                0x08005a2c                HAL_GPIO_DeInit
 .text.HAL_GPIO_ReadPin
                0x08005c10       0x30 ./Drivers/STM32L4xx_HAL_Driver/Src/stm32l4xx_hal_gpio.o
                0x08005c10                HAL_GPIO_ReadPin
 .text.HAL_GPIO_WritePin
                0x08005c40       0x30 ./Drivers/STM32L4xx_HAL_Driver/Src/stm32l4xx_hal_gpio.o
                0x08005c40                HAL_GPIO_WritePin
 .text.HAL_GPIO_EXTI_IRQHandler
                0x08005c70       0x30 ./Drivers/STM32L4xx_HAL_Driver/Src/stm32l4xx_hal_gpio.o
                0x08005c70                HAL_GPIO_EXTI_IRQHandler
 .text.HAL_I2C_Init
                0x08005ca0      0x136 ./Drivers/STM32L4xx_HAL_Driver/Src/stm32l4xx_hal_i2c.o
                0x08005ca0                HAL_I2C_Init
 *fill*         0x08005dd6        0x2 
 .text.HAL_I2C_Master_Transmit
                0x08005dd8      0x230 ./Drivers/STM32L4xx_HAL_Driver/Src/stm32l4xx_hal_i2c.o
                0x08005dd8                HAL_I2C_Master_Transmit
 .text.HAL_I2C_Master_Receive
                0x08006008      0x1ec ./Drivers/STM32L4xx_HAL_Driver/Src/stm32l4xx_hal_i2c.o
                0x08006008                HAL_I2C_Master_Receive
 .text.I2C_Flush_TXDR
                0x080061f4       0x48 ./Drivers/STM32L4xx_HAL_Driver/Src/stm32l4xx_hal_i2c.o
 .text.I2C_WaitOnFlagUntilTimeout
                0x0800623c       0xb2 ./Drivers/STM32L4xx_HAL_Driver/Src/stm32l4xx_hal_i2c.o
 .text.I2C_WaitOnTXISFlagUntilTimeout
                0x080062ee       0x8e ./Drivers/STM32L4xx_HAL_Driver/Src/stm32l4xx_hal_i2c.o
 .text.I2C_WaitOnSTOPFlagUntilTimeout
                0x0800637c       0x86 ./Drivers/STM32L4xx_HAL_Driver/Src/stm32l4xx_hal_i2c.o
 *fill*         0x08006402        0x2 
 .text.I2C_WaitOnRXNEFlagUntilTimeout
                0x08006404      0x118 ./Drivers/STM32L4xx_HAL_Driver/Src/stm32l4xx_hal_i2c.o
 .text.I2C_IsErrorOccurred
                0x0800651c      0x1c0 ./Drivers/STM32L4xx_HAL_Driver/Src/stm32l4xx_hal_i2c.o
 .text.I2C_TransferConfig
                0x080066dc       0x64 ./Drivers/STM32L4xx_HAL_Driver/Src/stm32l4xx_hal_i2c.o
 .text.HAL_I2CEx_ConfigAnalogFilter
                0x08006740       0x96 ./Drivers/STM32L4xx_HAL_Driver/Src/stm32l4xx_hal_i2c_ex.o
                0x08006740                HAL_I2CEx_ConfigAnalogFilter
 .text.HAL_I2CEx_ConfigDigitalFilter
                0x080067d6       0x98 ./Drivers/STM32L4xx_HAL_Driver/Src/stm32l4xx_hal_i2c_ex.o
                0x080067d6                HAL_I2CEx_ConfigDigitalFilter
 *fill*         0x0800686e        0x2 
 .text.HAL_PWREx_GetVoltageRange
                0x08006870       0x40 ./Drivers/STM32L4xx_HAL_Driver/Src/stm32l4xx_hal_pwr_ex.o
                0x08006870                HAL_PWREx_GetVoltageRange
 .text.HAL_PWREx_ControlVoltageScaling
                0x080068b0      0x148 ./Drivers/STM32L4xx_HAL_Driver/Src/stm32l4xx_hal_pwr_ex.o
                0x080068b0                HAL_PWREx_ControlVoltageScaling
 .text.HAL_PWREx_EnableVddIO2
                0x080069f8       0x20 ./Drivers/STM32L4xx_HAL_Driver/Src/stm32l4xx_hal_pwr_ex.o
                0x080069f8                HAL_PWREx_EnableVddIO2
 .text.HAL_RCC_OscConfig
                0x08006a18      0x834 ./Drivers/STM32L4xx_HAL_Driver/Src/stm32l4xx_hal_rcc.o
                0x08006a18                HAL_RCC_OscConfig
 .text.HAL_RCC_ClockConfig
                0x0800724c      0x274 ./Drivers/STM32L4xx_HAL_Driver/Src/stm32l4xx_hal_rcc.o
                0x0800724c                HAL_RCC_ClockConfig
 .text.HAL_RCC_GetSysClockFreq
                0x080074c0      0x118 ./Drivers/STM32L4xx_HAL_Driver/Src/stm32l4xx_hal_rcc.o
                0x080074c0                HAL_RCC_GetSysClockFreq
 .text.HAL_RCC_GetHCLKFreq
                0x080075d8       0x18 ./Drivers/STM32L4xx_HAL_Driver/Src/stm32l4xx_hal_rcc.o
                0x080075d8                HAL_RCC_GetHCLKFreq
 .text.HAL_RCC_GetPCLK1Freq
                0x080075f0       0x2c ./Drivers/STM32L4xx_HAL_Driver/Src/stm32l4xx_hal_rcc.o
                0x080075f0                HAL_RCC_GetPCLK1Freq
 .text.HAL_RCC_GetPCLK2Freq
                0x0800761c       0x2c ./Drivers/STM32L4xx_HAL_Driver/Src/stm32l4xx_hal_rcc.o
                0x0800761c                HAL_RCC_GetPCLK2Freq
 .text.RCC_SetFlashLatencyFromMSIRange
                0x08007648       0xb4 ./Drivers/STM32L4xx_HAL_Driver/Src/stm32l4xx_hal_rcc.o
 .text.RCC_GetSysClockFreqFromPLLSource
                0x080076fc       0xcc ./Drivers/STM32L4xx_HAL_Driver/Src/stm32l4xx_hal_rcc.o
 .text.HAL_RCCEx_PeriphCLKConfig
                0x080077c8      0x660 ./Drivers/STM32L4xx_HAL_Driver/Src/stm32l4xx_hal_rcc_ex.o
                0x080077c8                HAL_RCCEx_PeriphCLKConfig
 .text.RCCEx_PLLSAI1_Config
                0x08007e28      0x1e8 ./Drivers/STM32L4xx_HAL_Driver/Src/stm32l4xx_hal_rcc_ex.o
 .text.RCCEx_PLLSAI2_Config
                0x08008010      0x1e8 ./Drivers/STM32L4xx_HAL_Driver/Src/stm32l4xx_hal_rcc_ex.o
 .text.HAL_SPI_Init
                0x080081f8      0x146 ./Drivers/STM32L4xx_HAL_Driver/Src/stm32l4xx_hal_spi.o
                0x080081f8                HAL_SPI_Init
 .text.HAL_SPI_DeInit
                0x0800833e       0x50 ./Drivers/STM32L4xx_HAL_Driver/Src/stm32l4xx_hal_spi.o
                0x0800833e                HAL_SPI_DeInit
 .text.HAL_SPI_Transmit
                0x0800838e      0x2ec ./Drivers/STM32L4xx_HAL_Driver/Src/stm32l4xx_hal_spi.o
                0x0800838e                HAL_SPI_Transmit
 .text.HAL_SPI_TransmitReceive
                0x0800867a      0x43e ./Drivers/STM32L4xx_HAL_Driver/Src/stm32l4xx_hal_spi.o
                0x0800867a                HAL_SPI_TransmitReceive
 .text.SPI_WaitFlagStateUntilTimeout
                0x08008ab8      0x110 ./Drivers/STM32L4xx_HAL_Driver/Src/stm32l4xx_hal_spi.o
 .text.SPI_WaitFifoStateUntilTimeout
                0x08008bc8      0x12c ./Drivers/STM32L4xx_HAL_Driver/Src/stm32l4xx_hal_spi.o
 .text.SPI_EndRxTxTransaction
                0x08008cf4       0x8c ./Drivers/STM32L4xx_HAL_Driver/Src/stm32l4xx_hal_spi.o
 .text.HAL_UART_Init
                0x08008d80       0xa0 ./Drivers/STM32L4xx_HAL_Driver/Src/stm32l4xx_hal_uart.o
                0x08008d80                HAL_UART_Init
 .text.HAL_UART_Transmit
                0x08008e20      0x11c ./Drivers/STM32L4xx_HAL_Driver/Src/stm32l4xx_hal_uart.o
                0x08008e20                HAL_UART_Transmit
 .text.UART_SetConfig
                0x08008f3c      0x5f8 ./Drivers/STM32L4xx_HAL_Driver/Src/stm32l4xx_hal_uart.o
                0x08008f3c                UART_SetConfig
 .text.UART_AdvFeatureConfig
                0x08009534      0x144 ./Drivers/STM32L4xx_HAL_Driver/Src/stm32l4xx_hal_uart.o
                0x08009534                UART_AdvFeatureConfig
 .text.UART_CheckIdleState
                0x08009678      0x154 ./Drivers/STM32L4xx_HAL_Driver/Src/stm32l4xx_hal_uart.o
                0x08009678                UART_CheckIdleState
 .text.UART_WaitOnFlagUntilTimeout
                0x080097cc       0xda ./Drivers/STM32L4xx_HAL_Driver/Src/stm32l4xx_hal_uart.o
                0x080097cc                UART_WaitOnFlagUntilTimeout
 .text.UART_EndRxTransfer
                0x080098a6       0xcc ./Drivers/STM32L4xx_HAL_Driver/Src/stm32l4xx_hal_uart.o
 .text.HAL_UARTEx_DisableFifoMode
                0x08009972       0x72 ./Drivers/STM32L4xx_HAL_Driver/Src/stm32l4xx_hal_uart_ex.o
                0x08009972                HAL_UARTEx_DisableFifoMode
 .text.HAL_UARTEx_SetTxFifoThreshold
                0x080099e4       0x7c ./Drivers/STM32L4xx_HAL_Driver/Src/stm32l4xx_hal_uart_ex.o
                0x080099e4                HAL_UARTEx_SetTxFifoThreshold
 .text.HAL_UARTEx_SetRxFifoThreshold
                0x08009a60       0x7c ./Drivers/STM32L4xx_HAL_Driver/Src/stm32l4xx_hal_uart_ex.o
                0x08009a60                HAL_UARTEx_SetRxFifoThreshold
 .text.UARTEx_SetNbDataToProcess
                0x08009adc       0x9c ./Drivers/STM32L4xx_HAL_Driver/Src/stm32l4xx_hal_uart_ex.o
 .text.__cvt    0x08009b78       0xca C:/ST/STM32CubeIDE_1.19.0/STM32CubeIDE/plugins/com.st.stm32cube.ide.mcu.externaltools.gnu-tools-for-stm32.13.3.rel1.win32_1.0.0.202411081344/tools/bin/../lib/gcc/arm-none-eabi/13.3.1/../../../../arm-none-eabi/lib/thumb/v7e-m+fp/hard\libc_nano.a(libc_a-nano-vfprintf_float.o)
                0x08009b78                __cvt
 .text.__exponent
                0x08009c42       0x74 C:/ST/STM32CubeIDE_1.19.0/STM32CubeIDE/plugins/com.st.stm32cube.ide.mcu.externaltools.gnu-tools-for-stm32.13.3.rel1.win32_1.0.0.202411081344/tools/bin/../lib/gcc/arm-none-eabi/13.3.1/../../../../arm-none-eabi/lib/thumb/v7e-m+fp/hard\libc_nano.a(libc_a-nano-vfprintf_float.o)
                0x08009c42                __exponent
 *fill*         0x08009cb6        0x2 
 .text._printf_float
                0x08009cb8      0x454 C:/ST/STM32CubeIDE_1.19.0/STM32CubeIDE/plugins/com.st.stm32cube.ide.mcu.externaltools.gnu-tools-for-stm32.13.3.rel1.win32_1.0.0.202411081344/tools/bin/../lib/gcc/arm-none-eabi/13.3.1/../../../../arm-none-eabi/lib/thumb/v7e-m+fp/hard\libc_nano.a(libc_a-nano-vfprintf_float.o)
                0x08009cb8                _printf_float
 .text._printf_common
                0x0800a10c       0xda C:/ST/STM32CubeIDE_1.19.0/STM32CubeIDE/plugins/com.st.stm32cube.ide.mcu.externaltools.gnu-tools-for-stm32.13.3.rel1.win32_1.0.0.202411081344/tools/bin/../lib/gcc/arm-none-eabi/13.3.1/../../../../arm-none-eabi/lib/thumb/v7e-m+fp/hard\libc_nano.a(libc_a-nano-vfprintf_i.o)
                0x0800a10c                _printf_common
 *fill*         0x0800a1e6        0x2 
 .text._printf_i
                0x0800a1e8      0x23c C:/ST/STM32CubeIDE_1.19.0/STM32CubeIDE/plugins/com.st.stm32cube.ide.mcu.externaltools.gnu-tools-for-stm32.13.3.rel1.win32_1.0.0.202411081344/tools/bin/../lib/gcc/arm-none-eabi/13.3.1/../../../../arm-none-eabi/lib/thumb/v7e-m+fp/hard\libc_nano.a(libc_a-nano-vfprintf_i.o)
                0x0800a1e8                _printf_i
 .text.std      0x0800a424       0x6c C:/ST/STM32CubeIDE_1.19.0/STM32CubeIDE/plugins/com.st.stm32cube.ide.mcu.externaltools.gnu-tools-for-stm32.13.3.rel1.win32_1.0.0.202411081344/tools/bin/../lib/gcc/arm-none-eabi/13.3.1/../../../../arm-none-eabi/lib/thumb/v7e-m+fp/hard\libc_nano.a(libc_a-findfp.o)
 .text.stdio_exit_handler
                0x0800a490       0x18 C:/ST/STM32CubeIDE_1.19.0/STM32CubeIDE/plugins/com.st.stm32cube.ide.mcu.externaltools.gnu-tools-for-stm32.13.3.rel1.win32_1.0.0.202411081344/tools/bin/../lib/gcc/arm-none-eabi/13.3.1/../../../../arm-none-eabi/lib/thumb/v7e-m+fp/hard\libc_nano.a(libc_a-findfp.o)
 .text.cleanup_stdio
                0x0800a4a8       0x40 C:/ST/STM32CubeIDE_1.19.0/STM32CubeIDE/plugins/com.st.stm32cube.ide.mcu.externaltools.gnu-tools-for-stm32.13.3.rel1.win32_1.0.0.202411081344/tools/bin/../lib/gcc/arm-none-eabi/13.3.1/../../../../arm-none-eabi/lib/thumb/v7e-m+fp/hard\libc_nano.a(libc_a-findfp.o)
 .text.global_stdio_init.part.0
                0x0800a4e8       0x3c C:/ST/STM32CubeIDE_1.19.0/STM32CubeIDE/plugins/com.st.stm32cube.ide.mcu.externaltools.gnu-tools-for-stm32.13.3.rel1.win32_1.0.0.202411081344/tools/bin/../lib/gcc/arm-none-eabi/13.3.1/../../../../arm-none-eabi/lib/thumb/v7e-m+fp/hard\libc_nano.a(libc_a-findfp.o)
 .text.__sfp_lock_acquire
                0x0800a524        0xc C:/ST/STM32CubeIDE_1.19.0/STM32CubeIDE/plugins/com.st.stm32cube.ide.mcu.externaltools.gnu-tools-for-stm32.13.3.rel1.win32_1.0.0.202411081344/tools/bin/../lib/gcc/arm-none-eabi/13.3.1/../../../../arm-none-eabi/lib/thumb/v7e-m+fp/hard\libc_nano.a(libc_a-findfp.o)
                0x0800a524                __sfp_lock_acquire
 .text.__sfp_lock_release
                0x0800a530        0xc C:/ST/STM32CubeIDE_1.19.0/STM32CubeIDE/plugins/com.st.stm32cube.ide.mcu.externaltools.gnu-tools-for-stm32.13.3.rel1.win32_1.0.0.202411081344/tools/bin/../lib/gcc/arm-none-eabi/13.3.1/../../../../arm-none-eabi/lib/thumb/v7e-m+fp/hard\libc_nano.a(libc_a-findfp.o)
                0x0800a530                __sfp_lock_release
 .text.__sinit  0x0800a53c       0x30 C:/ST/STM32CubeIDE_1.19.0/STM32CubeIDE/plugins/com.st.stm32cube.ide.mcu.externaltools.gnu-tools-for-stm32.13.3.rel1.win32_1.0.0.202411081344/tools/bin/../lib/gcc/arm-none-eabi/13.3.1/../../../../arm-none-eabi/lib/thumb/v7e-m+fp/hard\libc_nano.a(libc_a-findfp.o)
                0x0800a53c                __sinit
 .text._fwalk_sglue
                0x0800a56c       0x3c C:/ST/STM32CubeIDE_1.19.0/STM32CubeIDE/plugins/com.st.stm32cube.ide.mcu.externaltools.gnu-tools-for-stm32.13.3.rel1.win32_1.0.0.202411081344/tools/bin/../lib/gcc/arm-none-eabi/13.3.1/../../../../arm-none-eabi/lib/thumb/v7e-m+fp/hard\libc_nano.a(libc_a-fwalk.o)
                0x0800a56c                _fwalk_sglue
 .text.printf   0x0800a5a8       0x24 C:/ST/STM32CubeIDE_1.19.0/STM32CubeIDE/plugins/com.st.stm32cube.ide.mcu.externaltools.gnu-tools-for-stm32.13.3.rel1.win32_1.0.0.202411081344/tools/bin/../lib/gcc/arm-none-eabi/13.3.1/../../../../arm-none-eabi/lib/thumb/v7e-m+fp/hard\libc_nano.a(libc_a-printf.o)
                0x0800a5a8                iprintf
                0x0800a5a8                printf
 .text._puts_r  0x0800a5cc       0xaa C:/ST/STM32CubeIDE_1.19.0/STM32CubeIDE/plugins/com.st.stm32cube.ide.mcu.externaltools.gnu-tools-for-stm32.13.3.rel1.win32_1.0.0.202411081344/tools/bin/../lib/gcc/arm-none-eabi/13.3.1/../../../../arm-none-eabi/lib/thumb/v7e-m+fp/hard\libc_nano.a(libc_a-puts.o)
                0x0800a5cc                _puts_r
 *fill*         0x0800a676        0x2 
 .text.puts     0x0800a678       0x10 C:/ST/STM32CubeIDE_1.19.0/STM32CubeIDE/plugins/com.st.stm32cube.ide.mcu.externaltools.gnu-tools-for-stm32.13.3.rel1.win32_1.0.0.202411081344/tools/bin/../lib/gcc/arm-none-eabi/13.3.1/../../../../arm-none-eabi/lib/thumb/v7e-m+fp/hard\libc_nano.a(libc_a-puts.o)
                0x0800a678                puts
 .text.snprintf
                0x0800a688       0x6c C:/ST/STM32CubeIDE_1.19.0/STM32CubeIDE/plugins/com.st.stm32cube.ide.mcu.externaltools.gnu-tools-for-stm32.13.3.rel1.win32_1.0.0.202411081344/tools/bin/../lib/gcc/arm-none-eabi/13.3.1/../../../../arm-none-eabi/lib/thumb/v7e-m+fp/hard\libc_nano.a(libc_a-snprintf.o)
                0x0800a688                sniprintf
                0x0800a688                snprintf
 .text.sprintf  0x0800a6f4       0x44 C:/ST/STM32CubeIDE_1.19.0/STM32CubeIDE/plugins/com.st.stm32cube.ide.mcu.externaltools.gnu-tools-for-stm32.13.3.rel1.win32_1.0.0.202411081344/tools/bin/../lib/gcc/arm-none-eabi/13.3.1/../../../../arm-none-eabi/lib/thumb/v7e-m+fp/hard\libc_nano.a(libc_a-sprintf.o)
                0x0800a6f4                siprintf
                0x0800a6f4                sprintf
 .text.__sread  0x0800a738       0x22 C:/ST/STM32CubeIDE_1.19.0/STM32CubeIDE/plugins/com.st.stm32cube.ide.mcu.externaltools.gnu-tools-for-stm32.13.3.rel1.win32_1.0.0.202411081344/tools/bin/../lib/gcc/arm-none-eabi/13.3.1/../../../../arm-none-eabi/lib/thumb/v7e-m+fp/hard\libc_nano.a(libc_a-stdio.o)
                0x0800a738                __sread
 .text.__swrite
                0x0800a75a       0x38 C:/ST/STM32CubeIDE_1.19.0/STM32CubeIDE/plugins/com.st.stm32cube.ide.mcu.externaltools.gnu-tools-for-stm32.13.3.rel1.win32_1.0.0.202411081344/tools/bin/../lib/gcc/arm-none-eabi/13.3.1/../../../../arm-none-eabi/lib/thumb/v7e-m+fp/hard\libc_nano.a(libc_a-stdio.o)
                0x0800a75a                __swrite
 .text.__sseek  0x0800a792       0x24 C:/ST/STM32CubeIDE_1.19.0/STM32CubeIDE/plugins/com.st.stm32cube.ide.mcu.externaltools.gnu-tools-for-stm32.13.3.rel1.win32_1.0.0.202411081344/tools/bin/../lib/gcc/arm-none-eabi/13.3.1/../../../../arm-none-eabi/lib/thumb/v7e-m+fp/hard\libc_nano.a(libc_a-stdio.o)
                0x0800a792                __sseek
 .text.__sclose
                0x0800a7b6        0x8 C:/ST/STM32CubeIDE_1.19.0/STM32CubeIDE/plugins/com.st.stm32cube.ide.mcu.externaltools.gnu-tools-for-stm32.13.3.rel1.win32_1.0.0.202411081344/tools/bin/../lib/gcc/arm-none-eabi/13.3.1/../../../../arm-none-eabi/lib/thumb/v7e-m+fp/hard\libc_nano.a(libc_a-stdio.o)
                0x0800a7b6                __sclose
 .text.__swbuf_r
                0x0800a7be       0x7c C:/ST/STM32CubeIDE_1.19.0/STM32CubeIDE/plugins/com.st.stm32cube.ide.mcu.externaltools.gnu-tools-for-stm32.13.3.rel1.win32_1.0.0.202411081344/tools/bin/../lib/gcc/arm-none-eabi/13.3.1/../../../../arm-none-eabi/lib/thumb/v7e-m+fp/hard\libc_nano.a(libc_a-wbuf.o)
                0x0800a7be                __swbuf_r
 *fill*         0x0800a83a        0x2 
 .text.__swsetup_r
                0x0800a83c       0xac C:/ST/STM32CubeIDE_1.19.0/STM32CubeIDE/plugins/com.st.stm32cube.ide.mcu.externaltools.gnu-tools-for-stm32.13.3.rel1.win32_1.0.0.202411081344/tools/bin/../lib/gcc/arm-none-eabi/13.3.1/../../../../arm-none-eabi/lib/thumb/v7e-m+fp/hard\libc_nano.a(libc_a-wsetup.o)
                0x0800a83c                __swsetup_r
 .text.memset   0x0800a8e8       0x10 C:/ST/STM32CubeIDE_1.19.0/STM32CubeIDE/plugins/com.st.stm32cube.ide.mcu.externaltools.gnu-tools-for-stm32.13.3.rel1.win32_1.0.0.202411081344/tools/bin/../lib/gcc/arm-none-eabi/13.3.1/../../../../arm-none-eabi/lib/thumb/v7e-m+fp/hard\libc_nano.a(libc_a-memset.o)
                0x0800a8e8                memset
 .text._localeconv_r
                0x0800a8f8        0x8 C:/ST/STM32CubeIDE_1.19.0/STM32CubeIDE/plugins/com.st.stm32cube.ide.mcu.externaltools.gnu-tools-for-stm32.13.3.rel1.win32_1.0.0.202411081344/tools/bin/../lib/gcc/arm-none-eabi/13.3.1/../../../../arm-none-eabi/lib/thumb/v7e-m+fp/hard\libc_nano.a(libc_a-localeconv.o)
                0x0800a8f8                _localeconv_r
 .text._close_r
                0x0800a900       0x20 C:/ST/STM32CubeIDE_1.19.0/STM32CubeIDE/plugins/com.st.stm32cube.ide.mcu.externaltools.gnu-tools-for-stm32.13.3.rel1.win32_1.0.0.202411081344/tools/bin/../lib/gcc/arm-none-eabi/13.3.1/../../../../arm-none-eabi/lib/thumb/v7e-m+fp/hard\libc_nano.a(libc_a-closer.o)
                0x0800a900                _close_r
 .text._lseek_r
                0x0800a920       0x24 C:/ST/STM32CubeIDE_1.19.0/STM32CubeIDE/plugins/com.st.stm32cube.ide.mcu.externaltools.gnu-tools-for-stm32.13.3.rel1.win32_1.0.0.202411081344/tools/bin/../lib/gcc/arm-none-eabi/13.3.1/../../../../arm-none-eabi/lib/thumb/v7e-m+fp/hard\libc_nano.a(libc_a-lseekr.o)
                0x0800a920                _lseek_r
 .text._read_r  0x0800a944       0x24 C:/ST/STM32CubeIDE_1.19.0/STM32CubeIDE/plugins/com.st.stm32cube.ide.mcu.externaltools.gnu-tools-for-stm32.13.3.rel1.win32_1.0.0.202411081344/tools/bin/../lib/gcc/arm-none-eabi/13.3.1/../../../../arm-none-eabi/lib/thumb/v7e-m+fp/hard\libc_nano.a(libc_a-readr.o)
                0x0800a944                _read_r
 .text._write_r
                0x0800a968       0x24 C:/ST/STM32CubeIDE_1.19.0/STM32CubeIDE/plugins/com.st.stm32cube.ide.mcu.externaltools.gnu-tools-for-stm32.13.3.rel1.win32_1.0.0.202411081344/tools/bin/../lib/gcc/arm-none-eabi/13.3.1/../../../../arm-none-eabi/lib/thumb/v7e-m+fp/hard\libc_nano.a(libc_a-writer.o)
                0x0800a968                _write_r
 .text.__errno  0x0800a98c        0xc C:/ST/STM32CubeIDE_1.19.0/STM32CubeIDE/plugins/com.st.stm32cube.ide.mcu.externaltools.gnu-tools-for-stm32.13.3.rel1.win32_1.0.0.202411081344/tools/bin/../lib/gcc/arm-none-eabi/13.3.1/../../../../arm-none-eabi/lib/thumb/v7e-m+fp/hard\libc_nano.a(libc_a-errno.o)
                0x0800a98c                __errno
 .text.__libc_init_array
                0x0800a998       0x48 C:/ST/STM32CubeIDE_1.19.0/STM32CubeIDE/plugins/com.st.stm32cube.ide.mcu.externaltools.gnu-tools-for-stm32.13.3.rel1.win32_1.0.0.202411081344/tools/bin/../lib/gcc/arm-none-eabi/13.3.1/../../../../arm-none-eabi/lib/thumb/v7e-m+fp/hard\libc_nano.a(libc_a-init.o)
                0x0800a998                __libc_init_array
 .text.__retarget_lock_init_recursive
                0x0800a9e0        0x2 C:/ST/STM32CubeIDE_1.19.0/STM32CubeIDE/plugins/com.st.stm32cube.ide.mcu.externaltools.gnu-tools-for-stm32.13.3.rel1.win32_1.0.0.202411081344/tools/bin/../lib/gcc/arm-none-eabi/13.3.1/../../../../arm-none-eabi/lib/thumb/v7e-m+fp/hard\libc_nano.a(libc_a-lock.o)
                0x0800a9e0                __retarget_lock_init_recursive
 .text.__retarget_lock_acquire_recursive
                0x0800a9e2        0x2 C:/ST/STM32CubeIDE_1.19.0/STM32CubeIDE/plugins/com.st.stm32cube.ide.mcu.externaltools.gnu-tools-for-stm32.13.3.rel1.win32_1.0.0.202411081344/tools/bin/../lib/gcc/arm-none-eabi/13.3.1/../../../../arm-none-eabi/lib/thumb/v7e-m+fp/hard\libc_nano.a(libc_a-lock.o)
                0x0800a9e2                __retarget_lock_acquire_recursive
 .text.__retarget_lock_release_recursive
                0x0800a9e4        0x2 C:/ST/STM32CubeIDE_1.19.0/STM32CubeIDE/plugins/com.st.stm32cube.ide.mcu.externaltools.gnu-tools-for-stm32.13.3.rel1.win32_1.0.0.202411081344/tools/bin/../lib/gcc/arm-none-eabi/13.3.1/../../../../arm-none-eabi/lib/thumb/v7e-m+fp/hard\libc_nano.a(libc_a-lock.o)
                0x0800a9e4                __retarget_lock_release_recursive
 .text.quorem   0x0800a9e6      0x110 C:/ST/STM32CubeIDE_1.19.0/STM32CubeIDE/plugins/com.st.stm32cube.ide.mcu.externaltools.gnu-tools-for-stm32.13.3.rel1.win32_1.0.0.202411081344/tools/bin/../lib/gcc/arm-none-eabi/13.3.1/../../../../arm-none-eabi/lib/thumb/v7e-m+fp/hard\libc_nano.a(libc_a-dtoa.o)
 *fill*         0x0800aaf6        0x2 
 .text._dtoa_r  0x0800aaf8      0xba0 C:/ST/STM32CubeIDE_1.19.0/STM32CubeIDE/plugins/com.st.stm32cube.ide.mcu.externaltools.gnu-tools-for-stm32.13.3.rel1.win32_1.0.0.202411081344/tools/bin/../lib/gcc/arm-none-eabi/13.3.1/../../../../arm-none-eabi/lib/thumb/v7e-m+fp/hard\libc_nano.a(libc_a-dtoa.o)
                0x0800aaf8                _dtoa_r
 .text._free_r  0x0800b698       0x94 C:/ST/STM32CubeIDE_1.19.0/STM32CubeIDE/plugins/com.st.stm32cube.ide.mcu.externaltools.gnu-tools-for-stm32.13.3.rel1.win32_1.0.0.202411081344/tools/bin/../lib/gcc/arm-none-eabi/13.3.1/../../../../arm-none-eabi/lib/thumb/v7e-m+fp/hard\libc_nano.a(libc_a-freer.o)
                0x0800b698                _free_r
 .text.malloc   0x0800b72c       0x10 C:/ST/STM32CubeIDE_1.19.0/STM32CubeIDE/plugins/com.st.stm32cube.ide.mcu.externaltools.gnu-tools-for-stm32.13.3.rel1.win32_1.0.0.202411081344/tools/bin/../lib/gcc/arm-none-eabi/13.3.1/../../../../arm-none-eabi/lib/thumb/v7e-m+fp/hard\libc_nano.a(libc_a-malloc.o)
                0x0800b72c                malloc
 .text.sbrk_aligned
                0x0800b73c       0x44 C:/ST/STM32CubeIDE_1.19.0/STM32CubeIDE/plugins/com.st.stm32cube.ide.mcu.externaltools.gnu-tools-for-stm32.13.3.rel1.win32_1.0.0.202411081344/tools/bin/../lib/gcc/arm-none-eabi/13.3.1/../../../../arm-none-eabi/lib/thumb/v7e-m+fp/hard\libc_nano.a(libc_a-mallocr.o)
 .text._malloc_r
                0x0800b780      0x100 C:/ST/STM32CubeIDE_1.19.0/STM32CubeIDE/plugins/com.st.stm32cube.ide.mcu.externaltools.gnu-tools-for-stm32.13.3.rel1.win32_1.0.0.202411081344/tools/bin/../lib/gcc/arm-none-eabi/13.3.1/../../../../arm-none-eabi/lib/thumb/v7e-m+fp/hard\libc_nano.a(libc_a-mallocr.o)
                0x0800b780                _malloc_r
 .text.__malloc_lock
                0x0800b880        0xc C:/ST/STM32CubeIDE_1.19.0/STM32CubeIDE/plugins/com.st.stm32cube.ide.mcu.externaltools.gnu-tools-for-stm32.13.3.rel1.win32_1.0.0.202411081344/tools/bin/../lib/gcc/arm-none-eabi/13.3.1/../../../../arm-none-eabi/lib/thumb/v7e-m+fp/hard\libc_nano.a(libc_a-mlock.o)
                0x0800b880                __malloc_lock
 .text.__malloc_unlock
                0x0800b88c        0xc C:/ST/STM32CubeIDE_1.19.0/STM32CubeIDE/plugins/com.st.stm32cube.ide.mcu.externaltools.gnu-tools-for-stm32.13.3.rel1.win32_1.0.0.202411081344/tools/bin/../lib/gcc/arm-none-eabi/13.3.1/../../../../arm-none-eabi/lib/thumb/v7e-m+fp/hard\libc_nano.a(libc_a-mlock.o)
                0x0800b88c                __malloc_unlock
 .text._Balloc  0x0800b898       0x80 C:/ST/STM32CubeIDE_1.19.0/STM32CubeIDE/plugins/com.st.stm32cube.ide.mcu.externaltools.gnu-tools-for-stm32.13.3.rel1.win32_1.0.0.202411081344/tools/bin/../lib/gcc/arm-none-eabi/13.3.1/../../../../arm-none-eabi/lib/thumb/v7e-m+fp/hard\libc_nano.a(libc_a-mprec.o)
                0x0800b898                _Balloc
 .text._Bfree   0x0800b918       0x44 C:/ST/STM32CubeIDE_1.19.0/STM32CubeIDE/plugins/com.st.stm32cube.ide.mcu.externaltools.gnu-tools-for-stm32.13.3.rel1.win32_1.0.0.202411081344/tools/bin/../lib/gcc/arm-none-eabi/13.3.1/../../../../arm-none-eabi/lib/thumb/v7e-m+fp/hard\libc_nano.a(libc_a-mprec.o)
                0x0800b918                _Bfree
 .text.__multadd
                0x0800b95c       0x8c C:/ST/STM32CubeIDE_1.19.0/STM32CubeIDE/plugins/com.st.stm32cube.ide.mcu.externaltools.gnu-tools-for-stm32.13.3.rel1.win32_1.0.0.202411081344/tools/bin/../lib/gcc/arm-none-eabi/13.3.1/../../../../arm-none-eabi/lib/thumb/v7e-m+fp/hard\libc_nano.a(libc_a-mprec.o)
                0x0800b95c                __multadd
 .text.__hi0bits
                0x0800b9e8       0x3e C:/ST/STM32CubeIDE_1.19.0/STM32CubeIDE/plugins/com.st.stm32cube.ide.mcu.externaltools.gnu-tools-for-stm32.13.3.rel1.win32_1.0.0.202411081344/tools/bin/../lib/gcc/arm-none-eabi/13.3.1/../../../../arm-none-eabi/lib/thumb/v7e-m+fp/hard\libc_nano.a(libc_a-mprec.o)
                0x0800b9e8                __hi0bits
 .text.__lo0bits
                0x0800ba26       0x5a C:/ST/STM32CubeIDE_1.19.0/STM32CubeIDE/plugins/com.st.stm32cube.ide.mcu.externaltools.gnu-tools-for-stm32.13.3.rel1.win32_1.0.0.202411081344/tools/bin/../lib/gcc/arm-none-eabi/13.3.1/../../../../arm-none-eabi/lib/thumb/v7e-m+fp/hard\libc_nano.a(libc_a-mprec.o)
                0x0800ba26                __lo0bits
 .text.__i2b    0x0800ba80       0x2c C:/ST/STM32CubeIDE_1.19.0/STM32CubeIDE/plugins/com.st.stm32cube.ide.mcu.externaltools.gnu-tools-for-stm32.13.3.rel1.win32_1.0.0.202411081344/tools/bin/../lib/gcc/arm-none-eabi/13.3.1/../../../../arm-none-eabi/lib/thumb/v7e-m+fp/hard\libc_nano.a(libc_a-mprec.o)
                0x0800ba80                __i2b
 .text.__multiply
                0x0800baac      0x144 C:/ST/STM32CubeIDE_1.19.0/STM32CubeIDE/plugins/com.st.stm32cube.ide.mcu.externaltools.gnu-tools-for-stm32.13.3.rel1.win32_1.0.0.202411081344/tools/bin/../lib/gcc/arm-none-eabi/13.3.1/../../../../arm-none-eabi/lib/thumb/v7e-m+fp/hard\libc_nano.a(libc_a-mprec.o)
                0x0800baac                __multiply
 .text.__pow5mult
                0x0800bbf0       0xb4 C:/ST/STM32CubeIDE_1.19.0/STM32CubeIDE/plugins/com.st.stm32cube.ide.mcu.externaltools.gnu-tools-for-stm32.13.3.rel1.win32_1.0.0.202411081344/tools/bin/../lib/gcc/arm-none-eabi/13.3.1/../../../../arm-none-eabi/lib/thumb/v7e-m+fp/hard\libc_nano.a(libc_a-mprec.o)
                0x0800bbf0                __pow5mult
 .text.__lshift
                0x0800bca4       0xd8 C:/ST/STM32CubeIDE_1.19.0/STM32CubeIDE/plugins/com.st.stm32cube.ide.mcu.externaltools.gnu-tools-for-stm32.13.3.rel1.win32_1.0.0.202411081344/tools/bin/../lib/gcc/arm-none-eabi/13.3.1/../../../../arm-none-eabi/lib/thumb/v7e-m+fp/hard\libc_nano.a(libc_a-mprec.o)
                0x0800bca4                __lshift
 .text.__mcmp   0x0800bd7c       0x36 C:/ST/STM32CubeIDE_1.19.0/STM32CubeIDE/plugins/com.st.stm32cube.ide.mcu.externaltools.gnu-tools-for-stm32.13.3.rel1.win32_1.0.0.202411081344/tools/bin/../lib/gcc/arm-none-eabi/13.3.1/../../../../arm-none-eabi/lib/thumb/v7e-m+fp/hard\libc_nano.a(libc_a-mprec.o)
                0x0800bd7c                __mcmp
 *fill*         0x0800bdb2        0x2 
 .text.__mdiff  0x0800bdb4      0x128 C:/ST/STM32CubeIDE_1.19.0/STM32CubeIDE/plugins/com.st.stm32cube.ide.mcu.externaltools.gnu-tools-for-stm32.13.3.rel1.win32_1.0.0.202411081344/tools/bin/../lib/gcc/arm-none-eabi/13.3.1/../../../../arm-none-eabi/lib/thumb/v7e-m+fp/hard\libc_nano.a(libc_a-mprec.o)
                0x0800bdb4                __mdiff
 .text.__d2b    0x0800bedc       0xb0 C:/ST/STM32CubeIDE_1.19.0/STM32CubeIDE/plugins/com.st.stm32cube.ide.mcu.externaltools.gnu-tools-for-stm32.13.3.rel1.win32_1.0.0.202411081344/tools/bin/../lib/gcc/arm-none-eabi/13.3.1/../../../../arm-none-eabi/lib/thumb/v7e-m+fp/hard\libc_nano.a(libc_a-mprec.o)
                0x0800bedc                __d2b
 .text.__ssputs_r
                0x0800bf8c       0xb6 C:/ST/STM32CubeIDE_1.19.0/STM32CubeIDE/plugins/com.st.stm32cube.ide.mcu.externaltools.gnu-tools-for-stm32.13.3.rel1.win32_1.0.0.202411081344/tools/bin/../lib/gcc/arm-none-eabi/13.3.1/../../../../arm-none-eabi/lib/thumb/v7e-m+fp/hard\libc_nano.a(libc_a-nano-svfprintf.o)
                0x0800bf8c                __ssputs_r
 *fill*         0x0800c042        0x2 
 .text._svfprintf_r
                0x0800c044      0x1f8 C:/ST/STM32CubeIDE_1.19.0/STM32CubeIDE/plugins/com.st.stm32cube.ide.mcu.externaltools.gnu-tools-for-stm32.13.3.rel1.win32_1.0.0.202411081344/tools/bin/../lib/gcc/arm-none-eabi/13.3.1/../../../../arm-none-eabi/lib/thumb/v7e-m+fp/hard\libc_nano.a(libc_a-nano-svfprintf.o)
                0x0800c044                _svfiprintf_r
                0x0800c044                _svfprintf_r
 .text.__sfputc_r
                0x0800c23c       0x2e C:/ST/STM32CubeIDE_1.19.0/STM32CubeIDE/plugins/com.st.stm32cube.ide.mcu.externaltools.gnu-tools-for-stm32.13.3.rel1.win32_1.0.0.202411081344/tools/bin/../lib/gcc/arm-none-eabi/13.3.1/../../../../arm-none-eabi/lib/thumb/v7e-m+fp/hard\libc_nano.a(libc_a-nano-vfprintf.o)
 .text.__sfputs_r
                0x0800c26a       0x24 C:/ST/STM32CubeIDE_1.19.0/STM32CubeIDE/plugins/com.st.stm32cube.ide.mcu.externaltools.gnu-tools-for-stm32.13.3.rel1.win32_1.0.0.202411081344/tools/bin/../lib/gcc/arm-none-eabi/13.3.1/../../../../arm-none-eabi/lib/thumb/v7e-m+fp/hard\libc_nano.a(libc_a-nano-vfprintf.o)
                0x0800c26a                __sfputs_r
 *fill*         0x0800c28e        0x2 
 .text._vfprintf_r
                0x0800c290      0x230 C:/ST/STM32CubeIDE_1.19.0/STM32CubeIDE/plugins/com.st.stm32cube.ide.mcu.externaltools.gnu-tools-for-stm32.13.3.rel1.win32_1.0.0.202411081344/tools/bin/../lib/gcc/arm-none-eabi/13.3.1/../../../../arm-none-eabi/lib/thumb/v7e-m+fp/hard\libc_nano.a(libc_a-nano-vfprintf.o)
                0x0800c290                _vfprintf_r
                0x0800c290                _vfiprintf_r
 .text.__sflush_r
                0x0800c4c0      0x108 C:/ST/STM32CubeIDE_1.19.0/STM32CubeIDE/plugins/com.st.stm32cube.ide.mcu.externaltools.gnu-tools-for-stm32.13.3.rel1.win32_1.0.0.202411081344/tools/bin/../lib/gcc/arm-none-eabi/13.3.1/../../../../arm-none-eabi/lib/thumb/v7e-m+fp/hard\libc_nano.a(libc_a-fflush.o)
                0x0800c4c0                __sflush_r
 .text._fflush_r
                0x0800c5c8       0x50 C:/ST/STM32CubeIDE_1.19.0/STM32CubeIDE/plugins/com.st.stm32cube.ide.mcu.externaltools.gnu-tools-for-stm32.13.3.rel1.win32_1.0.0.202411081344/tools/bin/../lib/gcc/arm-none-eabi/13.3.1/../../../../arm-none-eabi/lib/thumb/v7e-m+fp/hard\libc_nano.a(libc_a-fflush.o)
                0x0800c5c8                _fflush_r
 .text.__swhatbuf_r
                0x0800c618       0x4c C:/ST/STM32CubeIDE_1.19.0/STM32CubeIDE/plugins/com.st.stm32cube.ide.mcu.externaltools.gnu-tools-for-stm32.13.3.rel1.win32_1.0.0.202411081344/tools/bin/../lib/gcc/arm-none-eabi/13.3.1/../../../../arm-none-eabi/lib/thumb/v7e-m+fp/hard\libc_nano.a(libc_a-makebuf.o)
                0x0800c618                __swhatbuf_r
 .text.__smakebuf_r
                0x0800c664       0x78 C:/ST/STM32CubeIDE_1.19.0/STM32CubeIDE/plugins/com.st.stm32cube.ide.mcu.externaltools.gnu-tools-for-stm32.13.3.rel1.win32_1.0.0.202411081344/tools/bin/../lib/gcc/arm-none-eabi/13.3.1/../../../../arm-none-eabi/lib/thumb/v7e-m+fp/hard\libc_nano.a(libc_a-makebuf.o)
                0x0800c664                __smakebuf_r
 .text.memmove  0x0800c6dc       0x34 C:/ST/STM32CubeIDE_1.19.0/STM32CubeIDE/plugins/com.st.stm32cube.ide.mcu.externaltools.gnu-tools-for-stm32.13.3.rel1.win32_1.0.0.202411081344/tools/bin/../lib/gcc/arm-none-eabi/13.3.1/../../../../arm-none-eabi/lib/thumb/v7e-m+fp/hard\libc_nano.a(libc_a-memmove.o)
                0x0800c6dc                memmove
 .text._fstat_r
                0x0800c710       0x24 C:/ST/STM32CubeIDE_1.19.0/STM32CubeIDE/plugins/com.st.stm32cube.ide.mcu.externaltools.gnu-tools-for-stm32.13.3.rel1.win32_1.0.0.202411081344/tools/bin/../lib/gcc/arm-none-eabi/13.3.1/../../../../arm-none-eabi/lib/thumb/v7e-m+fp/hard\libc_nano.a(libc_a-fstatr.o)
                0x0800c710                _fstat_r
 .text._isatty_r
                0x0800c734       0x20 C:/ST/STM32CubeIDE_1.19.0/STM32CubeIDE/plugins/com.st.stm32cube.ide.mcu.externaltools.gnu-tools-for-stm32.13.3.rel1.win32_1.0.0.202411081344/tools/bin/../lib/gcc/arm-none-eabi/13.3.1/../../../../arm-none-eabi/lib/thumb/v7e-m+fp/hard\libc_nano.a(libc_a-isattyr.o)
                0x0800c734                _isatty_r
 .text._sbrk_r  0x0800c754       0x20 C:/ST/STM32CubeIDE_1.19.0/STM32CubeIDE/plugins/com.st.stm32cube.ide.mcu.externaltools.gnu-tools-for-stm32.13.3.rel1.win32_1.0.0.202411081344/tools/bin/../lib/gcc/arm-none-eabi/13.3.1/../../../../arm-none-eabi/lib/thumb/v7e-m+fp/hard\libc_nano.a(libc_a-sbrkr.o)
                0x0800c754                _sbrk_r
 .text.memcpy   0x0800c774       0x1c C:/ST/STM32CubeIDE_1.19.0/STM32CubeIDE/plugins/com.st.stm32cube.ide.mcu.externaltools.gnu-tools-for-stm32.13.3.rel1.win32_1.0.0.202411081344/tools/bin/../lib/gcc/arm-none-eabi/13.3.1/../../../../arm-none-eabi/lib/thumb/v7e-m+fp/hard\libc_nano.a(libc_a-memcpy-stub.o)
                0x0800c774                memcpy
 .text.__assert_func
                0x0800c790       0x3c C:/ST/STM32CubeIDE_1.19.0/STM32CubeIDE/plugins/com.st.stm32cube.ide.mcu.externaltools.gnu-tools-for-stm32.13.3.rel1.win32_1.0.0.202411081344/tools/bin/../lib/gcc/arm-none-eabi/13.3.1/../../../../arm-none-eabi/lib/thumb/v7e-m+fp/hard\libc_nano.a(libc_a-assert.o)
                0x0800c790                __assert_func
 .text._calloc_r
                0x0800c7cc       0x28 C:/ST/STM32CubeIDE_1.19.0/STM32CubeIDE/plugins/com.st.stm32cube.ide.mcu.externaltools.gnu-tools-for-stm32.13.3.rel1.win32_1.0.0.202411081344/tools/bin/../lib/gcc/arm-none-eabi/13.3.1/../../../../arm-none-eabi/lib/thumb/v7e-m+fp/hard\libc_nano.a(libc_a-callocr.o)
                0x0800c7cc                _calloc_r
 .text.__ascii_mbtowc
                0x0800c7f4       0x24 C:/ST/STM32CubeIDE_1.19.0/STM32CubeIDE/plugins/com.st.stm32cube.ide.mcu.externaltools.gnu-tools-for-stm32.13.3.rel1.win32_1.0.0.202411081344/tools/bin/../lib/gcc/arm-none-eabi/13.3.1/../../../../arm-none-eabi/lib/thumb/v7e-m+fp/hard\libc_nano.a(libc_a-mbtowc_r.o)
                0x0800c7f4                __ascii_mbtowc
 .text._realloc_r
                0x0800c818       0x5c C:/ST/STM32CubeIDE_1.19.0/STM32CubeIDE/plugins/com.st.stm32cube.ide.mcu.externaltools.gnu-tools-for-stm32.13.3.rel1.win32_1.0.0.202411081344/tools/bin/../lib/gcc/arm-none-eabi/13.3.1/../../../../arm-none-eabi/lib/thumb/v7e-m+fp/hard\libc_nano.a(libc_a-reallocr.o)
                0x0800c818                _realloc_r
 .text.__ascii_wctomb
                0x0800c874       0x1a C:/ST/STM32CubeIDE_1.19.0/STM32CubeIDE/plugins/com.st.stm32cube.ide.mcu.externaltools.gnu-tools-for-stm32.13.3.rel1.win32_1.0.0.202411081344/tools/bin/../lib/gcc/arm-none-eabi/13.3.1/../../../../arm-none-eabi/lib/thumb/v7e-m+fp/hard\libc_nano.a(libc_a-wctomb_r.o)
                0x0800c874                __ascii_wctomb
 *fill*         0x0800c88e        0x2 
 .text.fprintf  0x0800c890       0x24 C:/ST/STM32CubeIDE_1.19.0/STM32CubeIDE/plugins/com.st.stm32cube.ide.mcu.externaltools.gnu-tools-for-stm32.13.3.rel1.win32_1.0.0.202411081344/tools/bin/../lib/gcc/arm-none-eabi/13.3.1/../../../../arm-none-eabi/lib/thumb/v7e-m+fp/hard\libc_nano.a(libc_a-fprintf.o)
                0x0800c890                fiprintf
                0x0800c890                fprintf
 .text.abort    0x0800c8b4        0xe C:/ST/STM32CubeIDE_1.19.0/STM32CubeIDE/plugins/com.st.stm32cube.ide.mcu.externaltools.gnu-tools-for-stm32.13.3.rel1.win32_1.0.0.202411081344/tools/bin/../lib/gcc/arm-none-eabi/13.3.1/../../../../arm-none-eabi/lib/thumb/v7e-m+fp/hard\libc_nano.a(libc_a-abort.o)
                0x0800c8b4                abort
 .text._malloc_usable_size_r
                0x0800c8c2       0x10 C:/ST/STM32CubeIDE_1.19.0/STM32CubeIDE/plugins/com.st.stm32cube.ide.mcu.externaltools.gnu-tools-for-stm32.13.3.rel1.win32_1.0.0.202411081344/tools/bin/../lib/gcc/arm-none-eabi/13.3.1/../../../../arm-none-eabi/lib/thumb/v7e-m+fp/hard\libc_nano.a(libc_a-msizer.o)
                0x0800c8c2                _malloc_usable_size_r
 .text._raise_r
                0x0800c8d2       0x50 C:/ST/STM32CubeIDE_1.19.0/STM32CubeIDE/plugins/com.st.stm32cube.ide.mcu.externaltools.gnu-tools-for-stm32.13.3.rel1.win32_1.0.0.202411081344/tools/bin/../lib/gcc/arm-none-eabi/13.3.1/../../../../arm-none-eabi/lib/thumb/v7e-m+fp/hard\libc_nano.a(libc_a-signal.o)
                0x0800c8d2                _raise_r
 *fill*         0x0800c922        0x2 
 .text.raise    0x0800c924       0x10 C:/ST/STM32CubeIDE_1.19.0/STM32CubeIDE/plugins/com.st.stm32cube.ide.mcu.externaltools.gnu-tools-for-stm32.13.3.rel1.win32_1.0.0.202411081344/tools/bin/../lib/gcc/arm-none-eabi/13.3.1/../../../../arm-none-eabi/lib/thumb/v7e-m+fp/hard\libc_nano.a(libc_a-signal.o)
                0x0800c924                raise
 .text._kill_r  0x0800c934       0x24 C:/ST/STM32CubeIDE_1.19.0/STM32CubeIDE/plugins/com.st.stm32cube.ide.mcu.externaltools.gnu-tools-for-stm32.13.3.rel1.win32_1.0.0.202411081344/tools/bin/../lib/gcc/arm-none-eabi/13.3.1/../../../../arm-none-eabi/lib/thumb/v7e-m+fp/hard\libc_nano.a(libc_a-signalr.o)
                0x0800c934                _kill_r
 .text._getpid_r
                0x0800c958        0x4 C:/ST/STM32CubeIDE_1.19.0/STM32CubeIDE/plugins/com.st.stm32cube.ide.mcu.externaltools.gnu-tools-for-stm32.13.3.rel1.win32_1.0.0.202411081344/tools/bin/../lib/gcc/arm-none-eabi/13.3.1/../../../../arm-none-eabi/lib/thumb/v7e-m+fp/hard\libc_nano.a(libc_a-signalr.o)
                0x0800c958                _getpid_r
 *(.glue_7)
 .glue_7        0x0800c95c        0x0 linker stubs
 *(.glue_7t)
 .glue_7t       0x0800c95c        0x0 linker stubs
 *(.eh_frame)
 .eh_frame      0x0800c95c        0x0 C:/ST/STM32CubeIDE_1.19.0/STM32CubeIDE/plugins/com.st.stm32cube.ide.mcu.externaltools.gnu-tools-for-stm32.13.3.rel1.win32_1.0.0.202411081344/tools/bin/../lib/gcc/arm-none-eabi/13.3.1/thumb/v7e-m+fp/hard/crtbegin.o
 *(.init)
 .init          0x0800c95c        0x4 C:/ST/STM32CubeIDE_1.19.0/STM32CubeIDE/plugins/com.st.stm32cube.ide.mcu.externaltools.gnu-tools-for-stm32.13.3.rel1.win32_1.0.0.202411081344/tools/bin/../lib/gcc/arm-none-eabi/13.3.1/thumb/v7e-m+fp/hard/crti.o
                0x0800c95c                _init
 .init          0x0800c960        0x8 C:/ST/STM32CubeIDE_1.19.0/STM32CubeIDE/plugins/com.st.stm32cube.ide.mcu.externaltools.gnu-tools-for-stm32.13.3.rel1.win32_1.0.0.202411081344/tools/bin/../lib/gcc/arm-none-eabi/13.3.1/thumb/v7e-m+fp/hard/crtn.o
 *(.fini)
 .fini          0x0800c968        0x4 C:/ST/STM32CubeIDE_1.19.0/STM32CubeIDE/plugins/com.st.stm32cube.ide.mcu.externaltools.gnu-tools-for-stm32.13.3.rel1.win32_1.0.0.202411081344/tools/bin/../lib/gcc/arm-none-eabi/13.3.1/thumb/v7e-m+fp/hard/crti.o
                0x0800c968                _fini
 .fini          0x0800c96c        0x8 C:/ST/STM32CubeIDE_1.19.0/STM32CubeIDE/plugins/com.st.stm32cube.ide.mcu.externaltools.gnu-tools-for-stm32.13.3.rel1.win32_1.0.0.202411081344/tools/bin/../lib/gcc/arm-none-eabi/13.3.1/thumb/v7e-m+fp/hard/crtn.o
                0x0800c974                        . = ALIGN (0x4)
                0x0800c974                        _etext = .

.vfp11_veneer   0x0800c974        0x0
 .vfp11_veneer  0x0800c974        0x0 linker stubs

.v4_bx          0x0800c974        0x0
 .v4_bx         0x0800c974        0x0 linker stubs

.iplt           0x0800c974        0x0
 .iplt          0x0800c974        0x0 C:/ST/STM32CubeIDE_1.19.0/STM32CubeIDE/plugins/com.st.stm32cube.ide.mcu.externaltools.gnu-tools-for-stm32.13.3.rel1.win32_1.0.0.202411081344/tools/bin/../lib/gcc/arm-none-eabi/13.3.1/thumb/v7e-m+fp/hard/crtbegin.o

.rodata         0x0800c978      0x74c
                0x0800c978                        . = ALIGN (0x4)
 *(.rodata)
 .rodata        0x0800c978       0x49 ./Core/Src/ddr_pad.o
 *fill*         0x0800c9c1        0x3 
 .rodata        0x0800c9c4       0x48 ./Core/Src/final_stage.o
 .rodata        0x0800ca0c       0x2a ./Core/Src/game_app.o
 *fill*         0x0800ca36        0x2 
 .rodata        0x0800ca38       0x2e ./Core/Src/paddle_shuttle.o
 *fill*         0x0800ca66        0x2 
 .rodata        0x0800ca68       0x1e ./Core/Src/play_mode.o
 *fill*         0x0800ca86        0x2 
 .rodata        0x0800ca88       0x2c ./Core/Src/spi.o
 .rodata        0x0800cab4       0x39 ./Core/Src/start_page.o
 *fill*         0x0800caed        0x3 
 .rodata        0x0800caf0       0x73 ./Core/Src/wii_nunchuk.o
 *(.rodata*)
 *fill*         0x0800cb63        0x1 
 .rodata.g_pre_game_pages
                0x0800cb64       0x64 ./Core/Src/game_app.o
 .rodata.font_space
                0x0800cbc8        0x7 ./Core/Src/lcd_ui.o
 *fill*         0x0800cbcf        0x1 
 .rodata.font_bang
                0x0800cbd0        0x7 ./Core/Src/lcd_ui.o
 *fill*         0x0800cbd7        0x1 
 .rodata.font_apostrophe
                0x0800cbd8        0x7 ./Core/Src/lcd_ui.o
 *fill*         0x0800cbdf        0x1 
 .rodata.font_colon
                0x0800cbe0        0x7 ./Core/Src/lcd_ui.o
 *fill*         0x0800cbe7        0x1 
 .rodata.font_dash
                0x0800cbe8        0x7 ./Core/Src/lcd_ui.o
 *fill*         0x0800cbef        0x1 
 .rodata.font_0
                0x0800cbf0        0x7 ./Core/Src/lcd_ui.o
 *fill*         0x0800cbf7        0x1 
 .rodata.font_1
                0x0800cbf8        0x7 ./Core/Src/lcd_ui.o
 *fill*         0x0800cbff        0x1 
 .rodata.font_2
                0x0800cc00        0x7 ./Core/Src/lcd_ui.o
 *fill*         0x0800cc07        0x1 
 .rodata.font_3
                0x0800cc08        0x7 ./Core/Src/lcd_ui.o
 *fill*         0x0800cc0f        0x1 
 .rodata.font_4
                0x0800cc10        0x7 ./Core/Src/lcd_ui.o
 *fill*         0x0800cc17        0x1 
 .rodata.font_5
                0x0800cc18        0x7 ./Core/Src/lcd_ui.o
 *fill*         0x0800cc1f        0x1 
 .rodata.font_6
                0x0800cc20        0x7 ./Core/Src/lcd_ui.o
 *fill*         0x0800cc27        0x1 
 .rodata.font_7
                0x0800cc28        0x7 ./Core/Src/lcd_ui.o
 *fill*         0x0800cc2f        0x1 
 .rodata.font_8
                0x0800cc30        0x7 ./Core/Src/lcd_ui.o
 *fill*         0x0800cc37        0x1 
 .rodata.font_9
                0x0800cc38        0x7 ./Core/Src/lcd_ui.o
 *fill*         0x0800cc3f        0x1 
 .rodata.font_A
                0x0800cc40        0x7 ./Core/Src/lcd_ui.o
 *fill*         0x0800cc47        0x1 
 .rodata.font_C
                0x0800cc48        0x7 ./Core/Src/lcd_ui.o
 *fill*         0x0800cc4f        0x1 
 .rodata.font_D
                0x0800cc50        0x7 ./Core/Src/lcd_ui.o
 *fill*         0x0800cc57        0x1 
 .rodata.font_E
                0x0800cc58        0x7 ./Core/Src/lcd_ui.o
 *fill*         0x0800cc5f        0x1 
 .rodata.font_G
                0x0800cc60        0x7 ./Core/Src/lcd_ui.o
 *fill*         0x0800cc67        0x1 
 .rodata.font_H
                0x0800cc68        0x7 ./Core/Src/lcd_ui.o
 *fill*         0x0800cc6f        0x1 
 .rodata.font_I
                0x0800cc70        0x7 ./Core/Src/lcd_ui.o
 *fill*         0x0800cc77        0x1 
 .rodata.font_L
                0x0800cc78        0x7 ./Core/Src/lcd_ui.o
 *fill*         0x0800cc7f        0x1 
 .rodata.font_M
                0x0800cc80        0x7 ./Core/Src/lcd_ui.o
 *fill*         0x0800cc87        0x1 
 .rodata.font_N
                0x0800cc88        0x7 ./Core/Src/lcd_ui.o
 *fill*         0x0800cc8f        0x1 
 .rodata.font_O
                0x0800cc90        0x7 ./Core/Src/lcd_ui.o
 *fill*         0x0800cc97        0x1 
 .rodata.font_P
                0x0800cc98        0x7 ./Core/Src/lcd_ui.o
 *fill*         0x0800cc9f        0x1 
 .rodata.font_Q
                0x0800cca0        0x7 ./Core/Src/lcd_ui.o
 *fill*         0x0800cca7        0x1 
 .rodata.font_R
                0x0800cca8        0x7 ./Core/Src/lcd_ui.o
 *fill*         0x0800ccaf        0x1 
 .rodata.font_S
                0x0800ccb0        0x7 ./Core/Src/lcd_ui.o
 *fill*         0x0800ccb7        0x1 
 .rodata.font_T
                0x0800ccb8        0x7 ./Core/Src/lcd_ui.o
 *fill*         0x0800ccbf        0x1 
 .rodata.font_U
                0x0800ccc0        0x7 ./Core/Src/lcd_ui.o
 *fill*         0x0800ccc7        0x1 
 .rodata.font_V
                0x0800ccc8        0x7 ./Core/Src/lcd_ui.o
 *fill*         0x0800cccf        0x1 
 .rodata.font_W
                0x0800ccd0        0x7 ./Core/Src/lcd_ui.o
 *fill*         0x0800ccd7        0x1 
 .rodata.font_Y
                0x0800ccd8        0x7 ./Core/Src/lcd_ui.o
 *fill*         0x0800ccdf        0x1 
 .rodata.AHBPrescTable
                0x0800cce0       0x10 ./Core/Src/system_stm32l4xx.o
                0x0800cce0                AHBPrescTable
 .rodata.APBPrescTable
                0x0800ccf0        0x8 ./Core/Src/system_stm32l4xx.o
                0x0800ccf0                APBPrescTable
 .rodata.MSIRangeTable
                0x0800ccf8       0x30 ./Core/Src/system_stm32l4xx.o
                0x0800ccf8                MSIRangeTable
 .rodata.UARTPrescTable
                0x0800cd28       0x18 ./Drivers/STM32L4xx_HAL_Driver/Src/stm32l4xx_hal_uart.o
                0x0800cd28                UARTPrescTable
 .rodata.numerator.1
                0x0800cd40        0x8 ./Drivers/STM32L4xx_HAL_Driver/Src/stm32l4xx_hal_uart_ex.o
 .rodata.denominator.0
                0x0800cd48        0x8 ./Drivers/STM32L4xx_HAL_Driver/Src/stm32l4xx_hal_uart_ex.o
 .rodata._printf_float.str1.1
                0x0800cd50      0x171 C:/ST/STM32CubeIDE_1.19.0/STM32CubeIDE/plugins/com.st.stm32cube.ide.mcu.externaltools.gnu-tools-for-stm32.13.3.rel1.win32_1.0.0.202411081344/tools/bin/../lib/gcc/arm-none-eabi/13.3.1/../../../../arm-none-eabi/lib/thumb/v7e-m+fp/hard\libc_nano.a(libc_a-nano-vfprintf_float.o)
                                 0x12 (size before relaxing)
 .rodata._printf_i.str1.1
                0x0800cec1       0x22 C:/ST/STM32CubeIDE_1.19.0/STM32CubeIDE/plugins/com.st.stm32cube.ide.mcu.externaltools.gnu-tools-for-stm32.13.3.rel1.win32_1.0.0.202411081344/tools/bin/../lib/gcc/arm-none-eabi/13.3.1/../../../../arm-none-eabi/lib/thumb/v7e-m+fp/hard\libc_nano.a(libc_a-nano-vfprintf_i.o)
 .rodata._dtoa_r.str1.1
                0x0800cec1       0x8f C:/ST/STM32CubeIDE_1.19.0/STM32CubeIDE/plugins/com.st.stm32cube.ide.mcu.externaltools.gnu-tools-for-stm32.13.3.rel1.win32_1.0.0.202411081344/tools/bin/../lib/gcc/arm-none-eabi/13.3.1/../../../../arm-none-eabi/lib/thumb/v7e-m+fp/hard\libc_nano.a(libc_a-dtoa.o)
 .rodata._Balloc.str1.1
                0x0800cec1       0x70 C:/ST/STM32CubeIDE_1.19.0/STM32CubeIDE/plugins/com.st.stm32cube.ide.mcu.externaltools.gnu-tools-for-stm32.13.3.rel1.win32_1.0.0.202411081344/tools/bin/../lib/gcc/arm-none-eabi/13.3.1/../../../../arm-none-eabi/lib/thumb/v7e-m+fp/hard\libc_nano.a(libc_a-mprec.o)
 .rodata.__multadd.str1.1
                0x0800cec1       0x11 C:/ST/STM32CubeIDE_1.19.0/STM32CubeIDE/plugins/com.st.stm32cube.ide.mcu.externaltools.gnu-tools-for-stm32.13.3.rel1.win32_1.0.0.202411081344/tools/bin/../lib/gcc/arm-none-eabi/13.3.1/../../../../arm-none-eabi/lib/thumb/v7e-m+fp/hard\libc_nano.a(libc_a-mprec.o)
 *fill*         0x0800cec1        0x3 
 .rodata.p05.0  0x0800cec4        0xc C:/ST/STM32CubeIDE_1.19.0/STM32CubeIDE/plugins/com.st.stm32cube.ide.mcu.externaltools.gnu-tools-for-stm32.13.3.rel1.win32_1.0.0.202411081344/tools/bin/../lib/gcc/arm-none-eabi/13.3.1/../../../../arm-none-eabi/lib/thumb/v7e-m+fp/hard\libc_nano.a(libc_a-mprec.o)
 .rodata.__mprec_bigtens
                0x0800ced0       0x28 C:/ST/STM32CubeIDE_1.19.0/STM32CubeIDE/plugins/com.st.stm32cube.ide.mcu.externaltools.gnu-tools-for-stm32.13.3.rel1.win32_1.0.0.202411081344/tools/bin/../lib/gcc/arm-none-eabi/13.3.1/../../../../arm-none-eabi/lib/thumb/v7e-m+fp/hard\libc_nano.a(libc_a-mprec.o)
                0x0800ced0                __mprec_bigtens
 .rodata.__mprec_tens
                0x0800cef8       0xc8 C:/ST/STM32CubeIDE_1.19.0/STM32CubeIDE/plugins/com.st.stm32cube.ide.mcu.externaltools.gnu-tools-for-stm32.13.3.rel1.win32_1.0.0.202411081344/tools/bin/../lib/gcc/arm-none-eabi/13.3.1/../../../../arm-none-eabi/lib/thumb/v7e-m+fp/hard\libc_nano.a(libc_a-mprec.o)
                0x0800cef8                __mprec_tens
 .rodata._svfprintf_r.str1.1
                0x0800cfc0       0x11 C:/ST/STM32CubeIDE_1.19.0/STM32CubeIDE/plugins/com.st.stm32cube.ide.mcu.externaltools.gnu-tools-for-stm32.13.3.rel1.win32_1.0.0.202411081344/tools/bin/../lib/gcc/arm-none-eabi/13.3.1/../../../../arm-none-eabi/lib/thumb/v7e-m+fp/hard\libc_nano.a(libc_a-nano-svfprintf.o)
 .rodata._vfprintf_r.str1.1
                0x0800cfc0       0x11 C:/ST/STM32CubeIDE_1.19.0/STM32CubeIDE/plugins/com.st.stm32cube.ide.mcu.externaltools.gnu-tools-for-stm32.13.3.rel1.win32_1.0.0.202411081344/tools/bin/../lib/gcc/arm-none-eabi/13.3.1/../../../../arm-none-eabi/lib/thumb/v7e-m+fp/hard\libc_nano.a(libc_a-nano-vfprintf.o)
 .rodata._setlocale_r.str1.1
                0x0800cfc0        0x9 C:/ST/STM32CubeIDE_1.19.0/STM32CubeIDE/plugins/com.st.stm32cube.ide.mcu.externaltools.gnu-tools-for-stm32.13.3.rel1.win32_1.0.0.202411081344/tools/bin/../lib/gcc/arm-none-eabi/13.3.1/../../../../arm-none-eabi/lib/thumb/v7e-m+fp/hard\libc_nano.a(libc_a-locale.o)
 .rodata.str1.1
                0x0800cfc0        0x2 C:/ST/STM32CubeIDE_1.19.0/STM32CubeIDE/plugins/com.st.stm32cube.ide.mcu.externaltools.gnu-tools-for-stm32.13.3.rel1.win32_1.0.0.202411081344/tools/bin/../lib/gcc/arm-none-eabi/13.3.1/../../../../arm-none-eabi/lib/thumb/v7e-m+fp/hard\libc_nano.a(libc_a-locale.o)
 .rodata.__assert_func.str1.1
                0x0800cfc0       0x3d C:/ST/STM32CubeIDE_1.19.0/STM32CubeIDE/plugins/com.st.stm32cube.ide.mcu.externaltools.gnu-tools-for-stm32.13.3.rel1.win32_1.0.0.202411081344/tools/bin/../lib/gcc/arm-none-eabi/13.3.1/../../../../arm-none-eabi/lib/thumb/v7e-m+fp/hard\libc_nano.a(libc_a-assert.o)
 .rodata._ctype_
                0x0800cfc0      0x101 C:/ST/STM32CubeIDE_1.19.0/STM32CubeIDE/plugins/com.st.stm32cube.ide.mcu.externaltools.gnu-tools-for-stm32.13.3.rel1.win32_1.0.0.202411081344/tools/bin/../lib/gcc/arm-none-eabi/13.3.1/../../../../arm-none-eabi/lib/thumb/v7e-m+fp/hard\libc_nano.a(libc_a-ctype_.o)
                0x0800cfc0                _ctype_
                0x0800d0c4                        . = ALIGN (0x4)
 *fill*         0x0800d0c1        0x3 

.ARM.extab      0x0800d0c4        0x0
                0x0800d0c4                        . = ALIGN (0x4)
 *(.ARM.extab* .gnu.linkonce.armextab.*)
                0x0800d0c4                        . = ALIGN (0x4)

.ARM            0x0800d0c4        0x8
                0x0800d0c4                        . = ALIGN (0x4)
                0x0800d0c4                        __exidx_start = .
 *(.ARM.exidx*)
 .ARM.exidx     0x0800d0c4        0x8 C:/ST/STM32CubeIDE_1.19.0/STM32CubeIDE/plugins/com.st.stm32cube.ide.mcu.externaltools.gnu-tools-for-stm32.13.3.rel1.win32_1.0.0.202411081344/tools/bin/../lib/gcc/arm-none-eabi/13.3.1/../../../../arm-none-eabi/lib/thumb/v7e-m+fp/hard\libc_nano.a(libc_a-memchr.o)
 .ARM.exidx     0x0800d0cc        0x0 C:/ST/STM32CubeIDE_1.19.0/STM32CubeIDE/plugins/com.st.stm32cube.ide.mcu.externaltools.gnu-tools-for-stm32.13.3.rel1.win32_1.0.0.202411081344/tools/bin/../lib/gcc/arm-none-eabi/13.3.1/../../../../arm-none-eabi/lib/thumb/v7e-m+fp/hard\libc_nano.a(libc_a-strlen.o)
                                  0x8 (size before relaxing)
 .ARM.exidx     0x0800d0cc        0x0 C:/ST/STM32CubeIDE_1.19.0/STM32CubeIDE/plugins/com.st.stm32cube.ide.mcu.externaltools.gnu-tools-for-stm32.13.3.rel1.win32_1.0.0.202411081344/tools/bin/../lib/gcc/arm-none-eabi/13.3.1/thumb/v7e-m+fp/hard\libgcc.a(_udivmoddi4.o)
                                  0x8 (size before relaxing)
                0x0800d0cc                        __exidx_end = .
                0x0800d0cc                        . = ALIGN (0x4)

.preinit_array  0x0800d0cc        0x0
                0x0800d0cc                        . = ALIGN (0x4)
                0x0800d0cc                        PROVIDE (__preinit_array_start = .)
 *(.preinit_array*)
                0x0800d0cc                        PROVIDE (__preinit_array_end = .)
                0x0800d0cc                        . = ALIGN (0x4)

.init_array     0x0800d0cc        0x4
                0x0800d0cc                        . = ALIGN (0x4)
                0x0800d0cc                        PROVIDE (__init_array_start = .)
 *(SORT_BY_NAME(.init_array.*))
 *(.init_array*)
 .init_array    0x0800d0cc        0x4 C:/ST/STM32CubeIDE_1.19.0/STM32CubeIDE/plugins/com.st.stm32cube.ide.mcu.externaltools.gnu-tools-for-stm32.13.3.rel1.win32_1.0.0.202411081344/tools/bin/../lib/gcc/arm-none-eabi/13.3.1/thumb/v7e-m+fp/hard/crtbegin.o
                0x0800d0d0                        PROVIDE (__init_array_end = .)
                0x0800d0d0                        . = ALIGN (0x4)

.fini_array     0x0800d0d0        0x4
                0x0800d0d0                        . = ALIGN (0x4)
                [!provide]                        PROVIDE (__fini_array_start = .)
 *(SORT_BY_NAME(.fini_array.*))
 *(.fini_array*)
 .fini_array    0x0800d0d0        0x4 C:/ST/STM32CubeIDE_1.19.0/STM32CubeIDE/plugins/com.st.stm32cube.ide.mcu.externaltools.gnu-tools-for-stm32.13.3.rel1.win32_1.0.0.202411081344/tools/bin/../lib/gcc/arm-none-eabi/13.3.1/thumb/v7e-m+fp/hard/crtbegin.o
                [!provide]                        PROVIDE (__fini_array_end = .)
                0x0800d0d4                        . = ALIGN (0x4)
                0x0800d0d4                        _sidata = LOADADDR (.data)

.rel.dyn        0x0800d0d4        0x0
 .rel.iplt      0x0800d0d4        0x0 C:/ST/STM32CubeIDE_1.19.0/STM32CubeIDE/plugins/com.st.stm32cube.ide.mcu.externaltools.gnu-tools-for-stm32.13.3.rel1.win32_1.0.0.202411081344/tools/bin/../lib/gcc/arm-none-eabi/13.3.1/thumb/v7e-m+fp/hard/crtbegin.o

.data           0x20040000      0x1dc load address 0x0800d0d4
                0x20040000                        . = ALIGN (0x4)
                0x20040000                        _sdata = .
 *(.data)
 *(.data*)
 .data.current_bgm_folder
                0x20040000        0x1 ./Core/Src/mp3_control.o
 .data.current_bgm_file
                0x20040001        0x1 ./Core/Src/mp3_control.o
 *fill*         0x20040002        0x2 
 .data.SystemCoreClock
                0x20040004        0x4 ./Core/Src/system_stm32l4xx.o
                0x20040004                SystemCoreClock
 .data.last_acc_z1
                0x20040008        0x2 ./Core/Src/wii_nunchuk.o
 .data.last_acc_z2
                0x2004000a        0x2 ./Core/Src/wii_nunchuk.o
 .data.uwTickPrio
                0x2004000c        0x4 ./Drivers/STM32L4xx_HAL_Driver/Src/stm32l4xx_hal.o
                0x2004000c                uwTickPrio
 .data.uwTickFreq
                0x20040010        0x1 ./Drivers/STM32L4xx_HAL_Driver/Src/stm32l4xx_hal.o
                0x20040010                uwTickFreq
 *fill*         0x20040011        0x3 
 .data.__sglue  0x20040014        0xc C:/ST/STM32CubeIDE_1.19.0/STM32CubeIDE/plugins/com.st.stm32cube.ide.mcu.externaltools.gnu-tools-for-stm32.13.3.rel1.win32_1.0.0.202411081344/tools/bin/../lib/gcc/arm-none-eabi/13.3.1/../../../../arm-none-eabi/lib/thumb/v7e-m+fp/hard\libc_nano.a(libc_a-findfp.o)